01-22 15:03:47.380 E/gefo-browser( 3939): pVHv@https://tvlookbackpanel.taipan.fja.bcs.ottcn.com/watchTV2.0/watchTV8.0/js/vendors.b8d571fef7fa05d48802.js:1
01-22 15:03:47.380 E/gefo-browser( 3939): l@https://tvlookbackpanel.taipan.fja.bcs.ottcn.com/watchTV2.0/watchTV8.0/js/runtime.7bce8fd27b53b8e4251a.js:1
01-22 15:03:47.380 E/gefo-browser( 3939): J712@https://tvlookbackpanel.taipan.fja.bcs.ottcn.com/watchTV2.0/watchTV8.0/js/vendors.b8d571fef7fa05d48802.js:1
01-22 15:03:47.380 E/gefo-browser( 3939): l@https://tvlookbackpanel.taipan.fja.bcs.ottcn.com/watchTV2.0/watchTV8.0/js/runtime.7bce8fd27b53b8e4251a.js:1
01-22 15:03:47.380 E/gefo-browser( 3939): /Gw5@https://tvlookbackpanel.taipan.fja.bcs.ottcn.com/watchTV2.0/watchTV8.0/js/vendors.b8d571fef7fa05d48802.js:1
01-22 15:03:47.380 E/gefo-browser( 3939): l@https://tvlookbackpanel.taipan.fja.bcs.ottcn.com/watchTV2.0/watchTV8.0/js/runtime.7bce8fd27b53b8e4251a.js:1
01-22 15:03:47.380 E/gefo-browser( 3939): 7Gle@https://tvlookbackpanel.taipan.fja.bcs.ottcn.com/watchTV2.0/watchTV8.0/js/vendors.b8d571fef7fa05d48802.js:1
01-22 15:03:47.380 E/gefo-browser( 3939): l@https://tvlook
01-22 15:03:47.415 I/gefo-plugin( 3939): hasProperty:getParameter
01-22 15:03:47.415 I/gefo-plugin( 3939): hasMethod:getParameter
01-22 15:03:47.415 I/gefo-plugin( 3939): invoke:getParameter
01-22 15:03:47.415 I/gefo-plugin( 3939): invokeJavaFunGetParameter:../../plugins/widgetmanager/callJava.cpp
01-22 15:03:47.415 I/gefo-plugin( 3939): invokeJavaFunGetParameter:0x85e9f004,0x8a07f1fc
01-22 15:03:47.417 D/AuthenticationProvider( 3601): [20240122150347416][net.sunniwell.app.provider.AuthenticationProvider][query][2884]:the code is...=11 
01-22 15:03:47.419 I/gefo-plugin( 3939): getParameter:cmdcotttest3
01-22 15:03:47.419 I/gefo-plugin( 3939): hasProperty:getParameter
01-22 15:03:47.419 I/gefo-plugin( 3939): hasMethod:getParameter
01-22 15:03:47.419 I/gefo-plugin( 3939): invoke:getParameter
01-22 15:03:47.419 I/gefo-plugin( 3939): invokeJavaFunGetParameter:../../plugins/widgetmanager/callJava.cpp
01-22 15:03:47.419 I/gefo-plugin( 3939): invokeJavaFunGetParameter:0x85e9f004,0x8a07f1fc
01-22 15:03:47.419 I/gefo-plugin( 3939): getParameter:019872002530578
01-22 15:03:47.420 W/ServiceManagement( 2987): Waited one second for android.hardware.drm@1.0::IDrmFactory/default. Waiting another...
01-22 15:03:47.420 I/gefo-plugin( 3939): hasProperty:getParameter
01-22 15:03:47.420 I/gefo-plugin( 3939): hasMethod:getParameter
01-22 15:03:47.420 I/gefo-plugin( 3939): invoke:getParameter
01-22 15:03:47.420 I/gefo-plugin( 3939): invokeJavaFunGetParameter:../../plugins/widgetmanager/callJava.cpp
01-22 15:03:47.420 I/gefo-plugin( 3939): invokeJavaFunGetParameter:0x85e9f004,0x8a07f1fc
01-22 15:03:47.421 I/gefo-plugin( 3939): getParameter:48:e5:33:29:db:10
01-22 15:03:47.421 I/gefo-plugin( 3939): hasProperty:getParameter
01-22 15:03:47.421 I/gefo-plugin( 3939): hasMethod:getParameter
01-22 15:03:47.421 I/gefo-plugin( 3939): invoke:getParameter
01-22 15:03:47.421 I/gefo-plugin( 3939): invokeJavaFunGetParameter:../../plugins/widgetmanager/callJava.cpp
01-22 15:03:47.421 I/gefo-plugin( 3939): invokeJavaFunGetParameter:0x85e9f004,0x8a07f1fc
01-22 15:03:47.423 D/AuthenticationProvider( 3601): [20240122150347423][net.sunniwell.app.provider.AuthenticationProvider][query][2884]:the code is...=12 
01-22 15:03:47.425 I/gefo-plugin( 3939): getParameter:HD8ATHD8AT0zOTwdTqD9dXZjJbvmte8C
01-22 15:03:47.426 I/gefo-plugin( 3939): hasProperty:getParameter
01-22 15:03:47.426 I/gefo-plugin( 3939): hasMethod:getParameter
01-22 15:03:47.426 I/gefo-plugin( 3939): invoke:getParameter
01-22 15:03:47.426 I/gefo-plugin( 3939): invokeJavaFunGetParameter:../../plugins/widgetmanager/callJava.cpp
01-22 15:03:47.426 I/gefo-plugin( 3939): invokeJavaFunGetParameter:0x85e9f004,0x8a07f1fc
01-22 15:03:47.426 I/gefo-plugin( 3939): getParameter:1
01-22 15:03:47.440 I/gefo-browser( 3939): ***WebViewPrivate::handleLocalHost: 763 url:http://127.0.0.1:8200/Interface.mfg?Cmd=IGetValue&Key=BMTogether&t=1705907027437
01-22 15:03:47.440 I/gefo-browser( 3939): ***WebViewPrivate::handleLocalHost: before 0x8a07f26c url:http://127.0.0.1:8200/Interface.mfg?Cmd=IGetValue&Key=BMTogether&t=1705907027437
01-22 15:03:47.442 I/gefo-browser( 3939): ***WebViewPrivate::handleLocalHost: after 190 data:{"head":"119208237^","uid":"119208237","together":[{"oprUids":"119208237","serviceAddr":"http:\/\/seen.t.taipan.fja.bcs.ottcn.com"}],"apkVersion":"V9.0.3.8.YP_FJ.22.12.09","loginAccount":""}
01-22 15:03:47.457 I/gefo-browser( 3939): [log][xxx====getUid1:string]
01-22 15:03:47.460 I/gefo-browser( 3939): [log][xxx====getUid:"{\"head\":\"119208237^\",\"uid\":\"119208237\",\"together\":[{\"oprUids\":\"119208237\",\"serviceAddr\":\"http:\\/\\/seen.t.taipan.fja.bcs.ottcn.com\"}],\"apkVersion\":\"V9.0.3.8.YP_FJ.22.12.09\",\"loginAccount\":\"\"}"]
01-22 15:03:47.460 I/gefo-browser( 3939): [log][xxx====getUid:"119208237"]
01-22 15:03:47.462 I/gefo-plugin( 3939): hasProperty:getParameter
01-22 15:03:47.462 I/gefo-plugin( 3939): hasMethod:getParameter
01-22 15:03:47.462 I/gefo-plugin( 3939): invoke:getParameter
01-22 15:03:47.462 I/gefo-plugin( 3939): invokeJavaFunGetParameter:../../plugins/widgetmanager/callJava.cpp
01-22 15:03:47.463 I/gefo-plugin( 3939): invokeJavaFunGetParameter:0x85e9f004,0x8a07f1fc
01-22 15:03:47.465 I/gefo-plugin( 3939): getParameter:192.168.1.15
01-22 15:03:47.465 I/gefo-browser( 3939): [log][xxx====apkwindow.userInfo:{"custId":"cmdcotttest3","deviceId":"019872002530578","mac":"48:E5:33:29:DB:10","spToken":"HD8ATHD8AT0zOTwdTqD9dXZjJbvmte8C","uid":"119208237","templateId":"0590","DOMAIN_SEEN":"http://seen.t.taipan.fja.bcs.ottcn.com/box_api/","stbIp":"192.168.1.15","deviceGroupId":""}]
01-22 15:03:47.469 I/gefo-browser( 3939): ***WebViewPrivate::handleLocalHost: 763 url:http://127.0.0.1:8070/Interface.mfg?Cmd=IGetTMSServerUrl&Srv=BIMS_ABILITY_STRING&t=1705907027469
01-22 15:03:47.469 I/gefo-browser( 3939): ***WebViewPrivate::handleLocalHost: before 0x8a07f26c url:http://127.0.0.1:8070/Interface.mfg?Cmd=IGetTMSServerUrl&Srv=BIMS_ABILITY_STRING&t=1705907027469
01-22 15:03:47.470 I/gefo-browser( 3939): ***WebViewPrivate::handleLocalHost: after 343 data:%7B%22abilities%22%3A%5B%22Playable-YOUKU%7CPlayable-IQIYI%7CDL-3rd%22%2C%224K-1%7CtimeShift%7CNxM%22%2C%224K-1%7Ccp-TENCENT%22%5D%2C%22businessGroupIds%22%3A%5B%5D%2C%22deviceGroupIds%22%3A%5B%222081%22%5D%2C%22districtCode%22%3A%22350000%22%2C%22labelIds%22%3A%5B%5D%2C%22userGroupIds%22%3A%5B%22350000%22%5D%2C%22userLabelIds%22%3A%5B%5D%7D
01-22 15:03:47.472 I/gefo-browser( 3939): [log][serviceApi index.js abilityString1=%7B%22abilities%22%3A%5B%22Playable-YOUKU%7CPlayable-IQIYI%7CDL-3rd%22%2C%224K-1%7CtimeShift%7CNxM%22%2C%224K-1%7Ccp-TENCENT%22%5D%2C%22businessGroupIds%22%3A%5B%5D%2C%22deviceGroupIds%22%3A%5B%222081%22%5D%2C%22districtCode%22%3A%22350000%22%2C%22labelIds%22%3A%5B%5D%2C%22userGroupIds%22%3A%5B%22350000%22%5D%2C%22userLabelIds%22%3A%5B%5D%7D]
01-22 15:03:47.473 I/gefo-browser( 3939): [log][serviceApi index.js abilityStringCode=[object Object]]
01-22 15:03:47.473 I/gefo-browser( 3939): [log][serviceApi index.js judgeBoxSupportTimeShift abilityString.abilities=["Playable-YOUKU|Playable-IQIYI|DL-3rd","4K-1|timeShift|NxM","4K-1|cp-TENCENT"]]
01-22 15:03:47.473 I/gefo-browser( 3939): [log][serviceApi index.js judgeBoxSupportTimeShift isSupportTimeShiftHLS=true]
01-22 15:03:47.473 I/gefo-browser( 3939): [log][xxx====abilityString sucess:%7B%22abilities%22%3A%5B%22Playable-YOUKU%7CPlayable-IQIYI%7CDL-3rd%22%2C%224K-1%7CtimeShift%7CNxM%22%2C%224K-1%7Ccp-TENCENT%22%5D%2C%22businessGroupIds%22%3A%5B%5D%2C%22deviceGroupIds%22%3A%5B%222081%22%5D%2C%22districtCode%22%3A%22350000%22%2C%22labelIds%22%3A%5B%5D%2C%22userGroupIds%22%3A%5B%22350000%22%5D%2C%22userLabelIds%22%3A%5B%5D%7D]
01-22 15:03:47.478 E/gefo-browser( 3939): lastIndexOf@[native code]
01-22 15:03:47.478 E/gefo-browser( 3939): @https://tvlookbackpanel.taipan.fja.bcs.ottcn.com/watchTV2.0/watchTV8.0/js/vendors.b8d571fef7fa05d48802.js:1
01-22 15:03:47.478 E/gefo-browser( 3939): exports@https://tvlookbackpanel.taipan.fja.bcs.ottcn.com/watchTV2.0/watchTV8.0/js/vendors.b8d571fef7fa05d48802.js:1
01-22 15:03:47.478 E/gefo-browser( 3939): exports@https://tvlookbackpanel.taipan.fja.bcs.ottcn.com/watchTV2.0/watchTV8.0/js/vendors.b8d571fef7fa05d48802.js:1
01-22 15:03:47.478 E/gefo-browser( 3939): hVCs@https://tvlookbackpanel.taipan.fja.bcs.ottcn.com/watchTV2.0/watchTV8.0/js/vendors.b8d571fef7fa05d48802.js:1
01-22 15:03:47.478 E/gefo-browser( 3939): l@https://tvlookbackpanel.taipan.fja.bcs.ottcn.com/watchTV2.0/watchTV8.0/js/runtime.7bce8fd27b53b8e4251a.js:1
01-22 15:03:47.478 E/gefo-browser( 3939): OG05@https://tvlookbackpanel.taipan.fja.bcs.ottcn.com/watchTV2.0/watchTV8.0/js/vendors.b8d571fef7fa05d48802.js:1
01-22 15:03:47.478 E/gefo-browser( 3939): l@https://tvlookbackpanel.taipan.fja.bcs.ottcn.com/watchTV2.0/watchTV8.0/js/runtime.7bce8fd27b53b8e4251a.js:1
01-22 15:03:47.478 E/gefo-browser( 3939): xcSo@https://tvlookbackpanel.taipan.fja.bcs.ottcn.com/watchTV2.0/watchTV8.0/js/vendors.b8d571fef7fa05d48802.js:1
01-22 15:03:47.478 E/gefo-browser( 3939): l@https://tvlookbackpanel.taipan.fja.bcs.ottcn.com/watchTV2.0/watchTV8.0/js/runtime.7bce8fd27b53b
01-22 15:03:47.478 E/gefo-browser( 3939): Err:'null' is not an object[1]https://tvlookbackpanel.taipan.fja.bcs.ottcn.com/watchTV2.0/watchTV8.0/js/vendors.b8d571fef7fa05d48802.js
01-22 15:03:47.478 E/gefo-browser( 3939): @https://tvlookbackpanel.taipan.fja.bcs.ottcn.com/watchTV2.0/watchTV8.0/js/vendors.b8d571fef7fa05d48802.js:1
01-22 15:03:47.478 E/gefo-browser( 3939): exports@https://tvlookbackpanel.taipan.fja.bcs.ottcn.com/watchTV2.0/watchTV8.0/js/vendors.b8d571fef7fa05d48802.js:1
01-22 15:03:47.478 E/gefo-browser( 3939): exports@https://tvlookbackpanel.taipan.fja.bcs.ottcn.com/watchTV2.0/watchTV8.0/js/vendors.b8d571fef7fa05d48802.js:1
01-22 15:03:47.478 E/gefo-browser( 3939): hVCs@https://tvlookbackpanel.taipan.fja.bcs.ottcn.com/watchTV2.0/watchTV8.0/js/vendors.b8d571fef7fa05d48802.js:1
01-22 15:03:47.478 E/gefo-browser( 3939): l@https://tvlookbackpanel.taipan.fja.bcs.ottcn.com/watchTV2.0/watchTV8.0/js/runtime.7bce8fd27b53b8e4251a.js:1
01-22 15:03:47.478 E/gefo-browser( 3939): OG05@https://tvlookbackpanel.taipan.fja.bcs.ottcn.com/watchTV2.0/watchTV8.0/js/vendors.b8d571fef7fa05d48802.js:1
01-22 15:03:47.478 E/gefo-browser( 3939): l@https://tvlookbackpanel.taipan.fja.bcs.ottcn.com/watchTV2.0/watchTV8.0/js/runtime.7bce8fd27b53b8e4251a.js:1
01-22 15:03:47.478 E/gefo-browser( 3939): xcSo@https://tvlookbackpanel.taipan.fja.bcs.ottcn.com/watchTV2.0/watchTV8.0/js/vendors.b8d571fef7fa05d48802.js:1
01-22 15:03:47.478 E/gefo-browser( 3939): l@https://tvlookbackpanel.taipan.fja.bcs.ottcn.com/watchTV2.0/watchTV8.0/js/runtime.7bce8fd27b53b8e4251a.js:1
01-22 15:03:47.478 E/gefo-browser( 3939): 0X2M@https://
01-22 15:03:47.504 I/gefo-browser( 3939): [log][init...getBimsFACADE...DOMAIN_SEEN...http://seen.t.taipan.fja.bcs.ottcn.com/box_api/]
01-22 15:03:47.506 I/gefo-browser( 3939): [log][index_entry index.js redirectUrl:]
01-22 15:03:47.509 D/pcapcmcc4( 4299): send_tcp_data_to_server_new: 2
01-22 15:03:47.509 D/pcapcmcc4( 4299): --- Send session --- Addr(1, 2409:8a34:163:fd80:4ae5:33ff:fe29:db10 ~ 2409:8087:3408:20:6040::f9aa) 
01-22 15:03:47.509 D/pcapcmcc4( 4299):  	 HTTPDATA:2409:8a34:163:fd80:4ae5:33ff:fe29:db10#53632#2409:8087:3408:20:6040::f9aa#8080#2014726#2014726#2014726#2063357#2014726#2014730#2063357#1065#4#0#17820#6144#3#0#watchtv.fja.bcs.ottcn.com:8080#/cms-lvp-epg/lvps/channelList?abilityString=%257B%2522abilities%2522%253A%255B%2522Playable-YOUKU%257CPlayable-IQIYI%257CDL-3rd%2522%252C%25224K-1%257CtimeShift%257CNxM%2522%252C%25224K-1%257Ccp-TENCENT%2522%255D%252C%2522businessGroupIds%2522%253A%255B%255D%252C%2522deviceGroupIds%2522%253A%255B%25222081%2522%255D%252C%2522districtCode%2522%253A%2522350000%2522%252C%2522labelIds%2522%253A%255B%255D%252C%2522userGroupIds%2522%253A%255B%2522350000%2522%255D%252C%2522userLabelIds%2522%253A%255B%255D%257D&assortId=3&actionType=OpenNew&isShowNewProgram=true&t=1705906978872#200#7#0#0#2#123456#114224#99264#0#0#0#1#(null)##1#0#
01-22 15:03:47.509 D/pcapcmcc4( 4299): 
01-22 15:03:47.509 D/pcapcmcc4( 4299): new next_http_get_seq = 0
01-22 15:03:47.509 D/pcapcmcc4( 4299): reset pkg_num!
01-22 15:03:47.513 I/gefo-browser( 3939): [log][ajax-begin:http://watchtv.fja.bcs.ottcn.com:8080/cms-lvp-epg/epg/getServerTime.shtml]
01-22 15:03:47.519 I/gefo-browser( 3939): [log][WEB_WATCHTV2.0_fj_V3.1_D20231010 :10/20/2023, 6:03:55 PM]
01-22 15:03:47.524 I/gefo-browser( 3939): WebViewPrivate::repaint rect.isEmpty
01-22 15:03:47.524 I/gefo-browser( 3939): WebViewPrivate::sendExposeEvent rect:0,0,1280,720
01-22 15:03:47.526 I/gefo-browser( 3939): [log][xxx====getAllConfigs sucess]
01-22 15:03:47.529 I/gefo-browser( 3939): [log][ajax-end:http://watchtv.fja.bcs.ottcn.com:8080/cms-lvp-epg/epg/getServerTime.shtml]
01-22 15:03:47.529 D/pcapcmcc4( 4299): send_tcp_data_to_server_new: 2
01-22 15:03:47.530 D/pcapcmcc4( 4299): --- Send session --- Addr(1, 2409:8a34:163:fd80:4ae5:33ff:fe29:db10 ~ 2409:8087:3408:20:6040::f9aa) 
01-22 15:03:47.530 D/pcapcmcc4( 4299):  	 HTTPDATA:2409:8a34:163:fd80:4ae5:33ff:fe29:db10#53632#2409:8087:3408:20:6040::f9aa#8080#2063358#2063358#2063358#2063370#2063358#2063361#2063370#487#2#0#1672#1746#1#0#watchtv.fja.bcs.ottcn.com:8080#/cms-lvp-epg/lvps/getAllConfigs?abilityString=%257B%2522abilities%2522%253A%255B%2522Playable-YOUKU%257CPlayable-IQIYI%257CDL-3rd%2522%252C%25224K-1%257CtimeShift%257CNxM%2522%252C%25224K-1%257Ccp-TENCENT%2522%255D%252C%2522businessGroupIds%2522%253A%255B%255D%252C%2522deviceGroupIds%2522%253A%255B%25222081%2522%255D%252C%2522districtCode%2522%253A%2522350000%2522%252C%2522labelIds%2522%253A%255B%255D%252C%2522userGroupIds%2522%253A%255B%2522350000%2522%255D%252C%2522userLabelIds%2522%253A%255B%255D%257D&t=1705907027503#200#3#0#0#2#126784#126784#126784#0#0#0#1#(null)##1#0#
01-22 15:03:47.530 D/pcapcmcc4( 4299): 
01-22 15:03:47.530 D/pcapcmcc4( 4299): new next_http_get_seq = 0
01-22 15:03:47.541 I/gefo-browser( 3939): WebViewPrivate::updateView rect:0,0,1280,720
01-22 15:03:47.546 D/Analytics.UTTracker.send( 3939): [] sw_plugin:0
01-22 15:03:47.558 I/gefo-browser( 3939): [log][xxx====set window.serverTime:1705906937]
01-22 15:03:47.560 I/gefo-browser( 3939): [log][xxx===serviceApi _serverTimeInterval: 307881]
01-22 15:03:47.564 I/gefo-browser( 3939): [log][xxx=== getLocalWatchTime localWatchTime=[object Object]+ "--- tempServer : " 20240122]
01-22 15:03:47.567 I/gefo-browser( 3939): [log][xxx===pageFunc loadHtml path:./epg_fj.html?templateId=0590&userId=119208237&source=4&fromChannel=panel&panelId=1172198374393249792&UserID=cmdcotttest3&UserToken=HD8ATHD8AT0zOTwdTqD9dXZjJbvmte8C]
01-22 15:03:47.568 W/ServiceManagement( 2987): Waited one second for android.hardware.drm@1.0::IDrmFactory/default. Waiting another...
01-22 15:03:47.570 D/pcapcmcc4( 4299): reset pkg_num!
01-22 15:03:47.571 I/gefo-browser( 3939): WebViewPrivate::sendExposeEvent rect:0,0,1280,720
01-22 15:03:47.574 I/gefo-browser( 3939): WebViewPrivate::updateView rect:0,0,1280,720
01-22 15:03:47.590 I/gefo-browser( 3939): [log][xxx===pageFunc loadHtml $.get success]
01-22 15:03:47.631 I/gefo-browser( 3939): WebViewPrivate::sendExposeEvent rect:0,0,1280,720
01-22 15:03:47.636 I/gefo-browser( 3939): [log][xxx===epg_fj addFocusListenersonJumpError]
01-22 15:03:47.672 I/gefo-browser( 3939): [log][ajax-begin:http://watchtv.fja.bcs.ottcn.com:8080/cms-lvp-epg/lvps/getOpenNewAssortment]
01-22 15:03:47.675 I/gefo-browser( 3939): [log][???===111]
01-22 15:03:47.677 I/gefo-browser( 3939): [log][ajax-begin:http://ndmsapi.taipan.fja.bcs.ottcn.com:8082/ndms-api/v2/category]
01-22 15:03:47.679 I/gefo-browser( 3939): [log][???===111]
01-22 15:03:47.681 I/gefo-curl( 3939): getaddrinfo ndmsapi.taipan.fja.bcs.ottcn.com 8082
01-22 15:03:47.681 I/gefo-browser( 3939): WebViewPrivate::sendExposeEvent rect:1054,41,151,36
01-22 15:03:47.681 D/pcapcmcc4( 4299): send_tcp_data_to_server_new: 2
01-22 15:03:47.682 D/pcapcmcc4( 4299): --- Send session --- Addr(1, 2409:8a34:163:fd80:4ae5:33ff:fe29:db10 ~ 2409:8087:3408:20:6040::f9aa) 
01-22 15:03:47.682 D/pcapcmcc4( 4299):  	 HTTPDATA:2409:8a34:163:fd80:4ae5:33ff:fe29:db10#53632#2409:8087:3408:20:6040::f9aa#8080#2063370#2063370#2063370#2063416#2063370#2063373#2063416#74#1#0#254#328#1#0#watchtv.fja.bcs.ottcn.com:8080#/cms-lvp-epg/epg/getServerTime.shtml?t=1705907027515#200#2#0#0#2#129664#129664#129664#0#0#0#1#(null)##1#0#
01-22 15:03:47.682 D/pcapcmcc4( 4299): 
01-22 15:03:47.682 D/pcapcmcc4( 4299): reset pkg_num!
01-22 15:03:47.685 I/gefo-browser( 3939): WebViewPrivate::updateView rect:0,1,1280,720
01-22 15:03:47.686 I/gefo-browser( 3939): SendBrowserEvent action[refresh]ua[gefo8(ysten) v05b]url[(null)]
01-22 15:03:47.692 D/pcapcmcc4( 4299): dns log: DNS@1@192.168.1.15#40709#211.138.151.161#53#2063538#2063542#ndmsapi.taipan.fja.bcs.ottcn.com#1#2409:8087:3408:20:6040::f9ab#28#1#
01-22 15:03:47.692 D/pcapcmcc4( 4299): 
01-22 15:03:47.695 I/gefo-curl( 3939): fam 10, CNAME <none>, 2409:8087:3408:20:6040::f9ab
01-22 15:03:47.695 I/gefo-curl( 3939): fam  2, CNAME <none>, 112.50.249.171
01-22 15:03:47.695 I/gefo-curl( 3939): getaddrinfo ndmsapi.taipan.fja.bcs.ottcn.com 8082 2
01-22 15:03:47.697 I/gefo-curl( 3939): ndmsapi.taipan.fja.bcs.ottcn.com 2 4992 0 2409:8087:3408:20:6040::f9ab
01-22 15:03:47.700 I/gefo-browser( 3939): [log][ajax-end:http://watchtv.fja.bcs.ottcn.com:8080/cms-lvp-epg/lvps/getOpenNewAssortment]
01-22 15:03:47.703 D/pcapcmcc4( 4299): dns log: DNS@1@192.168.1.15#50740#211.138.151.161#53#2063543#2063547#ndmsapi.taipan.fja.bcs.ottcn.com#1#112.50.249.171#1#1#
01-22 15:03:47.703 D/pcapcmcc4( 4299): 
01-22 15:03:47.703 D/pcapcmcc4( 4299): add_tcp_node_to_list_new:35534 
01-22 15:03:47.703 D/pcapcmcc4( 4299): reset pkg_num!
01-22 15:03:47.736 I/gefo-browser( 3939): WebViewPrivate::updateView rect:0,1,1280,720
01-22 15:03:47.753 I/gefo-browser( 3939): WebViewPrivate::updateView rect:0,1,1280,720
01-22 15:03:47.781 I/gefo-browser( 3939): [log][ajax-end:http://ndmsapi.taipan.fja.bcs.ottcn.com:8082/ndms-api/v2/category]
01-22 15:03:47.788 I/gefo-browser( 3939): [log][HodoopUtils.js logger.info content:{"utype":"0","t":1705907027787,"event_id":"expose","props":{"from":0,"widget_id":"11","categoryid":3},"uid":"119208237"}]
01-22 15:03:47.790 I/gefo-browser( 3939): ***WebViewPrivate::handleLocalHostPost: 734 url:http://127.0.0.1:8087/logup/1/400/log
01-22 15:03:47.792 I/gefo-browser( 3939): ***WebViewPrivate::handleLocalHostPost: before 0x0 url:http://127.0.0.1:8087/logup/1/400/log
01-22 15:03:47.792 I/gefo-browser( 3939): ***http header 47:http://127.0.0.1:8087/logup/1/400/log***Content-Type: application/x-www-form-urlencoded
01-22 15:03:47.794 I/gefo-curl( 3939): 127.0.0.1 1 10000 0 127.0.0.1
01-22 15:03:47.819 I/gefo-browser( 3939): [log][adott  aes key]
01-22 15:03:47.823 I/gefo-browser( 3939): [log][adott.]
01-22 15:03:47.836 I/gefo-browser( 3939): [log][logger.info: success{"utype":"0","t":1705907027787,"event_id":"expose","props":{"from":0,"widget_id":"11","categoryid":3},"uid":"119208237"}>>0]
01-22 15:03:47.840 I/gefo-browser( 3939): WebViewPrivate::sendExposeEvent rect:75,185,1130,4
01-22 15:03:47.846 I/gefo-browser( 3939): [log][epg_fj index.js itemOffsetLeft:171]
01-22 15:03:47.847 I/gefo-browser( 3939): [log][xxx====navigationFocus]
01-22 15:03:47.876 I/gefo-browser( 3939): [log][epg_fj index.js navigationFocus catgId:3]
01-22 15:03:47.881 I/gefo-browser( 3939): [log][HodoopUtils.js logger.info content:{"utype":"0","t":1705907027881,"event_id":"click","props":{"widget_id":"11.2","categoryid":"3"},"uid":"119208237"}]
01-22 15:03:47.882 I/gefo-browser( 3939): ***WebViewPrivate::handleLocalHostPost: 734 url:http://127.0.0.1:8087/logup/1/400/log
01-22 15:03:47.882 I/gefo-browser( 3939): ***WebViewPrivate::handleLocalHostPost: before 0x0 url:http://127.0.0.1:8087/logup/1/400/log
01-22 15:03:47.882 I/gefo-browser( 3939): ***http header 47:http://127.0.0.1:8087/logup/1/400/log***Content-Type: application/x-www-form-urlencoded
01-22 15:03:47.883 I/gefo-browser( 3939): WebViewPrivate::sendExposeEvent rect:75,672,1150,31
01-22 15:03:47.884 I/gefo-curl( 3939): 127.0.0.1 1 10000 0 127.0.0.1
01-22 15:03:47.888 I/gefo-browser( 3939): WebViewPrivate::updateView rect:0,1,1235,720
01-22 15:03:47.906 I/gefo-browser( 3939): [log][logger.info: success{"utype":"0","t":1705907027881,"event_id":"click","props":{"widget_id":"11.2","categoryid":"3"},"uid":"119208237"}>>0]
01-22 15:03:47.983 D/IpNeighborMonitor( 3073): NeighborEvent{@2063836,RTM_NEWNEIGH,if=2,192.168.1.11,NUD_STALE,[74:5d:22:a8:35:9f]}
01-22 15:03:47.983 D/IpNeighborMonitor( 3073): NeighborEvent{@2063836,RTM_NEWNEIGH,if=2,192.168.1.11,NUD_STALE,[74:5d:22:a8:35:9f]}
01-22 15:03:47.983 W/IpClient.eth0( 3073): [IpReachabilityMonitor] WARN !mNeighborWatchList.containsKey(event.ip)
01-22 15:03:47.983 W/Ipv6Client.eth0( 3073): [IpReachabilityMonitor] WARN !mNeighborWatchList.containsKey(event.ip)
01-22 15:03:47.983 W/IpClient.eth0( 3073): [IpReachabilityMonitor] WARN mNeighborWatchList:{/192.168.1.1=NeighborEvent{@1925084,RTM_NEWNEIGH,if=2,192.168.1.1,NUD_REACHABLE,[78:10:53:4b:99:09]}}
01-22 15:03:47.983 W/Ipv6Client.eth0( 3073): [IpReachabilityMonitor] WARN mNeighborWatchList:{/fe80::1=NeighborEvent{@2041053,RTM_NEWNEIGH,if=2,fe80::1,NUD_REACHABLE,[78:10:53:4b:99:09]}}
01-22 15:03:47.984 W/IpClient.eth0( 3073): [IpReachabilityMonitor] WARN event.ip:/192.168.1.11
01-22 15:03:47.984 W/Ipv6Client.eth0( 3073): [IpReachabilityMonitor] WARN event.ip:/192.168.1.11
01-22 15:03:47.984 D/IpNeighborMonitor( 3073): NeighborEvent{@2063837,RTM_NEWNEIGH,if=2,192.168.1.79,NUD_FAILED,[null]}
01-22 15:03:47.984 D/IpNeighborMonitor( 3073): NeighborEvent{@2063837,RTM_NEWNEIGH,if=2,192.168.1.79,NUD_FAILED,[null]}
01-22 15:03:47.984 W/IpClient.eth0( 3073): [IpReachabilityMonitor] WARN !mNeighborWatchList.containsKey(event.ip)
01-22 15:03:47.984 W/Ipv6Client.eth0( 3073): [IpReachabilityMonitor] WARN !mNeighborWatchList.containsKey(event.ip)
01-22 15:03:47.984 W/IpClient.eth0( 3073): [IpReachabilityMonitor] WARN mNeighborWatchList:{/192.168.1.1=NeighborEvent{@1925084,RTM_NEWNEIGH,if=2,192.168.1.1,NUD_REACHABLE,[78:10:53:4b:99:09]}}
01-22 15:03:47.984 W/Ipv6Client.eth0( 3073): [IpReachabilityMonitor] WARN mNeighborWatchList:{/fe80::1=NeighborEvent{@2041053,RTM_NEWNEIGH,if=2,fe80::1,NUD_REACHABLE,[78:10:53:4b:99:09]}}
01-22 15:03:47.984 W/IpClient.eth0( 3073): [IpReachabilityMonitor] WARN event.ip:/192.168.1.79
01-22 15:03:47.984 W/Ipv6Client.eth0( 3073): [IpReachabilityMonitor] WARN event.ip:/192.168.1.79
01-22 15:03:48.126 D/rtk_heartbeat( 2892): heartbeat_timed_out: heartbeatCmdCount = 2050, expected nextSeqNum = 2050
01-22 15:03:48.127 D/rtk_heartbeat( 2892): rtkbt_heartbeat_cmpl_cback: Current SeqNum = 2050,should SeqNum=2050, status = 0
01-22 15:03:48.421 W/ServiceManagement( 2987): Waited one second for android.hardware.drm@1.0::IDrmFactory/default. Waiting another...
01-22 15:03:48.489 I/gefo-browser( 3939): [log][epg_vod index.js getNewList]
01-22 15:03:48.506 I/gefo-browser( 3939): [log][epg_vod index.js intervalGetNewList params:{"assortId":"3","actionType":"OpenNew","isShowNewProgram":true}]
01-22 15:03:48.514 I/gefo-browser( 3939): [log][ajax-begin:http://watchtv.fja.bcs.ottcn.com:8080/cms-lvp-epg/lvps/channelList]
01-22 15:03:48.519 I/gefo-browser( 3939): [log][???===111]
01-22 15:03:48.532 D/pcapcmcc4( 4299): send_tcp_data_to_server_new: 2
01-22 15:03:48.532 D/pcapcmcc4( 4299): --- Send session --- Addr(1, 2409:8a34:163:fd80:4ae5:33ff:fe29:db10 ~ 2409:8087:3408:20:6040::f9aa) 
01-22 15:03:48.532 D/pcapcmcc4( 4299):  	 HTTPDATA:2409:8a34:163:fd80:4ae5:33ff:fe29:db10#53632#2409:8087:3408:20:6040::f9aa#8080#2063529#2063529#2063529#2064374#2063529#2063533#2064374#1860#3#0#679#753#1#0#watchtv.fja.bcs.ottcn.com:8080#/cms-lvp-epg/lvps/getOpenNewAssortment?abilityString=%257B%2522abilities%2522%253A%255B%2522Playable-YOUKU%257CPlayable-IQIYI%257CDL-3rd%2522%252C%25224K-1%257CtimeShift%257CNxM%2522%252C%25224K-1%257Ccp-TENCENT%2522%255D%252C%2522businessGroupIds%2522%253A%255B%255D%252C%2522deviceGroupIds%2522%253A%255B%25222081%2522%255D%252C%2522districtCode%2522%253A%2522350000%2522%252C%2522labelIds%2522%253A%255B%255D%252C%2522userGroupIds%2522%253A%255B%2522350000%2522%255D%252C%2522userLabelIds%2522%253A%255B%255D%257D&t=1705907027674#200#4#0#0#2#132480#131541#129664#0#0#0#1#(null)##1#0#
01-22 15:03:48.532 D/pcapcmcc4( 4299): 
01-22 15:03:48.532 D/pcapcmcc4( 4299): new next_http_get_seq = 0
01-22 15:03:48.532 D/pcapcmcc4( 4299): reset pkg_num!
01-22 15:03:48.546 I/gefo-browser( 3939): [log][ajax-end:http://watchtv.fja.bcs.ottcn.com:8080/cms-lvp-epg/lvps/channelList]
01-22 15:03:48.551 I/gefo-browser( 3939): [log][getChannelList...1]
01-22 15:03:48.552 I/gefo-browser( 3939): [log][getChannelList...]
01-22 15:03:48.554 I/gefo-browser( 3939): [log][updateChannelList.start callback list.length:130]
01-22 15:03:48.559 I/gefo-browser( 3939): WebViewPrivate::sendExposeEvent rect:75,672,1150,31
01-22 15:03:48.568 W/ServiceManagement( 2987): Waited one second for android.hardware.drm@1.0::IDrmFactory/default. Waiting another...
01-22 15:03:48.569 I/tv.icntv.ott( 3939): Note: end time exceeds INT32_MAX: 9223370330947747
01-22 15:03:48.616 I/gefo-browser( 3939): WebViewPrivate::updateView rect:0,1,1255,703
01-22 15:03:48.879 D/CecService( 3536): [checkHdmiStatus][157]: HdmiStatus:;oldHdmiState:;CecAction:;oldCecAction=:;==mIsTimeStart==false 
01-22 15:03:49.126 D/rtk_heartbeat( 2892): heartbeat_timed_out: heartbeatCmdCount = 2051, expected nextSeqNum = 2051
01-22 15:03:49.129 D/rtk_heartbeat( 2892): rtkbt_heartbeat_cmpl_cback: Current SeqNum = 2051,should SeqNum=2051, status = 0
01-22 15:03:49.140 D/DongleIflytekBle( 4580): [126] ble dongle heart beat, next = 5
01-22 15:03:49.140 D/DongleBaseObj( 4580): [126] send to dongle: 
01-22 15:03:49.141 D/DongleBaseObj( 4580): [126] [64 bytes]:01 07 05 00 00 00 00 00 00 00 00 00 00 00 00 00 00 00 00 00 00 00 00 00 00 00 00 00 00 00 00 00 00 00 00 00 00 00 00 00 00 00 00 00 00 00 00 00 00 00 00 00 00 00 00 00 00 00 00 00 00 00 00 00 
01-22 15:03:49.142 D/DongleBaseObj( 4580): [126] write ret = 64
01-22 15:03:49.151 D/pcapcmcc4( 4299): monitor_valid_device_thread: 13, 600, 21371, 0
01-22 15:03:49.159 D/XIRI_driver( 4239): send to xiri: {"cmd":"key","event":1,"keycode":108,"pid":1538,"vid":1046,"devnum":0}
01-22 15:03:49.160 D/WindowManager( 3073): keyCode =20
01-22 15:03:49.160 D/WindowManager( 3073): standbyMode =1
01-22 15:03:49.164 D/WindowManager( 3073): isScreenOn =true,mAllowWakeUpFromStandby==:true, mFalse_standby_status=0
01-22 15:03:49.164 D/WindowManager( 3073): isLockedAllKeys =0
01-22 15:03:49.164 D/WindowManager( 3073): isHandleHomeKey = 1
01-22 15:03:49.164 D/WindowManager( 3073): isHandlePowerKey =1
01-22 15:03:49.164 D/WindowManager( 3073): isHandleSettingKey =1
01-22 15:03:49.164 D/WindowManager( 3073): handleSystemKey =1
01-22 15:03:49.164 D/WindowManager( 3073): interceptKeyTq keycode=20 interactive=true keyguardActive=false policyFlags=22000001
01-22 15:03:49.165 D/WindowManager( 3073): interceptKeyTi keyCode=20 down=true repeatCount=0 keyguardOn=false mHomePressed=false canceled=false
01-22 15:03:49.165 D/WindowManager( 3073): [mobile] send keyevent broadcast=20 repeatCount:0
01-22 15:03:49.165 D/WindowManager( 3073): net.sunniwell.action.IR_TEST  lirphycode = 0x00d2DD22
01-22 15:03:49.167 D/RemoteIME( 3839): keycode: 20, realAction: false
01-22 15:03:49.167 D/KeyTimeoutService( 3536): [lambda$registerReceiver$0$AStandbyService][210]: onKeyDown keyCode:20 
01-22 15:03:49.168 D/KeyTimeoutService( 3536): [checkStandby][62]: KeyTimeoutService isSleep is -1 
01-22 15:03:49.168 D/SWADBService( 4832): [20240122150349167][net.sunniwell.service.platform.service.SWADBService$1][onReceive][75]:========receive action:net.sunniwell.action.KEY_PRESS_DOWN 
01-22 15:03:49.168 I/gefo-browser( 3939): ***GEFO_KEYBOARDEVENT:vkey=40, unicode=0
01-22 15:03:49.168 D/CecService( 3536): [lambda$registerReceiver$0$AStandbyService][210]: onKeyDown keyCode:20 
01-22 15:03:49.169 D/SWADBService( 4832): [20240122150349168][net.sunniwell.service.platform.service.SWADBService][getKeyCommand][318]:================mKeyIndex:0=====:82 
01-22 15:03:49.169 D/PowerKeyShutdownService( 3536): [lambda$registerReceiver$0$AStandbyService][210]: onKeyDown keyCode:20 
01-22 15:03:49.180 I/gefo-browser( 3939): WebViewPrivate::sendExposeEvent rect:153,274,264,35
01-22 15:03:49.190 I/gefo-browser( 3939): WebViewPrivate::updateView rect:37,181,430,166
01-22 15:03:49.338 D/XIRI_driver( 4239): send to xiri: {"cmd":"key","event":0,"keycode":108,"pid":1538,"vid":1046,"devnum":0}
01-22 15:03:49.338 D/WindowManager( 3073): keyCode =20
01-22 15:03:49.338 D/WindowManager( 3073): standbyMode =1
01-22 15:03:49.340 D/WindowManager( 3073): isScreenOn =true,mAllowWakeUpFromStandby==:true, mFalse_standby_status=0
01-22 15:03:49.340 D/WindowManager( 3073): isLockedAllKeys =0
01-22 15:03:49.340 D/WindowManager( 3073): isHandleHomeKey = 1
01-22 15:03:49.340 D/WindowManager( 3073): isHandlePowerKey =1
01-22 15:03:49.340 D/WindowManager( 3073): isHandleSettingKey =1
01-22 15:03:49.340 D/WindowManager( 3073): handleSystemKey =1
01-22 15:03:49.340 D/WindowManager( 3073): interceptKeyTq keycode=20 interactive=true keyguardActive=false policyFlags=22000000
01-22 15:03:49.341 D/WindowManager( 3073): interceptKeyTi keyCode=20 down=false repeatCount=0 keyguardOn=false mHomePressed=false canceled=false
01-22 15:03:49.342 D/RemoteIME( 3839): keycode: 20, realAction: true
01-22 15:03:49.421 W/ServiceManagement( 2987): Waited one second for android.hardware.drm@1.0::IDrmFactory/default. Waiting another...
01-22 15:03:49.478 D/pcapcmcc4( 4299): sleep_time_for_microsencond = 200000
01-22 15:03:49.568 W/ServiceManagement( 2987): Waited one second for android.hardware.drm@1.0::IDrmFactory/default. Waiting another...
01-22 15:03:49.748 D/XIRI_driver( 4239): send to xiri: {"cmd":"key","event":1,"keycode":353,"pid":1538,"vid":1046,"devnum":0}
01-22 15:03:49.749 D/WindowManager( 3073): keyCode =23
01-22 15:03:49.749 D/WindowManager( 3073): standbyMode =1
01-22 15:03:49.751 D/WindowManager( 3073): isScreenOn =true,mAllowWakeUpFromStandby==:true, mFalse_standby_status=0
01-22 15:03:49.751 D/WindowManager( 3073): isLockedAllKeys =0
01-22 15:03:49.751 D/WindowManager( 3073): isHandleHomeKey = 1
01-22 15:03:49.751 D/WindowManager( 3073): isHandlePowerKey =1
01-22 15:03:49.751 D/WindowManager( 3073): isHandleSettingKey =1
01-22 15:03:49.751 D/WindowManager( 3073): handleSystemKey =1
01-22 15:03:49.751 D/WindowManager( 3073): interceptKeyTq keycode=23 interactive=true keyguardActive=false policyFlags=22000001
01-22 15:03:49.752 D/WindowManager( 3073): interceptKeyTi keyCode=23 down=true repeatCount=0 keyguardOn=false mHomePressed=false canceled=false
01-22 15:03:49.752 D/WindowManager( 3073): [mobile] send keyevent broadcast=23 repeatCount:0
01-22 15:03:49.753 D/WindowManager( 3073): net.sunniwell.action.IR_TEST  lirphycode = 0x00ceDD22
01-22 15:03:49.754 D/RemoteIME( 3839): keycode: 23, realAction: false
01-22 15:03:49.754 D/KeyTimeoutService( 3536): [lambda$registerReceiver$0$AStandbyService][210]: onKeyDown keyCode:23 
01-22 15:03:49.755 D/SWADBService( 4832): [20240122150349754][net.sunniwell.service.platform.service.SWADBService$1][onReceive][75]:========receive action:net.sunniwell.action.KEY_PRESS_DOWN 
01-22 15:03:49.755 D/KeyTimeoutService( 3536): [checkStandby][62]: KeyTimeoutService isSleep is -1 
01-22 15:03:49.755 D/CecService( 3536): [lambda$registerReceiver$0$AStandbyService][210]: onKeyDown keyCode:23 
01-22 15:03:49.756 D/SWADBService( 4832): [20240122150349755][net.sunniwell.service.platform.service.SWADBService][getKeyCommand][318]:================mKeyIndex:0=====:82 
01-22 15:03:49.756 D/PowerKeyShutdownService( 3536): [lambda$registerReceiver$0$AStandbyService][210]: onKeyDown keyCode:23 
01-22 15:03:49.757 I/gefo-browser( 3939): ***GEFO_KEYBOARDEVENT:vkey=13, unicode=0
01-22 15:03:49.766 I/gefo-browser( 3939): [log][HodoopUtils.js logger.info content:{"utype":"0","t":1705907029766,"event_id":"click","props":{"widget_id":"11.3.2","categoryid":"3","channelid":"cctv-2","cid":""},"uid":"119208237"}]
01-22 15:03:49.767 I/gefo-browser( 3939): ***WebViewPrivate::handleLocalHostPost: 734 url:http://127.0.0.1:8087/logup/1/400/log
01-22 15:03:49.767 I/gefo-browser( 3939): ***WebViewPrivate::handleLocalHostPost: before 0x0 url:http://127.0.0.1:8087/logup/1/400/log
01-22 15:03:49.767 I/gefo-browser( 3939): [log][xxx===pageFunc loadHtml path:./video.html?playType=live&assortId=3&uuid=cctv-2]
01-22 15:03:49.767 I/gefo-browser( 3939): ***http header 47:http://127.0.0.1:8087/logup/1/400/log***Content-Type: application/x-www-form-urlencoded
01-22 15:03:49.773 I/gefo-curl( 3939): 127.0.0.1 1 10000 0 127.0.0.1
01-22 15:03:49.776 D/pcapcmcc4( 4299): check_no_data_event end: 0!
01-22 15:03:49.780 I/gefo-browser( 3939): WebViewPrivate::sendExposeEvent rect:0,0,1280,720
01-22 15:03:49.781 I/gefo-browser( 3939): [log][logger.info: success{"utype":"0","t":1705907029766,"event_id":"click","props":{"widget_id":"11.3.2","categoryid":"3","channelid":"cctv-2","cid":""},"uid":"119208237"}>>0]
01-22 15:03:49.786 I/gefo-browser( 3939): [log][xxx===pageFunc loadHtml $.get success]
01-22 15:03:49.796 I/gefo-browser( 3939): WebViewPrivate::sendExposeEvent rect:0,0,1280,31
01-22 15:03:49.797 I/gefo-browser( 3939): WebViewPrivate::updateView rect:0,0,1280,720
01-22 15:03:49.878 I/gefo-plugin( 3939): hasProperty:getParameter
01-22 15:03:49.878 I/gefo-plugin( 3939): hasMethod:getParameter
01-22 15:03:49.878 I/gefo-plugin( 3939): invoke:getParameter
01-22 15:03:49.878 I/gefo-plugin( 3939): invokeJavaFunGetParameter:../../plugins/widgetmanager/callJava.cpp
01-22 15:03:49.878 I/gefo-plugin( 3939): invokeJavaFunGetParameter:0x85e9f004,0x8a07f1fc
01-22 15:03:49.878 I/gefo-plugin( 3939): getParameter:
01-22 15:03:49.878 I/gefo-plugin( 3939): hasProperty:getParameter
01-22 15:03:49.879 I/gefo-plugin( 3939): hasMethod:getParameter
01-22 15:03:49.879 I/gefo-plugin( 3939): invoke:getParameter
01-22 15:03:49.879 I/gefo-plugin( 3939): invokeJavaFunGetParameter:../../plugins/widgetmanager/callJava.cpp
01-22 15:03:49.879 I/gefo-plugin( 3939): invokeJavaFunGetParameter:0x85e9f004,0x8a07f1fc
01-22 15:03:49.880 D/AuthenticationProvider( 3601): [20240122150349880][net.sunniwell.app.provider.AuthenticationProvider][query][2884]:the code is...=11 
01-22 15:03:49.882 I/gefo-plugin( 3939): getParameter:cmdcotttest3
01-22 15:03:49.882 I/gefo-plugin( 3939): hasProperty:getParameter
01-22 15:03:49.882 I/gefo-plugin( 3939): hasMethod:getParameter
01-22 15:03:49.882 I/gefo-plugin( 3939): invoke:getParameter
01-22 15:03:49.882 I/gefo-plugin( 3939): invokeJavaFunGetParameter:../../plugins/widgetmanager/callJava.cpp
01-22 15:03:49.882 I/gefo-plugin( 3939): invokeJavaFunGetParameter:0x85e9f004,0x8a07f1fc
01-22 15:03:49.884 D/AuthenticationProvider( 3601): [20240122150349884][net.sunniwell.app.provider.AuthenticationProvider][query][2884]:the code is...=11 
01-22 15:03:49.886 I/gefo-plugin( 3939): getParameter:cmdcotttest3
01-22 15:03:49.886 I/gefo-plugin( 3939): hasProperty:getParameter
01-22 15:03:49.886 I/gefo-plugin( 3939): hasMethod:getParameter
01-22 15:03:49.886 I/gefo-plugin( 3939): invoke:getParameter
01-22 15:03:49.886 I/gefo-plugin( 3939): invokeJavaFunGetParameter:../../plugins/widgetmanager/callJava.cpp
01-22 15:03:49.886 I/gefo-plugin( 3939): invokeJavaFunGetParameter:0x85e9f004,0x8a07f1fc
01-22 15:03:49.886 I/gefo-plugin( 3939): getParameter:48:e5:33:29:db:10
01-22 15:03:49.886 I/gefo-plugin( 3939): hasProperty:getParameter
01-22 15:03:49.886 I/gefo-plugin( 3939): hasMethod:getParameter
01-22 15:03:49.886 I/gefo-plugin( 3939): invoke:getParameter
01-22 15:03:49.886 I/gefo-plugin( 3939): invokeJavaFunGetParameter:../../plugins/widgetmanager/callJava.cpp
01-22 15:03:49.886 I/gefo-plugin( 3939): invokeJavaFunGetParameter:0x85e9f004,0x8a07f1fc
01-22 15:03:49.888 D/AuthenticationProvider( 3601): [20240122150349888][net.sunniwell.app.provider.AuthenticationProvider][query][2884]:the code is...=10 
01-22 15:03:49.890 I/gefo-plugin( 3939): getParameter:http://112.50.234.192:33200
01-22 15:03:49.890 I/gefo-plugin( 3939): hasProperty:getParameter
01-22 15:03:49.890 I/gefo-plugin( 3939): hasMethod:getParameter
01-22 15:03:49.890 I/gefo-plugin( 3939): invoke:getParameter
01-22 15:03:49.890 I/gefo-plugin( 3939): invokeJavaFunGetParameter:../../plugins/widgetmanager/callJava.cpp
01-22 15:03:49.890 I/gefo-plugin( 3939): invokeJavaFunGetParameter:0x85e9f004,0x8a07f1fc
01-22 15:03:49.890 I/gefo-plugin( 3939): getParameter:
01-22 15:03:49.890 I/gefo-plugin( 3939): hasProperty:getParameter
01-22 15:03:49.890 I/gefo-plugin( 3939): hasMethod:getParameter
01-22 15:03:49.890 I/gefo-plugin( 3939): invoke:getParameter
01-22 15:03:49.890 I/gefo-plugin( 3939): invokeJavaFunGetParameter:../../plugins/widgetmanager/callJava.cpp
01-22 15:03:49.890 I/gefo-plugin( 3939): invokeJavaFunGetParameter:0x85e9f004,0x8a07f1fc
01-22 15:03:49.890 I/gefo-plugin( 3939): getParameter:
01-22 15:03:49.890 I/gefo-plugin( 3939): hasProperty:getParameter
01-22 15:03:49.891 I/gefo-plugin( 3939): hasMethod:getParameter
01-22 15:03:49.891 I/gefo-plugin( 3939): invoke:getParameter
01-22 15:03:49.891 I/gefo-plugin( 3939): invokeJavaFunGetParameter:../../plugins/widgetmanager/callJava.cpp
01-22 15:03:49.891 I/gefo-plugin( 3939): invokeJavaFunGetParameter:0x85e9f004,0x8a07f1fc
01-22 15:03:49.891 I/gefo-plugin( 3939): getParameter:019872002530578
01-22 15:03:49.893 I/gefo-browser( 3939): [log][[object Object]]
01-22 15:03:49.893 I/gefo-browser( 3939): [log][[object Object]]
01-22 15:03:49.896 I/gefo-browser( 3939): [log][tl---->{}]
01-22 15:03:49.896 I/gefo-browser( 3939): ***WebViewPrivate::handleLocalHost: 763 url:http://127.0.0.1:8200/Interface.mfg?Cmd=IGetValue&Key=VersionInfo
01-22 15:03:49.896 I/gefo-browser( 3939): ***WebViewPrivate::handleLocalHost: before 0x8a07f26c url:http://127.0.0.1:8200/Interface.mfg?Cmd=IGetValue&Key=VersionInfo
01-22 15:03:49.896 I/gefo-browser( 3939): ***WebViewPrivate::handleLocalHost: after 23 data:V9.0.3.8.YP_FJ.22.12.09
01-22 15:03:49.896 I/gefo-plugin( 3939): NPP_New:0x8eae6180
01-22 15:03:49.896 I/gefo-plugin( 3939): NPP_GetValue ScriptableObject:0x8eae6180
01-22 15:03:49.897 I/gefo-browser( 3939): [log][[object Object]]
01-22 15:03:49.898 I/gefo-browser( 3939): [log][tl---->{}]
01-22 15:03:49.898 I/gefo-plugin( 3939): hasProperty:getToken
01-22 15:03:49.898 I/gefo-plugin( 3939): hasMethod:getToken
01-22 15:03:49.898 I/gefo-plugin( 3939): invoke:getToken:0
01-22 15:03:49.898 I/gefo-plugin( 3939): invokeJavaFungetToken
01-22 15:03:49.898 I/gefo-plugin( 3939): invokeJavaFungetToken:0x85e9f004,0x8a07f1fc
01-22 15:03:49.898 I/gefo-plugin( 3939): getUserToken:
01-22 15:03:49.899 I/gefo-browser( 3939): [log][.......get token success:]
01-22 15:03:49.899 I/gefo-browser( 3939): ***WebViewPrivate::handleLocalHost: 763 url:http://127.0.0.1:8070/Interface.mfg?Cmd=IGetToken
01-22 15:03:49.899 I/gefo-browser( 3939): ***WebViewPrivate::handleLocalHost: before 0x8a07f26c url:http://127.0.0.1:8070/Interface.mfg?Cmd=IGetToken
01-22 15:03:49.899 I/gefo-plugin( 3939): hasProperty:getParameter
01-22 15:03:49.899 I/gefo-browser( 3939): ***WebViewPrivate::handleLocalHost: after 25 data:handleLocalHostDoNothings
01-22 15:03:49.899 I/gefo-plugin( 3939): hasMethod:getParameter
01-22 15:03:49.899 I/gefo-plugin( 3939): invoke:getParameter
01-22 15:03:49.899 I/gefo-plugin( 3939): invokeJavaFunGetParameter:../../plugins/widgetmanager/callJava.cpp
01-22 15:03:49.899 I/gefo-plugin( 3939): invokeJavaFunGetParameter:0x85e9f004,0x8a07f1fc
01-22 15:03:49.901 D/AuthenticationProvider( 3601): [20240122150349901][net.sunniwell.app.provider.AuthenticationProvider][query][2884]:the code is...=12 
01-22 15:03:49.902 I/gefo-curl( 3939): 127.0.0.1 1 10000 0 127.0.0.1
01-22 15:03:49.904 I/gefo-plugin( 3939): getParameter:HD8ATHD8AT0zOTwdTqD9dXZjJbvmte8C
01-22 15:03:49.904 I/gefo-browser( 3939): [log][.......get userToken success:HD8ATHD8AT0zOTwdTqD9dXZjJbvmte8C]
01-22 15:03:49.904 I/gefo-plugin( 3939): hasProperty:getParameter
01-22 15:03:49.904 I/gefo-plugin( 3939): hasMethod:getParameter
01-22 15:03:49.904 I/gefo-plugin( 3939): invoke:getParameter
01-22 15:03:49.904 I/gefo-plugin( 3939): invokeJavaFunGetParameter:../../plugins/widgetmanager/callJava.cpp
01-22 15:03:49.904 I/gefo-plugin( 3939): invokeJavaFunGetParameter:0x85e9f004,0x8a07f1fc
01-22 15:03:49.905 I/gefo-plugin( 3939): getParameter:2
01-22 15:03:49.905 I/gefo-plugin( 3939): hasProperty:getParameter
01-22 15:03:49.905 I/gefo-plugin( 3939): hasMethod:getParameter
01-22 15:03:49.905 I/gefo-plugin( 3939): invoke:getParameter
01-22 15:03:49.905 I/gefo-plugin( 3939): invokeJavaFunGetParameter:../../plugins/widgetmanager/callJava.cpp
01-22 15:03:49.905 I/gefo-plugin( 3939): invokeJavaFunGetParameter:0x85e9f004,0x8a07f1fc
01-22 15:03:49.905 I/gefo-plugin( 3939): getParameter:1
01-22 15:03:49.906 I/gefo-browser( 3939): [log][[object Object]]
01-22 15:03:49.906 I/gefo-browser( 3939): [log][tl---->{}]
01-22 15:03:49.907 I/gefo-browser( 3939): ***WebViewPrivate::handleLocalHost: 763 url:http://127.0.0.1:8200/Interface.mfg?Cmd=IGetValue&Key=BMTogether&random=0.6547490912489593
01-22 15:03:49.907 I/gefo-browser( 3939): [log][[object Object]]
01-22 15:03:49.907 I/gefo-browser( 3939): ***WebViewPrivate::handleLocalHost: before 0x8a07f26c url:http://127.0.0.1:8200/Interface.mfg?Cmd=IGetValue&Key=BMTogether&random=0.6547490912489593
01-22 15:03:49.908 D/XIRI_driver( 4239): send to xiri: {"cmd":"key","event":0,"keycode":353,"pid":1538,"vid":1046,"devnum":0}
01-22 15:03:49.909 D/WindowManager( 3073): keyCode =23
01-22 15:03:49.909 D/WindowManager( 3073): standbyMode =1
01-22 15:03:49.912 I/gefo-plugin( 3939): hasProperty:getParameter
01-22 15:03:49.912 I/gefo-plugin( 3939): hasProperty:getParameter
01-22 15:03:49.912 I/gefo-plugin( 3939): hasMethod:getParameter
01-22 15:03:49.912 I/gefo-plugin( 3939): invoke:getParameter
01-22 15:03:49.912 I/gefo-plugin( 3939): invokeJavaFunGetParameter:../../plugins/widgetmanager/callJava.cpp
01-22 15:03:49.912 I/gefo-plugin( 3939): invokeJavaFunGetParameter:0x85e9f004,0x8a07f1fc
01-22 15:03:49.912 I/gefo-browser( 3939): ***WebViewPrivate::handleLocalHost: after 190 data:{"head":"119208237^","uid":"119208237","together":[{"oprUids":"119208237","serviceAddr":"http:\/\/seen.t.taipan.fja.bcs.ottcn.com"}],"apkVersion":"V9.0.3.8.YP_FJ.22.12.09","loginAccount":""}
01-22 15:03:49.912 I/gefo-plugin( 3939): getParameter:
01-22 15:03:49.912 D/WindowManager( 3073): isScreenOn =true,mAllowWakeUpFromStandby==:true, mFalse_standby_status=0
01-22 15:03:49.912 D/WindowManager( 3073): isLockedAllKeys =0
01-22 15:03:49.912 I/gefo-browser( 3939): [log][xxx===marqueeCommon typeof support4kHdr:string]
01-22 15:03:49.912 D/WindowManager( 3073): isHandleHomeKey = 1
01-22 15:03:49.912 I/gefo-browser( 3939): [log][xxx===marqueeCommon support4kHdr end: ]
01-22 15:03:49.912 D/WindowManager( 3073): isHandlePowerKey =1
01-22 15:03:49.912 D/WindowManager( 3073): isHandleSettingKey =1
01-22 15:03:49.912 D/WindowManager( 3073): handleSystemKey =1
01-22 15:03:49.912 D/WindowManager( 3073): interceptKeyTq keycode=23 interactive=true keyguardActive=false policyFlags=22000000
01-22 15:03:49.913 D/WindowManager( 3073): interceptKeyTi keyCode=23 down=false repeatCount=0 keyguardOn=false mHomePressed=false canceled=false
01-22 15:03:49.914 D/RemoteIME( 3839): keycode: 23, realAction: true
01-22 15:03:49.915 E/gefo-browser( 3939): sort@[native code]
01-22 15:03:49.915 E/gefo-browser( 3939): @https://tvlookbackpanel.taipan.fja.bcs.ottcn.com/watchTV2.0/watchTV8.0/js/vendors.b8d571fef7fa05d48802.js:1
01-22 15:03:49.915 E/gefo-browser( 3939): exports@https://tvlookbackpanel.taipan.fja.bcs.ottcn.com/watchTV2.0/watchTV8.0/js/vendors.b8d571fef7fa05d48802.js:1
01-22 15:03:49.915 E/gefo-browser( 3939): exports@https://tvlookbackpanel.taipan.fja.bcs.ottcn.com/watchTV2.0/watchTV8.0/js/vendors.b8d571fef7fa05d48802.js:1
01-22 15:03:49.915 E/gefo-browser( 3939): hFpA@https://tvlookbackpanel.taipan.fja.bcs.ottcn.com/watchTV2.0/watchTV8.0/js/vendors.b8d571fef7fa05d48802.js:1
01-22 15:03:49.915 E/gefo-browser( 3939): l@https://tvlookbackpanel.taipan.fja.bcs.ottcn.com/watchTV2.0/watchTV8.0/js/runtime.7bce8fd27b53b8e4251a.js:1
01-22 15:03:49.915 E/gefo-browser( 3939): YqT+@https://tvlookbackpanel.taipan.fja.bcs.ottcn.com/watchTV2.0/watchTV8.0/js/vendors.b8d571fef7fa05d48802.js:1
01-22 15:03:49.915 E/gefo-browser( 3939): l@https://tvlookbackpanel.taipan.fja.bcs.ottcn.com/watchTV2.0/watchTV8.0/js/runtime.7bce8fd27b53b8e4251a.js:1
01-22 15:03:49.915 E/gefo-browser( 3939): Ijsr@https://tvlookbackpanel.taipan.fja.bcs.ottcn.com/watchTV2.0/watchTV8.0/js/vendors.b8d571fef7fa05d48802.js:1
01-22 15:03:49.915 E/gefo-browser( 3939): l@https://tvlookbackpanel.taipan.fja.bcs.ottcn.com/watchTV2.0/watchTV8.0/js/runtime.7bce8fd27b53b8e4251a
01-22 15:03:49.915 E/gefo-browser( 3939): Err:'null' is not an object[1]https://tvlookbackpanel.taipan.fja.bcs.ottcn.com/watchTV2.0/watchTV8.0/js/vendors.b8d571fef7fa05d48802.js
01-22 15:03:49.915 E/gefo-browser( 3939): @https://tvlookbackpanel.taipan.fja.bcs.ottcn.com/watchTV2.0/watchTV8.0/js/vendors.b8d571fef7fa05d48802.js:1
01-22 15:03:49.915 E/gefo-browser( 3939): exports@https://tvlookbackpanel.taipan.fja.bcs.ottcn.com/watchTV2.0/watchTV8.0/js/vendors.b8d571fef7fa05d48802.js:1
01-22 15:03:49.915 E/gefo-browser( 3939): exports@https://tvlookbackpanel.taipan.fja.bcs.ottcn.com/watchTV2.0/watchTV8.0/js/vendors.b8d571fef7fa05d48802.js:1
01-22 15:03:49.915 E/gefo-browser( 3939): hFpA@https://tvlookbackpanel.taipan.fja.bcs.ottcn.com/watchTV2.0/watchTV8.0/js/vendors.b8d571fef7fa05d48802.js:1
01-22 15:03:49.915 E/gefo-browser( 3939): l@https://tvlookbackpanel.taipan.fja.bcs.ottcn.com/watchTV2.0/watchTV8.0/js/runtime.7bce8fd27b53b8e4251a.js:1
01-22 15:03:49.915 E/gefo-browser( 3939): YqT+@https://tvlookbackpanel.taipan.fja.bcs.ottcn.com/watchTV2.0/watchTV8.0/js/vendors.b8d571fef7fa05d48802.js:1
01-22 15:03:49.915 E/gefo-browser( 3939): l@https://tvlookbackpanel.taipan.fja.bcs.ottcn.com/watchTV2.0/watchTV8.0/js/runtime.7bce8fd27b53b8e4251a.js:1
01-22 15:03:49.915 E/gefo-browser( 3939): Ijsr@https://tvlookbackpanel.taipan.fja.bcs.ottcn.com/watchTV2.0/watchTV8.0/js/vendors.b8d571fef7fa05d48802.js:1
01-22 15:03:49.915 E/gefo-browser( 3939): l@https://tvlookbackpanel.taipan.fja.bcs.ottcn.com/watchTV2.0/watchTV8.0/js/runtime.7bce8fd27b53b8e4251a.js:1
01-22 15:03:49.915 E/gefo-browser( 3939): E7Zm@https://
01-22 15:03:49.934 D/CWMP    ( 5421): ParamsChangedHandler---handleMessage---start--msg.what=1
01-22 15:03:49.935 D/CWMP    ( 5421): 111 getChangedParameterValues cpeParameterMapNames size 16
01-22 15:03:49.935 D/CWMP    ( 5421):  CWMPParameterManager.getParameterValue,name = Device.ManagementServer.ConnectionRequestUsername
01-22 15:03:49.936 D/CWMP    ( 5421):  CWMPParameterManager.getParameterValue,parameter = net.sunniwell.cwmp.protocol.database.bean.CPEParameter@2f85f4c
01-22 15:03:49.936 D/CWMP    ( 5421): CWMPParameterManager.getValue , name = stb.tms.cpe.username
01-22 15:03:49.936 D/CWMP    ( 5421): mCwmpStbManager = net.sunniwell.cwmp.protocol.manager.CWMPStbManager@ea927b7
01-22 15:03:49.936 D/SettingsSecureParamsProcessor( 3487): cpe_username=itms
01-22 15:03:49.936 D/CWMP    ( 5421):  3 CWMPParameterManager.getParameterValue,value = itms
01-22 15:03:49.936 D/CWMP    ( 5421): 222 getChangedParameterValues cpeParameterMapName Device.ManagementServer.ConnectionRequestUsername
01-22 15:03:49.936 D/CWMP    ( 5421): 222 getChangedParameterValues oldParameterValue itms
01-22 15:03:49.936 D/CWMP    ( 5421): 222 getChangedParameterValues newParameterValue itms
01-22 15:03:49.936 D/CWMP    ( 5421):  CWMPParameterManager.getParameterValue,name = Device.DeviceInfo.DeviceStatus
01-22 15:03:49.937 D/CWMP    ( 5421):  CWMPParameterManager.getParameterValue,parameter = net.sunniwell.cwmp.protocol.database.bean.CPEParameter@4e3466d
01-22 15:03:49.937 D/CWMP    ( 5421):  4 CWMPParameterManager.getParameterValue,value = null
01-22 15:03:49.937 D/CWMP    ( 5421):  5 CWMPParameterManager.getParameterValue,value = Up
01-22 15:03:49.937 D/CWMP    ( 5421): 222 getChangedParameterValues cpeParameterMapName Device.DeviceInfo.DeviceStatus
01-22 15:03:49.937 D/CWMP    ( 5421): 222 getChangedParameterValues oldParameterValue Up
01-22 15:03:49.937 D/CWMP    ( 5421): 222 getChangedParameterValues newParameterValue Up
01-22 15:03:49.937 D/CWMP    ( 5421):  CWMPParameterManager.getParameterValue,name = Device.Time.LocalTimeZone
01-22 15:03:49.939 D/CWMP    ( 5421):  CWMPParameterManager.getParameterValue,parameter = net.sunniwell.cwmp.protocol.database.bean.CPEParameter@98862a2
01-22 15:03:49.939 D/CWMP    ( 5421): 1 APIParameterManager.getValue,value = Device.Time.LocalTimeZone
01-22 15:03:49.939 D/CWMP    ( 5421): 2 APIParameterManager.getValue,value = Device.Time.LocalTimeZone
01-22 15:03:49.939 D/CWMP    ( 5421):  1 CWMPParameterManager.getParameterValue,name = Device.Time.LocalTimeZone,value = +08:00
01-22 15:03:49.939 D/CWMP    ( 5421): 222 getChangedParameterValues cpeParameterMapName Device.Time.LocalTimeZone
01-22 15:03:49.939 D/CWMP    ( 5421): 222 getChangedParameterValues oldParameterValue +08:00
01-22 15:03:49.939 D/CWMP    ( 5421): 222 getChangedParameterValues newParameterValue +08:00
01-22 15:03:49.939 D/CWMP    ( 5421):  CWMPParameterManager.getParameterValue,name = Device.X_CMCC_OTT.ServiceInfo.IPTVAuthURLMaste
01-22 15:03:49.940 D/CWMP    ( 5421):  CWMPParameterManager.getParameterValue,parameter = net.sunniwell.cwmp.protocol.database.bean.CPEParameter@86b8b33
01-22 15:03:49.940 D/CWMP    ( 5421): CWMPParameterManager.getValue , name = stb.service.address
