01-22 15:03:50.508 E/SoftProbeReoprt( 3939): msg.what:304
01-22 15:03:50.508 E/SoftProbeReoprt( 3939): Unknown message type 304
01-22 15:03:50.512 I/http_reporter( 3939): body={"os":"Android 9,level 28","appver":"V9.0.3.8.YP_FJ.22.12.09","sdkver":"Tangula_report_1.2.9","mac":"48:e5:33:29:db:10","ts":1705907030366,"type":9,"model":"CMDC_CM311-1-ZG","app_id":"9o4o3p2f","network":1,"bundleName":"tv.icntv.ott","timeLength":0,"cpuType":"armeabi-v7a,armeabi,","deviceId":"019872002530578","data":{"cause":"isMultiPlayUrl:false,allowMultiPlay:false","startTime":1705907030399,"url":"http:\/\/ott.fj.chinamobile.com\/PLTV\/88888888\/224\/3221225923\/index.m3u8?rrsip=zterr.hvs.fj.chinamobile.com:6060,rrsip=cmhiott.hvs.fj.chinamobile.com,rrsip=183.252.175.68,rrsip=112.50.213.133,rrsip=112.50.213.136,rrsip=11.11.11.0,rrsip=11.11.11.1,rrsip=11.11.11.2,rrsip=11.11.11.3,rrsip=11.11.11.4,rrsip=11.11.11.5,rrsip=11.11.11.6,rrsip=11.11.11.7,rrsip=11.11.11.8,rrsip=11.11.11.9,rrsip=11.11.11.10,rrsip=11.11.11.11,rrsip=11.11.11.12,rrsip=11.11.11.13,rrsip=11.11.11.14,rrsip=11.11.11.15,rrsip=11.11.11.16,rrsip=11.11.11.17,rrsip=11.11.11.18,rrsip=11.11.11.19,rrsip=11.11.11.20,rrsip=11.11.11.21,rrsip=11.11.11.22,rrsip=11.11.11.23,rrsip=11.11.11.24,rrsip=11.11.11.25,rrsip=11.11.11.26,rrsip=11.11.11.27,rrsip=11.11.11.28&zoneoffset=0&servicetype=1&icpid=&accounttype=1&limitflux=-1&limitdur=-1&tenantId=8601&accountinfo=%2C107776620%2C112.49.177.102%2C20240122143013%2C10000100000000050000000001117125%2C10001018224885%2C-1%2C0%2C1%2C%2C%2C2%2C%2C%2C%2C2%2C%2CEND&GuardEncType=2&"}}
01-22 15:03:50.514 I/amadec  ( 2990): [start_decode_thread]Create get package thread success! tid = -1756366480
01-22 15:03:50.518 I/amadec  ( 2990): [start_decode_thread]Create ffmpeg decode thread success! tid = -1757406864
01-22 15:03:50.518 I/amadec  ( 2990): wait audio sr/channel begin 
01-22 15:03:50.518 I/amadec  ( 2990): [audio_decode_loop:1345] dump_id:0 dump_dir:/data/temp/
01-22 15:03:50.518 I/amadec  ( 2990): [audio_decode_loop]adec_armdec_loop start!
01-22 15:03:50.518 I/amadec  ( 2990): [audio_decode_loop 1379]
01-22 15:03:50.513 I/amadec  ( 2990): [audio_getpackage_loop]adec_getpackage_loop start!
01-22 15:03:50.528 I/FaadDecoder( 2990): MyFaadDecoder init first in 
01-22 15:03:50.528 I/FaadDecoder( 2990): begin audio_decoder_init,buf size 768  
01-22 15:03:50.529 I/FaadDecoder( 2990): enter NeAACDecInit 
01-22 15:03:50.529 I/FaadDecoder( 2990): check the loas frame failed
01-22 15:03:50.529 I/FaadDecoder( 2990): [NeAACDecInit 1207]aac init finished. cost bits0
01-22 15:03:50.529 I/FaadDecoder( 2990): init sucess cost 0
01-22 15:03:50.529 I/FaadDecoder( 2990): [audio_decoder_init] Init OK adif_present :0 adts_present:1 latm_present:0,sr 32000,ch 2
01-22 15:03:50.556 I/http_reporter( 3939): sendReport Custom resultCode = 200
01-22 15:03:50.556 I/http_reporter( 3939): Content-Length=null
01-22 15:03:50.558 I/http_reporter( 3939): sendReport result:{"code":200}
01-22 15:03:50.559 I/YstenLogReport( 3939): Custom report success
01-22 15:03:50.560 I/amadec  ( 2990): wait audio sr/channel done 
01-22 15:03:50.560 I/android-out( 2990): [android_init 805]
01-22 15:03:50.560 I/android-out( 2990): up/down sampling thread      150 /250 ms 
01-22 15:03:50.561 D/media_ctl( 2990): getstr path media.tsync.mode size=32
01-22 15:03:50.561 I/android-out( 2990): wfd_enable = 0, tsync_mode=1, 
01-22 15:03:50.562 I/android-out( 2990): [android_init 879]android out init
01-22 15:03:50.562 I/android-out( 2990): [android_init 887] audec->samplerate:32000
01-22 15:03:50.562 I/android-out( 2990): [android_init 894]SessionID = 145 audec->dtshdll_flag/0 audec->channels/2
01-22 15:03:50.563 I/android-out( 2990): [android_init 967] samplerate:32000 channels:2 frameCount:5488
01-22 15:03:50.565 I/amplayer( 2990): **[update_state]pid:21 status=PLAYING(last:PLAYING) err=0x0 curtime=0 (ms:0) fulltime=-1 lsttime=0
01-22 15:03:50.566 I/amplayer( 2990): **[update_state]abuflevel=0.00052134 vbublevel=0.03740539 sbublevel=0.00000000 abufrp=5a810f80 vbufrp=59c20a00 read_end=0
01-22 15:03:50.566 I/amplayer( 2990): 
01-22 15:03:50.566 I/amplayer( 2990): [v] idx:0,nb_packets:23, max_seekback:600000, frame_dur:3600, in:23, out:14, left:9, backnum:14, forwnum:9
01-22 15:03:50.566 I/amplayer( 2990): 
01-22 15:03:50.566 I/amplayer( 2990): [a] idx:1,nb_packets:30, max_seekback:1200000, in:30, out:19, backnum:19, forwnum:11
01-22 15:03:50.566 I/amplayer( 2990): [v]discard fid:0,first_fid:4,cur_fid:35,lst_fid:53
01-22 15:03:50.566 I/amplayer( 2990): [a]first_fid:1,cur_fid:34,last_fid:52
01-22 15:03:50.566 I/amplayer( 2990): mem:817846,current_ms:0, starttime_ms:0, discont_ms:0, seek_discont_ms:-1
01-22 15:03:50.566 I/amplayer( 2990): duration:in:23, out:14, frame_dur_pts:3600, total_cache_ms:745, playtime_ms:0, cache_ms:745
01-22 15:03:50.566 I/amplayer( 2990): video cache_ms:745
01-22 15:03:50.566 V/AmlogicPlayer( 2990): update_process pid=21, current=0,status=[PLAYING],last status=[PLAYING]
01-22 15:03:50.566 W/AmlogicPlayer( 2990): Reset buffering flags.
01-22 15:03:50.566 D/AudioFlinger( 2912): Client defaulted notificationFrames to 1829 for frameCount 5488
01-22 15:03:50.566 V/AmlogicPlayer( 2990): Playing percent =0,mPlayTime:0,mStreamTime:0
01-22 15:03:50.568 V/M3uSession( 2990): Got current stream estimate bandwidth,8149724
01-22 15:03:50.568 I/amplayer( 2990): [player_get_bitrate: 1324] Bitrate vrate+arate=8149724 decoder_bitrate=0
01-22 15:03:50.568 E/AmlogicPlayer( 2990): UpdateProcess rate 8149724, download_speed 0 info->status 0
01-22 15:03:50.568 V/AmSuperPlayer( 2990): Notify 1 cookie=0xa2accbf0,msg=c8,ext1=2c1,ext2=7c5adc
01-22 15:03:50.568 D/MediaPlayerNative( 3939): message received msg=200, ext1=705, ext2=8149724
01-22 15:03:50.569 V/AmSuperPlayer( 2990): Notify 1 cookie=0xa2accbf0,msg=c8,ext1=2bf,ext2=0
01-22 15:03:50.569 E/SoftProbeReoprt( 3939): msg.what:200
01-22 15:03:50.569 W/ServiceManagement( 2987): Waited one second for android.hardware.drm@1.0::IDrmFactory/default. Waiting another...
01-22 15:03:50.570 D/MediaPlayerNative( 3939): message received msg=200, ext1=703, ext2=0
01-22 15:03:50.570 E/SoftProbeReoprt( 3939): msg.what:200
01-22 15:03:50.579 I/android-out( 2990): [android_init 981]status:0
01-22 15:03:50.579 I/amadec  ( 2990): wait first apts count :100 
01-22 15:03:50.579 I/amadec  ( 2990): get first apts ok, times:0 need_stop:0 auto_mute 0
01-22 15:03:50.579 I/amadec  ( 2990): adec_pts_start
01-22 15:03:50.579 I/amadec  ( 2990): use default av sync threshold!
01-22 15:03:50.580 I/amadec  ( 2990): ====get pts:352a6d91 offset:891973009 
01-22 15:03:50.580 D/media_ctl( 2990): getstr path media.tsync.firstapts size=64
01-22 15:03:50.580 I/amadec  ( 2990): av sync threshold is 5400 , no_first_apts=0,first_apts = 0x352a6d91, audec->first_apts = 0x352a6d91 
01-22 15:03:50.580 I/amadec  ( 2990): [adec_pts_start:270] enable_drop_pcm :1 
01-22 15:03:50.580 D/media_ctl( 2990): getstr path media.tsync.enable size=32
01-22 15:03:50.580 I/amadec  ( 2990): adec_pts_droppcm start get audio sr/ch info 
01-22 15:03:50.580 I/amadec  ( 2990): adec_pts_droppcm  get audio sr/ch info done sr 32000, ch 2 
01-22 15:03:50.580 I/amadec  ( 2990): [adec_pts_droppcm::392] start pre drop !  
01-22 15:03:50.580 D/media_ctl( 2990): getstr path media.tsync.mode size=32
01-22 15:03:50.580 I/amadec  ( 2990): ## [droppcm_get_refpts::1095] refmode:1, tsync_mode:1,amaster, droppcm_flag:0, ---
01-22 15:03:50.580 D/media_ctl( 2990): getstr path media.tsync.pts_video size=64
01-22 15:03:50.580 I/amadec  ( 2990): ## [droppcm_get_refpts::1102] default vpts:0x352a6a5e, ---
01-22 15:03:50.580 I/amadec  ( 2990): drop wait max ms = 2000 
01-22 15:03:50.580 D/media_ctl( 2990): getstr path media.tsync.firstvpts size=64
01-22 15:03:50.582 V/AmlogicPlayer( 2990): [UpdateProcess:2478]Sending first picture message,ALooper::GetNowUs()=2066435308,diff=74024
01-22 15:03:50.582 V/AmSuperPlayer( 2990): Notify 1 cookie=0xa2accbf0,msg=136,ext1=4a,ext2=0
01-22 15:03:50.582 I/AmSuperPlayer( 2990): MEDIA_ERROR:msg=136,ext1=4a,ext2=0
01-22 15:03:50.582 V/MediaPlayerService( 2990): [21] notify (310, 74, 0)
01-22 15:03:50.582 D/MediaPlayerNative( 3939): message received msg=310, ext1=74, ext2=0
01-22 15:03:50.583 E/SoftProbeReoprt( 3939): msg.what:310
01-22 15:03:50.583 E/SoftProbeReoprt( 3939): Unknown message type 310
01-22 15:03:50.583 E/MediaPlayerSystem( 3939): Unknown message type 310
01-22 15:03:50.588 D/SystemControl( 2889): [CPQControl]:onVframeSizeChange: event value = 5(0x5)!
01-22 15:03:50.588 D/SystemControl( 2889): [CPQControl]:onVframeSizeChange: frameszieEventFlag = 1,hdrTypeEventFlag = 0,videoPlayStartEventFlag = 1,videoPlayStopEventFlag = 0,videoPlayAxisEventFlag = 0!
01-22 15:03:50.588 D/SystemControl( 2889): [CPQControl]:isBootvideoStopped: bootvideo enable value is 0050!
01-22 15:03:50.588 D/SystemControl( 2889): [CPQControl]:isBootvideoStopped: bootvideo don't enable!
01-22 15:03:50.588 D/SystemControl( 2889): [CPQControl]:onVframeSizeChange: sig_fmt = 0x40a(1034).
01-22 15:03:50.588 D/SystemControl( 2889): [CPQControl]:SetCurrentSourceInputInfo: param_check_source_enable = 1!
01-22 15:03:50.588 D/SystemControl( 2889): [CPQControl]:GetHDRMode: mode is 32
01-22 15:03:50.588 D/SystemControl( 2889): [CPQControl]:SetCurrentSourceInputInfo: hdr status is 0!
01-22 15:03:50.584 I/amplayer( 2990): vdec.width1920 vdec.height 1080 
01-22 15:03:50.591 I/amadec  ( 2990): ## [droppcm_get_refpts::1167] firstvpts:0x352a6a5e, use:10258 us, maxtime:2000 ms, ---
01-22 15:03:50.591 D/media_ctl( 2990): getstr path media.tsync.pts_video size=64
01-22 15:03:50.591 I/amadec  ( 2990): ## [droppcm_get_refpts::1188] cur_vpts:0x352a6a5e,firstvpts:0x352a6a5e refpts:0x352a6a5e, ---
01-22 15:03:50.591 I/amadec  ( 2990): before drop --audec->first_apts 0x352a6d91,refpts 0x352a6a5e,audec->first_apts big, diff 0x333
01-22 15:03:50.591 D/media_ctl( 2990): getstr path media.tsync.pts_pcrscr size=64
01-22 15:03:50.591 I/amadec  ( 2990): before drop ab_level=456, cur_pcr=bc99bd10
01-22 15:03:50.591 I/amadec  ( 2990): sync switch setting: 200 ms 
01-22 15:03:50.591 I/amadec  ( 2990): diff less than 200 (ms), use slowsync repeate mode 
01-22 15:03:50.591 D/media_ctl( 2990): setstr media.tsync.event =AUDIO_PRE_START
01-22 15:03:50.591 D/SystemControl( 2889): [CPQControl]:CheckOutPutMode: current output mode is 1080p60hz!
01-22 15:03:50.591 D/SystemControl( 2889): [CPQControl]:CheckOutPutMode: size is 9, str is : 1080p!
01-22 15:03:50.591 D/SystemControl( 2889): [CPQControl]:CheckOutPutMode: inputFrameHeight: 1080, outputFrameHeight: 1080!
01-22 15:03:50.591 D/SystemControl( 2889): [CPQControl]:CheckOutPutMode: output mode is 13!
01-22 15:03:50.591 D/SystemControl( 2889): [CPQControl]:SetCurrentSourceInputInfo, mCurrentDemoSquitoLevel: 0, squito_level: 0
01-22 15:03:50.591 D/SystemControl( 2889): [CPQControl]:SetCurrentSourceInputInfo: same signal, no need set!
01-22 15:03:50.592 I/android-out( 2990): use amadec_ctc, android_start
01-22 15:03:50.592 I/android-out( 2990): android out start
01-22 15:03:50.592 D/media_ctl( 2990): get path=media.tsync.firstvpts val =891972190
01-22 15:03:50.593 V/M3uSession( 2990): Got current stream estimate bandwidth,8149724
01-22 15:03:50.593 I/amplayer( 2990): [player_get_bitrate: 1324] Bitrate vrate+arate=8149724 decoder_bitrate=0
01-22 15:03:50.593 I/amplayer( 2990): [player_get_media_info] bitrate_info = 8149724
01-22 15:03:50.594 I/android-out( 2990): AudioTrack initCheck OK and started.
01-22 15:03:50.596 I/audio_hw_subMixingFactory( 2891): ++usecase_change_validate_l_sm: dev usecase masks = 0, out usecase_masks = 0, out usecase STREAM_PCM_NORMAL
01-22 15:03:50.596 I/audio_hw_subMixingFactory( 2891): ++++usecase_change_validate_l_sm(),continuous_audio_mode 0 dev usecase masks = 0, out usecase_masks = 0, out usecase STREAM_PCM_NORMAL
01-22 15:03:50.596 I/audio_hw_subMixingFactory( 2891): usecase_change_validate_l_sm(), mixer_aux_buffer_write_sm !
01-22 15:03:50.596 I/audio_hw_subMixingFactory( 2891): ----usecase_change_validate_l_sm(), continuous_audio_mode 0 dev usecase masks = 0x1, out usecase_masks = 0x1, out usecase STREAM_PCM_NORMAL
01-22 15:03:50.596 I/audio_hw_port( 2891): get_input_port_index(), samplerate 48000
01-22 15:03:50.596 D/audio_hw_port( 2891): new_input_port(), index:0, rbuf size:8192, direct_on:0
01-22 15:03:50.596 D/audio_hw_port( 2891): new_input_port(), fmt 0x1, rate 48000
01-22 15:03:50.596 I/amlaudioMixer( 2891): ++init_mixer_input_port port index 0, size 512 frames
01-22 15:03:50.596 I/amlaudioMixer( 2891): init_mixer_input_port(), port->initial_frames: 78395392
01-22 15:03:50.596 I/audio_hw_port( 2891): get_input_port_index(), samplerate 48000
01-22 15:03:50.596 I/audio_hw_subMixingFactory( 2891): mixer_aux_buffer_write_sm(), primary 0xa51d3000 port index = 0
01-22 15:03:50.596 I/audio_hw_subMixingFactory( 2891): padding_bytes 16384
01-22 15:03:50.596 I/amlaudioMixer( 2891): port index 0 is active now
01-22 15:03:50.596 I/audio_hw_subMixingFactory( 2891): padding_bytes 14336
01-22 15:03:50.596 I/audio_hw_subMixingFactory( 2891): padding_bytes 12288
01-22 15:03:50.597 I/audio_hw_subMixingFactory( 2891): padding_bytes 10240
01-22 15:03:50.597 I/audio_hw_subMixingFactory( 2891): padding_bytes 8192
01-22 15:03:50.597 I/amlaudioMixer( 2891): [mixer_thread_sleep:421] the thread is awakened
01-22 15:03:50.597 I/amlaudioMixer( 2891): ++mixer_output_startup start open
01-22 15:03:50.597 I/audio_hw_port( 2891): output_port_start(), open ALSA hw:1,0
01-22 15:03:50.597 I/audio_hw_subMixingFactory( 2891): padding_bytes 6144
01-22 15:03:50.596 I/amplayer( 2990): height_info = 1080,width_info = 1920
01-22 15:03:50.597 I/amplayer( 2990): [player_get_media_info]video_num=1 vidx=0
01-22 15:03:50.597 I/AmlogicPlayer( 2990): player current video info:w:1920,h:1080
01-22 15:03:50.597 I/AmlogicPlayer( 2990): player current video info:codec:H264
01-22 15:03:50.597 V/AmSuperPlayer( 2990): Notify 1 cookie=0xa2accbf0,msg=132,ext1=2c6,ext2=0
01-22 15:03:50.598 I/AmSuperPlayer( 2990): MEDIA_ERROR:msg=132,ext1=2c6,ext2=0
01-22 15:03:50.598 V/MediaPlayerService( 2990): [21] notify (306, 710, 0)
01-22 15:03:50.598 V/AmSuperPlayer( 2990): Notify 1 cookie=0xa2accbf0,msg=132,ext1=2c7,ext2=0
01-22 15:03:50.598 I/AmSuperPlayer( 2990): MEDIA_ERROR:msg=132,ext1=2c7,ext2=0
01-22 15:03:50.598 V/MediaPlayerService( 2990): [21] notify (306, 711, 0)
01-22 15:03:50.598 D/MediaPlayerNative( 3939): message received msg=306, ext1=710, ext2=0
01-22 15:03:50.598 E/MediaPlayerSystem( 3939): Unknown message type 306
01-22 15:03:50.598 E/SoftProbeReoprt( 3939): msg.what:306
01-22 15:03:50.599 E/SoftProbeReoprt( 3939): Unknown message type 306
01-22 15:03:50.599 I/audio_hw_subMixingFactory( 2891): padding_bytes 4096
01-22 15:03:50.599 I/audio_hw_subMixingFactory( 2891): padding_bytes 2048
01-22 15:03:50.601 D/MediaPlayerNative( 3939): message received msg=306, ext1=711, ext2=0
01-22 15:03:50.601 I/amffmpeg( 2990): [updateMediaInfo:3568]total_sub_num:0
01-22 15:03:50.601 E/SoftProbeReoprt( 3939): msg.what:306
01-22 15:03:50.602 E/SoftProbeReoprt( 3939): Unknown message type 306
01-22 15:03:50.602 V/AmSuperPlayer( 2990): Notify 1 cookie=0xa2accbf0,msg=cc,ext1=0,ext2=0
01-22 15:03:50.602 E/MediaPlayerSystem( 3939): Unknown message type 306
01-22 15:03:50.603 I/AmSuperPlayer( 2990): MEDIA_ERROR:msg=cc,ext1=0,ext2=0
01-22 15:03:50.603 V/MediaPlayerService( 2990): [21] notify (204, 0, 0)
01-22 15:03:50.607 D/MediaPlayerNative( 3939): message received msg=204, ext1=0, ext2=0
01-22 15:03:50.607 E/MediaPlayerSystem( 3939): Unknown message type 204
01-22 15:03:50.607 I/amplayer( 2990): send_event: get_first_pcr 0x352a6a5e
01-22 15:03:50.607 I/amplayer( 2990): return cache key_time=1705907030440479
01-22 15:03:50.607 I/amplayer( 2990): get key time = 1855044127
01-22 15:03:50.607 I/amplayer( 2990): got first key and show it cost_time = 167 ms
01-22 15:03:50.608 I/amplayer( 2990): [update_playing_info:3010]audio_ready=1
01-22 15:03:50.610 E/SoftProbeReoprt( 3939): msg.what:204
01-22 15:03:50.611 E/SoftProbeReoprt( 3939): MEDIA_GET_FIRST_PCR seek_flag:0StartState:0MsgPlayStartPending:0
01-22 15:03:50.611 W/SoftProbeReoprt( 3939): normalReportHandler media_evt:MEDIA_GET_FIRST_PCR
01-22 15:03:50.611 W/SoftProbeReoprt( 3939): mPlayStartTime - mPrepareStartTime = 376
01-22 15:03:50.611 I/AmSuperPlayer( 2990): methodId:2009, ret=0
01-22 15:03:50.611 I/amffmpeg( 2990): [invoke:4235]INVOKE_ID_GET_MEDIA_INFO
01-22 15:03:50.612 V/AmlogicPlayer( 2990): --filename:vhls:shttp://ott.fj.chinamobile.com/PLTV/88888888/224/3221225923/index.m3u8?rrsip=zterr.hvs.fj.chinamobile.com:6060,rrsip=cmhiott.hvs.fj.chinamobile.com,rrsip=183.252.175.68,rrsip=112.50.213.133,rrsip=112.50.213.136,rrsip=11.11.11.0,rrsip=11.11.11.1,rrsip=11.11.11.2,rrsip=11.11.11.3,rrsip=11.11.11.4,rrsip=11.11.11.5,rrsip=11.11.11.6,rrsip=11.11.11.7,rrsip=11.11.11.8,rrsip=11.11.11.9,rrsip=11.11.11.10,rrsip=11.11.11.11,rrsip=11.11.11.12,rrsip=11.11.11.13,rrsip=11.11.11.14,rrsip=11.11.11.15,rrsip=11.11.11.16,rrsip=11.11.11.17,rrsip=11.11.11.18,rrsip=11.11.11.19,rrsip=11.11.11.20,rrsip=11.11.11.21,rrsip=11.11.11.22,rrsip=11.11.11.23,rrsip=11.11.11.24,rrsip=11.11.11.25,rrsip=11.11.11.26,rrsip=11.11.11.27,rrsip=11.11.11.28&zoneoffset=0&servicetype=1&icpid=&accounttype=1&limitflux=-1&limitdur=-1&tenantId=8601&accountinfo=%2C107776620%2C112.49.177.102%2C20240122143013%2C10000100000000050000000001117125%2C10001018224885%2C-1%2C0%2C1%2C%2C%2C2%2C%2C%2C%2C2%2C%2CEND&GuardEncType=2& duration:-2077252342 file
01-22 15:03:50.612 V/AmlogicPlayer( 2990): --cur video:0 cur audio:1 cur sub:-1 
01-22 15:03:50.612 V/AmlogicPlayer( 2990): --video index:0 id:4113 totlanum:1 width:1920 height:1080 
01-22 15:03:50.612 I/amplayer( 2990): get nb_treams=2, input stream_id=1
01-22 15:03:50.612 I/amplayer( 2990): get nb_treams=2, input stream_id=1
01-22 15:03:50.612 V/AmlogicPlayer( 2990): --audio index:1 id:4352 totlanum:1 channel:0 samplerate:0 amime:audio/mp4a-latm
01-22 15:03:50.613 I/SoftProbeReoprt( 3939): [getMediaInfo]filename:vhls:shttp://ott.fj.chinamobile.com/PLTV/88888888/224/3221225923/index.m3u8?rrsip=zterr.hvs.fj.chinamobile.com:6060,rrsip=cmhiott.hvs.fj.chinamobile.com,rrsip=183.252.175.68,rrsip=112.50.213.133,rrsip=112.50.213.136,rrsip=11.11.11.0,rrsip=11.11.11.1,rrsip=11.11.11.2,rrsip=11.11.11.3,rrsip=11.11.11.4,rrsip=11.11.11.5,rrsip=11.11.11.6,rrsip=11.11.11.7,rrsip=11.11.11.8,rrsip=11.11.11.9,rrsip=11.11.11.10,rrsip=11.11.11.11,rrsip=11.11.11.12,rrsip=11.11.11.13,rrsip=11.11.11.14,rrsip=11.11.11.15,rrsip=11.11.11.16,rrsip=11.11.11.17,rrsip=11.11.11.18,rrsip=11.11.11.19,rrsip=11.11.11.20,rrsip=11.11.11.21,rrsip=11.11.11.22,rrsip=11.11.11.23,rrsip=11.11.11.24,rrsip=11.11.11.25,rrsip=11.11.11.26,rrsip=11.11.11.27,rrsip=11.11.11.28&zoneoffset=0&servicetype=1&icpid=&accounttype=1&limitflux=-1&limitdur=-1&tenantId=8601&accountinfo=%2C107776620%2C112.49.177.102%2C20240122143013%2C10000100000000050000000001117125%2C10001018224885%2C-1%2C0%2C1%2C%2C%2C2%2C%2C%2C%2C2%2C%2CEND&GuardEncType=2&,duration:-1,file_size:-1,bitrate:8149724,type:18
01-22 15:03:50.613 I/SoftProbeReoprt( 3939): [getMediaInfo]cur_video_index:0,cur_audio_index:1,cur_sub_index:-1
01-22 15:03:50.613 I/SoftProbeReoprt( 3939): [getMediaInfo]mediaInfo.total_video_num:1
01-22 15:03:50.613 I/SoftProbeReoprt( 3939): [getMediaInfo]videoInfo i:0,index:0,id:4113
01-22 15:03:50.614 I/SoftProbeReoprt( 3939): [getMediaInfo]videoInfo i:0,vformat:H264
01-22 15:03:50.614 I/SoftProbeReoprt( 3939): [getMediaInfo]videoInfo i:0,width:1920,height:1080
01-22 15:03:50.614 I/SoftProbeReoprt( 3939): [getMediaInfo]mediaInfo.total_audio_num:1
01-22 15:03:50.614 I/SoftProbeReoprt( 3939): [getMediaInfo]audioInfo j:0,index:1,id:4352,aformat:2
01-22 15:03:50.614 I/SoftProbeReoprt( 3939): [getMediaInfo]audioInfo j:0,channel:0,sample_rate:0,audio_mime:audio/mp4a-latm
01-22 15:03:50.614 I/SoftProbeReoprt( 3939): [getMediaInfo]mediaInfo.total_sub_num:0
01-22 15:03:50.614 I/SoftProbeReoprt( 3939): [getMediaInfo]mediaInfo.total_ts_num:1
01-22 15:03:50.614 I/SoftProbeReoprt( 3939): [getMediaInfo]tsprogrameInfo l:0,v_pid:4113,title:
01-22 15:03:50.614 I/SoftProbeReoprt( 3939): [getMediaInfo]=======================================
01-22 15:03:50.615 W/SoftProbeReoprt( 3939): framerate:30
01-22 15:03:50.615 W/SoftProbeReoprt( 3939): width1920height1080
01-22 15:03:50.615 I/MediaPlayerSystem( 3939): getDisplayWidth1920
01-22 15:03:50.615 I/MediaPlayerSystem( 3939): getDisplayHeight1080
01-22 15:03:50.615 I/AmSuperPlayer( 2990): methodId:15, ret=0
01-22 15:03:50.615 V/AmlogicPlayer( 2990): INVOKE_ID_NETWORK_GET_PLAYBACK_SPEED: 1.000000
01-22 15:03:50.616 I/MediaPlayerSystem( 3939): getPlaybackSpeed1.0
01-22 15:03:50.619 E/SoftProbeReoprt( 3939): media TYPE: PLAY_START 
01-22 15:03:50.619 E/SoftProbeReoprt( 3939): media PLAY_TIME: 0
01-22 15:03:50.619 E/SoftProbeReoprt( 3939): media END_TIME: 1705907030611
01-22 15:03:50.619 E/SoftProbeReoprt( 3939): media ID: 21
01-22 15:03:50.619 E/SoftProbeReoprt( 3939): media BITRATE: 8149724
01-22 15:03:50.619 E/SoftProbeReoprt( 3939): media FRAMERATE: 30
01-22 15:03:50.619 E/SoftProbeReoprt( 3939): media WIDTH: 1920
01-22 15:03:50.619 E/SoftProbeReoprt( 3939): media HEIGHT: 1080
01-22 15:03:50.619 E/SoftProbeReoprt( 3939): media SPEED: 1.0
01-22 15:03:50.621 I/recevier:PlayActionReceiver.onReceive(L:33)( 4842): --PlayActionReceiver--action----MEDIA_PLAY_MONITOR_MESSAGE
01-22 15:03:50.621 D/CWMP    ( 5421): type: PLAY_START
01-22 15:03:50.621 D/CWMP    ( 5421): mPlayState: 1
01-22 15:03:50.621 D/CWMP    ( 5421): action: MEDIA_PLAY_MONITOR_MESSAGE
01-22 15:03:50.621 D/CWMP    ( 5421): mCurrentPlayUrl: http://ott.fj.chinamobile.com/PLTV/88888888/224/3221225923/index.m3u8?rrsip=zterr.hvs.fj.chinamobile.com:6060,rrsip=cmhiott.hvs.fj.chinamobile.com,rrsip=183.252.175.68,rrsip=112.50.213.133,rrsip=112.50.213.136,rrsip=11.11.11.0,rrsip=11.11.11.1,rrsip=11.11.11.2,rrsip=11.11.11.3,rrsip=11.11.11.4,rrsip=11.11.11.5,rrsip=11.11.11.6,rrsip=11.11.11.7,rrsip=11.11.11.8,rrsip=11.11.11.9,rrsip=11.11.11.10,rrsip=11.11.11.11,rrsip=11.11.11.12,rrsip=11.11.11.13,rrsip=11.11.11.14,rrsip=11.11.11.15,rrsip=11.11.11.16,rrsip=11.11.11.17,rrsip=11.11.11.18,rrsip=11.11.11.19,rrsip=11.11.11.20,rrsip=11.11.11.21,rrsip=11.11.11.22,rrsip=11.11.11.23,rrsip=11.11.11.24,rrsip=11.11.11.25,rrsip=11.11.11.26,rrsip=11.11.11.27,rrsip=11.11.11.28&zoneoffset=0&servicetype=1&icpid=&accounttype=1&limitflux=-1&limitdur=-1&tenantId=8601&accountinfo=%2C107776620%2C112.49.177.102%2C20240122143013%2C10000100000000050000000001117125%2C10001018224885%2C-1%2C0%2C1%2C%2C%2C2%2C%2C%2C%2C2%2C%2CEND&GuardEncType=2&
01-22 15:03:50.621 I/recevier:PlayActionService$1.handleMessage(L:55)( 4842): --PlayActionService--action----MEDIA_PLAY_MONITOR_MESSAGE
01-22 15:03:50.622 I/recevier:PlayActionService$1.handleMessage(L:72)( 4842): ----------msgType:PLAY_START,intent:Intent { act=MEDIA_PLAY_MONITOR_MESSAGE flg=0x1000010 (has extras) }
01-22 15:03:50.623 I/recevier:CollectQoeData.doAction(L:226)( 4842): ---------id----21
01-22 15:03:50.624 W/recevier:CollectQoeData.doAction(L:276)( 4842): -222-PLAY_START--PLAY_START
01-22 15:03:50.625 W/recevier:CollectQoeData.doAction(L:290)( 4842): --222-PLAY_START--PLAY_TIME=0
01-22 15:03:50.625 W/recevier:CollectQoeData.doAction(L:291)( 4842): --222-PLAY_START---END_TIME=1705907030611---15:03:50.611
01-22 15:03:50.626 W/recevier:CollectQoeData.doAction(L:293)( 4842): --222-PLAY_START--WIDTH=1920
01-22 15:03:50.626 W/recevier:CollectQoeData.doAction(L:294)( 4842): --222-PLAY_START--HEIGHT=1080
01-22 15:03:50.627 W/recevier:CollectQoeData.doAction(L:295)( 4842): --222-PLAY_START--framerate=30
01-22 15:03:50.628 D/UPLOADACTION( 4842): 21#PLAY_START#1705907030611#0#8149724#1920X1080#30#H264#AAC
01-22 15:03:50.629 D/recevier:CollectQoeData.showInfo(L:832)( 4842): showInfo isShow = true
01-22 15:03:50.629 D/recevier:CollectQoeData.showInfo(L:833)( 4842): MainActivity.show = true
01-22 15:03:50.647 I/recevier:BootReceiver.onReceive(L:22)( 4842): ----action----MEDIA_PLAY_MONITOR_MESSAGE
01-22 15:03:50.736 E/TaskPersister( 3073): File error accessing recents directory (directory doesn't exist?).
01-22 15:03:50.771 D/pcapcmcc4( 4299): capture param _chen2 = 0, 0
01-22 15:03:50.780 D/pcapcmcc4( 4299): clear_list_clear time(1705907030.779805) 	 sleep_count(13) 	 device name(eth0) 	 queue size(28) 	 tcp size(36) 	 unOrder size(1)
01-22 15:03:50.780 D/pcapcmcc4( 4299): send_rtp_not_finish is_delete = 1, count = 0, all = 13
01-22 15:03:50.780 D/pcapcmcc4( 4299): send_ts_not_finish
01-22 15:03:50.780 D/pcapcmcc4( 4299): send_ts_not_finish: 239.255.255.250
01-22 15:03:50.780 D/pcapcmcc4( 4299): send_ts_not_finish: ff02::1:3
01-22 15:03:50.780 D/pcapcmcc4( 4299): send_ts_not_finish: ff02::c
01-22 15:03:50.780 D/pcapcmcc4( 4299): send_ts_not_finish: ff02::fb
01-22 15:03:50.780 D/pcapcmcc4( 4299): send_ts_not_finish: ff02::1:ff95:36fc
01-22 15:03:50.780 D/pcapcmcc4( 4299): send_ts_not_finish: ff02::1:ffbf:8c1f
01-22 15:03:50.780 D/pcapcmcc4( 4299): send_ts_not_finish: ff02::1:ffdb:1b4d
01-22 15:03:50.780 D/pcapcmcc4( 4299): send_ts_not_finish: 224.0.0.251
01-22 15:03:50.780 D/pcapcmcc4( 4299): send_ts_not_finish is_delete = 1, count = 0, all = 8
01-22 15:03:50.780 D/pcapcmcc4( 4299): send_dns_not_finish
01-22 15:03:50.780 D/pcapcmcc4( 4299): send_dns_not_finish is_delete = 1, count = 0, all = 0
01-22 15:03:50.780 D/pcapcmcc4( 4299): clear_redirect_http_infos start
01-22 15:03:50.780 D/pcapcmcc4( 4299): clear_redirect_http_infos count = 0
01-22 15:03:50.780 D/pcapcmcc4( 4299): clear_list_g_capture_packets_num = 1285912, 0, 1273117, ret = -964, sleep = 199965
01-22 15:03:50.780 D/pcapcmcc4( 4299): malloc_size2: 188711, 65382, 172926, 188711
01-22 15:03:50.780 D/pcapcmcc4( 4299): clear_list end 
01-22 15:03:50.790 I/amadec  ( 2990): unable to getsystime--
01-22 15:03:50.790 I/amadec  ( 2990): 
01-22 15:03:50.790 I/amadec  ( 2990):  [[[35604,32000,2,50,255]]]
01-22 15:03:50.790 D/media_ctl( 2990): set media.video.slowsync_repeat_enable =1
01-22 15:03:50.790 I/amadec  ( 2990): slowsync repeate : 1 
01-22 15:03:50.790 I/amadec  ( 2990): audio pts start from 0x352a80f6
01-22 15:03:50.790 D/media_ctl( 2990): setstr media.tsync.event =AUDIO_START:0x352a80f6
01-22 15:03:50.791 I/amplayer( 2990): [handle_current_time:692]scr=0x352a80f6 pts=0x352a80f6 diff=0x0 
01-22 15:03:50.847 I/gefo-browser( 3939): [log][video menu createProgramList videoCheckList[3].id:]
01-22 15:03:50.850 I/gefo-browser( 3939): [log][video--setCheckListDefault params={"uuid":"cctv-2","programId":"","startTime":0,"endTime":0,"noCache":false,"useCache":true,"firstInit":true,"assortId":"3"}]
01-22 15:03:50.852 I/gefo-browser( 3939): [log][video---setCheckListDefault videoCheckList=[{"index":1,"id":"cctv-2"},{"index":1,"id":"20240122"},{"index":15,"id":""},{"index":0,"id":"3"}]]
01-22 15:03:50.867 I/amplayer( 2990): **[update_state]pid:21 status=PLAYING(last:PLAYING) err=0x0 curtime=0 (ms:71) fulltime=-1 lsttime=0
01-22 15:03:50.867 I/amplayer( 2990): **[update_state]abuflevel=0.00791041 vbublevel=0.23619929 sbublevel=0.00000000 abufrp=5a812d80 vbufrp=59c80800 read_end=0
01-22 15:03:50.867 I/amplayer( 2990): 
01-22 15:03:50.867 I/amplayer( 2990): [v] idx:0,nb_packets:74, max_seekback:600000, frame_dur:3600, in:74, out:74, left:0, backnum:74, forwnum:0
01-22 15:03:50.867 I/amplayer( 2990): 
01-22 15:03:50.867 I/amplayer( 2990): [a] idx:1,nb_packets:94, max_seekback:1200000, in:94, out:94, backnum:94, forwnum:0
01-22 15:03:50.867 I/amplayer( 2990): [v]discard fid:0,first_fid:4,cur_fid:168,lst_fid:168
01-22 15:03:50.867 I/amplayer( 2990): [a]first_fid:1,cur_fid:167,last_fid:167
01-22 15:03:50.867 I/amplayer( 2990): mem:3047257,current_ms:71, starttime_ms:0, discont_ms:0, seek_discont_ms:-1
01-22 15:03:50.867 I/amplayer( 2990): duration:in:74, out:74, frame_dur_pts:3600, total_cache_ms:2960, playtime_ms:72, cache_ms:2808
01-22 15:03:50.867 I/amplayer( 2990): video cache_ms:2808
01-22 15:03:50.867 V/AmlogicPlayer( 2990): update_process pid=21, current=0,status=[PLAYING],last status=[PLAYING]
01-22 15:03:50.867 W/AmlogicPlayer( 2990): Reset buffering flags.
01-22 15:03:50.867 V/AmlogicPlayer( 2990): Playing percent =0,mPlayTime:0,mStreamTime:9910883
01-22 15:03:50.867 V/M3uSession( 2990): Got current stream estimate bandwidth,8149724
01-22 15:03:50.867 I/amplayer( 2990): [player_get_bitrate: 1324] Bitrate vrate+arate=8149724 decoder_bitrate=0
01-22 15:03:50.867 E/AmlogicPlayer( 2990): UpdateProcess rate 8149724, download_speed 0 info->status 0
01-22 15:03:50.867 V/AmSuperPlayer( 2990): Notify 1 cookie=0xa2accbf0,msg=c8,ext1=2c1,ext2=7c5adc
01-22 15:03:50.867 V/AmSuperPlayer( 2990): Notify 1 cookie=0xa2accbf0,msg=c8,ext1=2bf,ext2=0
01-22 15:03:50.867 D/MediaPlayerNative( 3939): message received msg=200, ext1=705, ext2=8149724
01-22 15:03:50.868 D/MediaPlayerNative( 3939): message received msg=200, ext1=703, ext2=0
01-22 15:03:50.868 E/SoftProbeReoprt( 3939): msg.what:200
01-22 15:03:50.868 E/SoftProbeReoprt( 3939): msg.what:200
01-22 15:03:50.870 I/gefo-browser( 3939): [log][20220218fe-disable fe-focus fe-cache]
01-22 15:03:50.883 D/CecService( 3536): [checkHdmiStatus][157]: HdmiStatus:;oldHdmiState:;CecAction:;oldCecAction=:;==mIsTimeStart==false 
01-22 15:03:50.909 I/gefo-browser( 3939): [log][isReplayChannel...1805...none]
01-22 15:03:50.910 I/gefo-browser( 3939): [log][isReplayChannel...1805...-1]
01-22 15:03:50.910 I/gefo-browser( 3939): [log][isReplayChannel...1805...0]
01-22 15:03:50.910 I/gefo-browser( 3939): [log][setProgramData...down...0]
01-22 15:03:50.911 I/gefo-browser( 3939): [log][isReplayChannel...1805...none]
01-22 15:03:50.911 I/gefo-browser( 3939): [log][isReplayChannel...1805...-1]
01-22 15:03:50.911 I/gefo-browser( 3939): [log][isReplayChannel...1805...1]
01-22 15:03:50.912 I/gefo-browser( 3939): [log][setProgramData...down...1]
01-22 15:03:50.913 I/gefo-browser( 3939): [log][isReplayChannel...1805...none]
01-22 15:03:50.913 I/gefo-browser( 3939): [log][isReplayChannel...1805...-1]
01-22 15:03:50.913 I/gefo-browser( 3939): [log][isReplayChannel...1805...2]
01-22 15:03:50.913 I/gefo-browser( 3939): [log][setProgramData...down...2]
01-22 15:03:50.913 I/gefo-browser( 3939): [log][isReplayChannel...1805...none]
01-22 15:03:50.913 I/gefo-browser( 3939): [log][isReplayChannel...1805...-1]
01-22 15:03:50.913 I/gefo-browser( 3939): [log][isReplayChannel...1805...3]
01-22 15:03:50.913 I/gefo-browser( 3939): [log][setProgramData...down...3]
01-22 15:03:50.914 I/gefo-browser( 3939): [log][isReplayChannel...1805...none]
01-22 15:03:50.914 I/gefo-browser( 3939): [log][isReplayChannel...1805...-1]
01-22 15:03:50.914 I/gefo-browser( 3939): [log][isReplayChannel...1805...4]
01-22 15:03:50.914 I/gefo-browser( 3939): [log][setProgramData...down...4]
01-22 15:03:50.914 I/gefo-browser( 3939): [log][isReplayChannel...1805...none]
01-22 15:03:50.914 I/gefo-browser( 3939): [log][isReplayChannel...1805...-1]
01-22 15:03:50.914 I/gefo-browser( 3939): [log][isReplayChannel...1805...5]
01-22 15:03:50.914 I/gefo-browser( 3939): [log][setProgramData...down...5]
01-22 15:03:50.915 I/gefo-browser( 3939): [log][isReplayChannel...1805...none]
01-22 15:03:50.915 I/gefo-browser( 3939): [log][isReplayChannel...1805...-1]
01-22 15:03:50.915 I/gefo-browser( 3939): [log][isReplayChannel...1805...6]
01-22 15:03:50.916 I/gefo-browser( 3939): [log][setProgramData...down...6]
01-22 15:03:50.917 I/gefo-browser( 3939): [log][isReplayChannel...1805...none]
01-22 15:03:50.917 I/gefo-browser( 3939): [log][isReplayChannel...1805...-1]
01-22 15:03:50.917 I/gefo-browser( 3939): [log][isReplayChannel...1805...7]
01-22 15:03:50.917 I/gefo-browser( 3939): [log][setProgramData...down...7]
01-22 15:03:50.917 I/gefo-browser( 3939): [log][isReplayChannel...1805...none]
01-22 15:03:50.917 I/gefo-browser( 3939): [log][isReplayChannel...1805...-1]
01-22 15:03:50.917 I/gefo-browser( 3939): [log][isReplayChannel...1805...8]
01-22 15:03:50.917 I/gefo-browser( 3939): [log][setProgramData...down...8]
01-22 15:03:50.917 I/gefo-browser( 3939): [log][isReplayChannel...1805...none]
01-22 15:03:50.917 I/gefo-browser( 3939): [log][isReplayChannel...1805...-1]
01-22 15:03:50.917 I/gefo-browser( 3939): [log][isReplayChannel...1805...9]
01-22 15:03:50.918 I/gefo-browser( 3939): [log][setProgramData...down...9]
01-22 15:03:50.918 I/gefo-browser( 3939): [log][isReplayChannel...1805...none]
01-22 15:03:50.918 I/gefo-browser( 3939): [log][isReplayChannel...1805...-1]
01-22 15:03:50.918 I/gefo-browser( 3939): [log][isReplayChannel...1805...10]
01-22 15:03:50.918 I/gefo-browser( 3939): [log][setProgramData...down...10]
01-22 15:03:50.918 I/gefo-browser( 3939): [log][isReplayChannel...1805...none]
01-22 15:03:50.918 I/gefo-browser( 3939): [log][isReplayChannel...1805...-1]
01-22 15:03:50.918 I/gefo-browser( 3939): [log][isReplayChannel...1805...11]
01-22 15:03:50.918 I/gefo-browser( 3939): [log][setProgramData...down...11]
01-22 15:03:50.918 I/gefo-browser( 3939): [log][isReplayChannel...1805...none]
01-22 15:03:50.918 I/gefo-browser( 3939): [log][isReplayChannel...1805...-1]
01-22 15:03:50.918 I/gefo-browser( 3939): [log][isReplayChannel...1805...12]
01-22 15:03:50.918 I/gefo-browser( 3939): [log][setProgramData...down...12]
01-22 15:03:50.918 I/gefo-browser( 3939): [log][isReplayChannel...1805...none]
01-22 15:03:50.918 I/gefo-browser( 3939): [log][isReplayChannel...1805...-1]
01-22 15:03:50.918 I/gefo-browser( 3939): [log][isReplayChannel...1805...13]
01-22 15:03:50.919 I/gefo-browser( 3939): [log][setProgramData...down...13]
01-22 15:03:50.919 I/gefo-browser( 3939): [log][isReplayChannel...1805...none]
01-22 15:03:50.919 I/gefo-browser( 3939): [log][isReplayChannel...1805...-1]
01-22 15:03:50.919 I/gefo-browser( 3939): [log][isReplayChannel...1805...14]
01-22 15:03:50.919 I/gefo-browser( 3939): [log][setProgramData...down...14]
01-22 15:03:50.919 I/gefo-browser( 3939): [log][cacheIndex...false]
01-22 15:03:50.928 I/gefo-browser( 3939): [log][cacheIndex...15]
01-22 15:03:50.928 I/gefo-browser( 3939): [log][isReplayChannel...1805...play]
01-22 15:03:50.928 I/gefo-browser( 3939): [log][isReplayChannel...1805...15]
01-22 15:03:50.928 I/gefo-browser( 3939): [log][isReplayChannel...1805...15]
01-22 15:03:50.928 I/gefo-browser( 3939): [log][setProgramData...up...15]
01-22 15:03:50.929 I/gefo-browser( 3939): [log][isReplayChannel...1805...replay]
01-22 15:03:50.929 I/gefo-browser( 3939): [log][isReplayChannel...1805...15]
01-22 15:03:50.929 I/gefo-browser( 3939): [log][isReplayChannel...1805...16]
01-22 15:03:50.929 I/gefo-browser( 3939): [log][setProgramData...down...16]
01-22 15:03:50.938 I/gefo-browser( 3939): [log][isReplayChannel...1805...replay]
01-22 15:03:50.938 I/gefo-browser( 3939): [log][isReplayChannel...1805...15]
01-22 15:03:50.938 I/gefo-browser( 3939): [log][isReplayChannel...1805...17]
01-22 15:03:50.938 I/gefo-browser( 3939): [log][setProgramData...down...17]
01-22 15:03:50.939 I/gefo-browser( 3939): [log][isReplayChannel...1805...replay]
01-22 15:03:50.939 I/gefo-browser( 3939): [log][isReplayChannel...1805...15]
01-22 15:03:50.939 I/gefo-browser( 3939): [log][isReplayChannel...1805...18]
01-22 15:03:50.940 I/gefo-browser( 3939): [log][setProgramData...down...18]
01-22 15:03:50.941 I/gefo-browser( 3939): [log][isReplayChannel...1805...replay]
01-22 15:03:50.941 I/gefo-browser( 3939): [log][isReplayChannel...1805...15]
01-22 15:03:50.941 I/gefo-browser( 3939): [log][isReplayChannel...1805...19]
01-22 15:03:50.941 I/gefo-browser( 3939): [log][setProgramData...down...19]
01-22 15:03:50.941 I/gefo-browser( 3939): [log][isReplayChannel...1805...replay]
01-22 15:03:50.941 I/gefo-browser( 3939): [log][isReplayChannel...1805...15]
01-22 15:03:50.941 I/gefo-browser( 3939): [log][isReplayChannel...1805...20]
01-22 15:03:50.941 I/gefo-browser( 3939): [log][setProgramData...down...20]
01-22 15:03:50.942 I/gefo-browser( 3939): [log][isReplayChannel...1805...replay]
01-22 15:03:50.942 I/gefo-browser( 3939): [log][isReplayChannel...1805...15]
01-22 15:03:50.942 I/gefo-browser( 3939): [log][isReplayChannel...1805...21]
01-22 15:03:50.942 I/gefo-browser( 3939): [log][setProgramData...down...21]
01-22 15:03:50.942 I/gefo-browser( 3939): [log][isReplayChannel...1805...replay]
01-22 15:03:50.942 I/gefo-browser( 3939): [log][isReplayChannel...1805...15]
01-22 15:03:50.942 I/gefo-browser( 3939): [log][isReplayChannel...1805...22]
01-22 15:03:50.942 I/gefo-browser( 3939): [log][setProgramData...down...22]
01-22 15:03:50.946 I/gefo-browser( 3939): [log][isReplayChannel...1805...replay]
01-22 15:03:50.946 I/gefo-browser( 3939): [log][isReplayChannel...1805...15]
01-22 15:03:50.948 I/gefo-browser( 3939): [log][isReplayChannel...1805...23]
01-22 15:03:50.948 I/gefo-browser( 3939): [log][setProgramData...down...23]
01-22 15:03:50.949 I/gefo-browser( 3939): [log][isReplayChannel...1805...replay]
01-22 15:03:50.949 I/gefo-browser( 3939): [log][isReplayChannel...1805...15]
01-22 15:03:50.949 I/gefo-browser( 3939): [log][isReplayChannel...1805...24]
01-22 15:03:50.949 I/gefo-browser( 3939): [log][setProgramData...down...24]
01-22 15:03:50.950 I/gefo-browser( 3939): [log][isReplayChannel...1805...replay]
01-22 15:03:50.950 I/gefo-browser( 3939): [log][isReplayChannel...1805...15]
01-22 15:03:50.950 I/gefo-browser( 3939): [log][isReplayChannel...1805...25]
01-22 15:03:50.952 I/gefo-browser( 3939): [log][setProgramData...down...25]
01-22 15:03:50.952 I/gefo-browser( 3939): [log][isReplayChannel...1805...replay]
01-22 15:03:50.955 I/gefo-browser( 3939): [log][isReplayChannel...1805...15]
01-22 15:03:50.955 I/gefo-browser( 3939): [log][isReplayChannel...1805...26]
01-22 15:03:50.955 I/gefo-browser( 3939): [log][setProgramData...down...26]
01-22 15:03:50.957 I/gefo-browser( 3939): [log][isReplayChannel...1805...replay]
01-22 15:03:50.957 I/gefo-browser( 3939): [log][isReplayChannel...1805...15]
01-22 15:03:50.957 I/gefo-browser( 3939): [log][isReplayChannel...1805...27]
01-22 15:03:50.958 I/gefo-browser( 3939): [log][setProgramData...down...27]
01-22 15:03:50.960 I/gefo-browser( 3939): [log][isReplayChannel...1805...replay]
01-22 15:03:50.960 I/gefo-browser( 3939): [log][isReplayChannel...1805...15]
01-22 15:03:50.960 I/gefo-browser( 3939): [log][isReplayChannel...1805...28]
01-22 15:03:50.961 I/gefo-browser( 3939): [log][setProgramData...down...28]
01-22 15:03:50.961 I/gefo-browser( 3939): [log][isReplayChannel...1805...replay]
01-22 15:03:50.961 I/gefo-browser( 3939): [log][isReplayChannel...1805...15]
01-22 15:03:50.961 I/gefo-browser( 3939): [log][isReplayChannel...1805...29]
01-22 15:03:50.962 I/gefo-browser( 3939): [log][setProgramData...down...29]
01-22 15:03:50.962 I/gefo-browser( 3939): [log][isReplayChannel...1805...replay]
01-22 15:03:50.962 I/gefo-browser( 3939): [log][isReplayChannel...1805...15]
01-22 15:03:50.962 I/gefo-browser( 3939): [log][isReplayChannel...1805...30]
01-22 15:03:50.962 I/gefo-browser( 3939): [log][setProgramData...down...30]
01-22 15:03:50.962 I/gefo-browser( 3939): [log][isReplayChannel...1805...replay]
01-22 15:03:50.962 I/gefo-browser( 3939): [log][isReplayChannel...1805...15]
01-22 15:03:50.962 I/gefo-browser( 3939): [log][isReplayChannel...1805...31]
01-22 15:03:50.962 I/gefo-browser( 3939): [log][setProgramData...down...31]
01-22 15:03:50.963 I/gefo-browser( 3939): [log][isReplayChannel...1805...replay]
01-22 15:03:50.963 I/gefo-browser( 3939): [log][isReplayChannel...1805...15]
01-22 15:03:50.963 I/gefo-browser( 3939): [log][isReplayChannel...1805...32]
01-22 15:03:50.963 I/gefo-browser( 3939): [log][setProgramData...down...32]
01-22 15:03:50.963 I/gefo-browser( 3939): [log][isReplayChannel...1805...replay]
01-22 15:03:50.963 I/gefo-browser( 3939): [log][isReplayChannel...1805...15]
01-22 15:03:50.963 I/gefo-browser( 3939): [log][isReplayChannel...1805...33]
01-22 15:03:50.963 I/gefo-browser( 3939): [log][setProgramData...down...33]
01-22 15:03:50.963 I/gefo-browser( 3939): [log][isReplayChannel...1805...replay]
01-22 15:03:50.963 I/gefo-browser( 3939): [log][isReplayChannel...1805...15]
01-22 15:03:50.963 I/gefo-browser( 3939): [log][isReplayChannel...1805...34]
01-22 15:03:50.964 I/gefo-browser( 3939): [log][setProgramData...down...34]
01-22 15:03:50.964 I/gefo-browser( 3939): [log][isReplayChannel...1805...replay]
01-22 15:03:50.964 I/gefo-browser( 3939): [log][isReplayChannel...1805...15]
01-22 15:03:50.964 I/gefo-browser( 3939): [log][isReplayChannel...1805...35]
01-22 15:03:50.964 I/gefo-browser( 3939): [log][setProgramData...down...35]
01-22 15:03:50.964 I/gefo-browser( 3939): [log][isReplayChannel...1805...replay]
01-22 15:03:50.964 I/gefo-browser( 3939): [log][isReplayChannel...1805...15]
01-22 15:03:50.964 I/gefo-browser( 3939): [log][isReplayChannel...1805...36]
01-22 15:03:50.964 I/gefo-browser( 3939): [log][setProgramData...down...36]
01-22 15:03:50.964 I/gefo-browser( 3939): [log][isReplayChannel...1805...replay]
01-22 15:03:50.964 I/gefo-browser( 3939): [log][isReplayChannel...1805...15]
01-22 15:03:50.964 I/gefo-browser( 3939): [log][isReplayChannel...1805...37]
01-22 15:03:50.964 I/gefo-browser( 3939): [log][setProgramData...down...37]
01-22 15:03:50.965 I/gefo-browser( 3939): [log][isReplayChannel...1805...replay]
01-22 15:03:50.965 I/gefo-browser( 3939): [log][isReplayChannel...1805...15]
01-22 15:03:50.965 I/gefo-browser( 3939): [log][isReplayChannel...1805...38]
01-22 15:03:50.965 I/gefo-browser( 3939): [log][setProgramData...down...38]
01-22 15:03:50.965 I/gefo-browser( 3939): [log][isReplayChannel...1805...replay]
01-22 15:03:50.966 I/gefo-browser( 3939): [log][isReplayChannel...1805...15]
01-22 15:03:50.966 I/gefo-browser( 3939): [log][isReplayChannel...1805...39]
01-22 15:03:50.967 I/gefo-browser( 3939): [log][setProgramData...down...39]
01-22 15:03:51.088 D/IpNeighborMonitor( 3073): NeighborEvent{@2066941,RTM_NEWNEIGH,if=2,192.168.1.80,NUD_FAILED,[null]}
01-22 15:03:51.090 D/IpNeighborMonitor( 3073): NeighborEvent{@2066943,RTM_NEWNEIGH,if=2,192.168.1.80,NUD_FAILED,[null]}
01-22 15:03:51.091 W/IpClient.eth0( 3073): [IpReachabilityMonitor] WARN !mNeighborWatchList.containsKey(event.ip)
01-22 15:03:51.091 W/IpClient.eth0( 3073): [IpReachabilityMonitor] WARN mNeighborWatchList:{/192.168.1.1=NeighborEvent{@1925084,RTM_NEWNEIGH,if=2,192.168.1.1,NUD_REACHABLE,[78:10:53:4b:99:09]}}
01-22 15:03:51.092 W/IpClient.eth0( 3073): [IpReachabilityMonitor] WARN event.ip:/192.168.1.80
01-22 15:03:51.095 W/Ipv6Client.eth0( 3073): [IpReachabilityMonitor] WARN !mNeighborWatchList.containsKey(event.ip)
01-22 15:03:51.096 W/Ipv6Client.eth0( 3073): [IpReachabilityMonitor] WARN mNeighborWatchList:{/fe80::1=NeighborEvent{@2041053,RTM_NEWNEIGH,if=2,fe80::1,NUD_REACHABLE,[78:10:53:4b:99:09]}}
01-22 15:03:51.097 W/Ipv6Client.eth0( 3073): [IpReachabilityMonitor] WARN event.ip:/192.168.1.80
01-22 15:03:51.127 D/rtk_heartbeat( 2892): heartbeat_timed_out: heartbeatCmdCount = 2053, expected nextSeqNum = 2053
01-22 15:03:51.129 D/rtk_heartbeat( 2892): rtkbt_heartbeat_cmpl_cback: Current SeqNum = 2053,should SeqNum=2053, status = 0
01-22 15:03:51.137 I/amplayer( 2990): audio[200] used:1, in:113, out:112, forward:1, backward:112
01-22 15:03:51.175 I/amplayer( 2990): **[update_state]pid:21 status=PLAYING(last:PLAYING) err=0x0 curtime=0 (ms:371) fulltime=-1 lsttime=0
01-22 15:03:51.175 I/amplayer( 2990): **[update_state]abuflevel=0.00984828 vbublevel=0.27503023 sbublevel=0.00000000 abufrp=5a813680 vbufrp=59cc4600 read_end=0
01-22 15:03:51.175 I/amplayer( 2990): 
01-22 15:03:51.175 I/amplayer( 2990): [v] idx:0,nb_packets:92, max_seekback:600000, frame_dur:3600, in:92, out:91, left:1, backnum:91, forwnum:1
01-22 15:03:51.175 I/amplayer( 2990): 
01-22 15:03:51.175 I/amplayer( 2990): [a] idx:1,nb_packets:116, max_seekback:1200000, in:116, out:115, backnum:115, forwnum:1
01-22 15:03:51.175 I/amplayer( 2990): [v]discard fid:0,first_fid:4,cur_fid:206,lst_fid:208
01-22 15:03:51.175 I/amplayer( 2990): [a]first_fid:1,cur_fid:205,last_fid:207
01-22 15:03:51.175 I/amplayer( 2990): mem:3778359,current_ms:371, starttime_ms:0, discont_ms:0, seek_discont_ms:-1
01-22 15:03:51.175 I/amplayer( 2990): duration:in:92, out:91, frame_dur_pts:3600, total_cache_ms:3680, playtime_ms:372, cache_ms:3228
01-22 15:03:51.175 I/amplayer( 2990): video cache_ms:3228
01-22 15:03:51.175 V/AmlogicPlayer( 2990): update_process pid=21, current=0,status=[PLAYING],last status=[PLAYING]
01-22 15:03:51.175 W/AmlogicPlayer( 2990): Reset buffering flags.
01-22 15:03:51.175 V/AmlogicPlayer( 2990): Playing percent =0,mPlayTime:0,mStreamTime:9911183
01-22 15:03:51.175 V/M3uSession( 2990): Got current stream estimate bandwidth,8149724
01-22 15:03:51.175 I/amplayer( 2990): [player_get_bitrate: 1324] Bitrate vrate+arate=8149724 decoder_bitrate=0
01-22 15:03:51.175 E/AmlogicPlayer( 2990): UpdateProcess rate 8149724, download_speed 0 info->status 0
01-22 15:03:51.175 V/AmSuperPlayer( 2990): Notify 1 cookie=0xa2accbf0,msg=c8,ext1=2c1,ext2=7c5adc
01-22 15:03:51.175 V/AmSuperPlayer( 2990): Notify 1 cookie=0xa2accbf0,msg=c8,ext1=2bf,ext2=0
01-22 15:03:51.176 D/MediaPlayerNative( 3939): message received msg=200, ext1=705, ext2=8149724
01-22 15:03:51.176 D/MediaPlayerNative( 3939): message received msg=200, ext1=703, ext2=0
01-22 15:03:51.178 E/SoftProbeReoprt( 3939): msg.what:200
01-22 15:03:51.178 E/SoftProbeReoprt( 3939): msg.what:200
01-22 15:03:51.247 I/gefo-browser( 3939): [log][video playvideo start...]
01-22 15:03:51.249 I/gefo-browser( 3939): [log][video playvideo --->programId:]
01-22 15:03:51.253 I/gefo-browser( 3939): [log][resolution.js getChannelKbp:null]
01-22 15:03:51.263 I/gefo-browser( 3939): [log][{"uuid":"cctv-2","name":"CCTV-2 ","num":"2","isShowBack":1,"isReport":1,"isContinuePlay":0,"noPlayIsStop":1,"isCollect":1,"defaultResolution":"","resolution":[{"uuid":"cctv-2","name":"","url":"igmp://239.253.0.12:1025/1.m3u8/10000100000000050000000001117125/1.m3u8?livemode=1","timeShiftAlias":"1","multicastUrl":"igmp://239.253.0.12:1025/1.m3u8/10000100000000050000000001117125/1.m3u8?livemode=1","backPlayUrl":null,"backUnicastAddr":"","backUnicastTimeShiftAlias":"","rtspPlayAddr":"","timeShiftRule":"bjhw","weight":113,"isCumulativeDuration":0,"trialLength":null,"trialTimes":null,"corner":[],"ppvList":[],"trialTip":"","isShield":null,"shieldCycle":null,"trialCycle":null,"trialTipDelay":null,"poster":[{"posterType":103,"posterUrl":"http://images.center.bcs.ottcn.com:8080/images/ysten/images/ysten/TV/cctv-2/FJYXTBGX1229.png"},{"posterType":100,"posterUrl":"http://images.center.bcs.ottcn.com:8080/images/ysten/images/ysten/TV/cctv-2/cctv2.jpg"},{"posterType":101,"posterUrl":"http://images.c
01-22 15:03:51.263 I/gefo-browser( 3939): [log][video index.js saveprogramObj programObj:{"businessType":"watchtv","playType":"live","uuid":"cctv-2","channelName":"CCTV-2 ","bannerImg":"http://images.center.bcs.ottcn.com:8080/images/ysten/images/ysten/TV/cctv-2/cctv2.jpg","verticalImg":"http://images.center.bcs.ottcn.com:8080/images/ysten/images/ysten/TV/cctv-2/pdsb005.jpg","programId":1077314881,"programName":"","startTime":1705905000,"endTime":1705906800}]
01-22 15:03:51.281 I/gefo-browser( 3939): [log][filterList...fl...0]
01-22 15:03:51.282 I/gefo-browser( 3939): [log][filterList.length...140]
01-22 15:03:51.282 I/gefo-browser( 3939): [log][filterList...fl...1]
01-22 15:03:51.284 I/gefo-browser( 3939): [log][filterList.length...140]
01-22 15:03:51.287 I/gefo-browser( 3939): [log][filterList...fl...2]
01-22 15:03:51.287 I/gefo-browser( 3939): [log][filterList.length...140]
01-22 15:03:51.287 I/gefo-browser( 3939): [log][filterList...fl...3]
01-22 15:03:51.288 I/gefo-browser( 3939): [log][filterList.length...140]
01-22 15:03:51.288 I/gefo-browser( 3939): [log][filterList...fl...4]
01-22 15:03:51.288 I/gefo-browser( 3939): [log][filterList.length...140]
01-22 15:03:51.289 I/gefo-browser( 3939): [log][filterList...fl...5]
01-22 15:03:51.289 I/gefo-browser( 3939): [log][filterList.length...140]
01-22 15:03:51.290 I/gefo-browser( 3939): [log][filterList...fl...6]
01-22 15:03:51.290 I/gefo-browser( 3939): [log][filterList.length...140]
01-22 15:03:51.290 I/gefo-browser( 3939): [log][filterList...fl...7]
01-22 15:03:51.290 I/gefo-browser( 3939): [log][filterList.length...140]
01-22 15:03:51.290 I/gefo-browser( 3939): [log][filterList...fl...8]
01-22 15:03:51.290 I/gefo-browser( 3939): [log][filterList.length...140]
01-22 15:03:51.291 I/gefo-browser( 3939): [log][filterList...fl...9]
01-22 15:03:51.291 I/gefo-browser( 3939): [log][filterList.length...140]
01-22 15:03:51.291 I/gefo-browser( 3939): [log][filterList...fl...10]
01-22 15:03:51.291 I/gefo-browser( 3939): [log][filterList.length...140]
01-22 15:03:51.291 I/gefo-browser( 3939): [log][filterList...fl...11]
01-22 15:03:51.291 I/gefo-browser( 3939): [log][filterList.length...140]
01-22 15:03:51.291 I/gefo-browser( 3939): [log][filterList...fl...12]
01-22 15:03:51.291 I/gefo-browser( 3939): [log][filterList.length...140]
01-22 15:03:51.291 I/gefo-browser( 3939): [log][filterList...fl...13]
01-22 15:03:51.291 I/gefo-browser( 3939): [log][filterList.length...140]
01-22 15:03:51.291 I/gefo-browser( 3939): [log][filterList...fl...14]
01-22 15:03:51.291 I/gefo-browser( 3939): [log][filterList.length...140]
01-22 15:03:51.291 I/gefo-browser( 3939): [log][filterList...fl...15]
01-22 15:03:51.291 I/gefo-browser( 3939): [log][filterList.length...240]
01-22 15:03:51.291 I/gefo-browser( 3939): [log][filterList.length...2...25]
01-22 15:03:51.291 I/gefo-browser( 3939): [log][filterList...random...1]
01-22 15:03:51.291 I/gefo-browser( 3939): [log][filterList...random...isReplayChannel...undefined]
01-22 15:03:51.296 I/gefo-browser( 3939): [log][getChannelTitle]
01-22 15:03:51.297 I/gefo-browser( 3939): [log][video channelNumber:002,channelName:CCTV-2 ]
