01-22 15:03:44.885 D/CWMP    ( 5421): 2 APIParameterManager.getValue,value = Device.ManagementServer.URL
01-22 15:03:44.886 D/CWMP    ( 5421): DevInfoParamsEngine name: Device.ManagementServer.URL
01-22 15:03:44.886 D/CWMP    ( 5421): DevInfoParamsEngine realName: CMSURL
01-22 15:03:44.886 D/DevInfoService( 3073): get addrss... name=CMSURL
01-22 15:03:44.886 D/DevInfoService( 3073): get addrss name=CMSURL,value=http://rms.fja.bcs.ottcn.com:5481/ACS-server/ACS
01-22 15:03:44.887 D/CWMP    ( 5421): DevInfoParamsEngine CMSURL: http://rms.fja.bcs.ottcn.com:5481/ACS-server/ACS
01-22 15:03:44.887 D/CWMP    ( 5421): DevInfoParamsEngine name: Device.ManagementServer.URL
01-22 15:03:44.887 D/CWMP    ( 5421): DevInfoParamsEngine realName: CMSURL
01-22 15:03:44.887 D/DevInfoService( 3073): get addrss... name=CMSURL
01-22 15:03:44.887 D/DevInfoService( 3073): get addrss name=CMSURL,value=http://rms.fja.bcs.ottcn.com:5481/ACS-server/ACS
01-22 15:03:44.887 D/CWMP    ( 5421): DevInfoParamsEngine CMSURL: http://rms.fja.bcs.ottcn.com:5481/ACS-server/ACS
01-22 15:03:44.887 D/CWMP    ( 5421):  1 CWMPParameterManager.getParameterValue,name = Device.ManagementServer.URL,value = http://rms.fja.bcs.ottcn.com:5481/ACS-server/ACS
01-22 15:03:44.887 D/CWMP    ( 5421): 222 getChangedParameterValues cpeParameterMapName Device.ManagementServer.URL
01-22 15:03:44.887 D/CWMP    ( 5421): 222 getChangedParameterValues oldParameterValue http://rms.fja.bcs.ottcn.com:5481/ACS-server/ACS
01-22 15:03:44.888 D/CWMP    ( 5421): 222 getChangedParameterValues newParameterValue http://rms.fja.bcs.ottcn.com:5481/ACS-server/ACS
01-22 15:03:44.888 D/CWMP    ( 5421):  CWMPParameterManager.getParameterValue,name = Device.ManagementServer.ConnectionRequestURL
01-22 15:03:44.889 D/CWMP    ( 5421):  CWMPParameterManager.getParameterValue,parameter = net.sunniwell.cwmp.protocol.database.bean.CPEParameter@b2a2c43
01-22 15:03:44.889 D/CWMP    ( 5421):  4 CWMPParameterManager.getParameterValue,value = null
01-22 15:03:44.889 D/CWMP    ( 5421):  5 CWMPParameterManager.getParameterValue,value = http://192.168.1.15:7547/CPE_v1.0/
01-22 15:03:44.889 D/CWMP    ( 5421): 222 getChangedParameterValues cpeParameterMapName Device.ManagementServer.ConnectionRequestURL
01-22 15:03:44.889 D/CWMP    ( 5421): 222 getChangedParameterValues oldParameterValue http://192.168.1.15:7547/CPE_v1.0/
01-22 15:03:44.889 D/CWMP    ( 5421): 222 getChangedParameterValues newParameterValue http://192.168.1.15:7547/CPE_v1.0/
01-22 15:03:44.889 D/CWMP    ( 5421):  CWMPParameterManager.getParameterValue,name = Device.DeviceInfo.ConfigVersion
01-22 15:03:44.890 D/CWMP    ( 5421):  CWMPParameterManager.getParameterValue,parameter = net.sunniwell.cwmp.protocol.database.bean.CPEParameter@a841a1c
01-22 15:03:44.890 D/CWMP    ( 5421):  4 CWMPParameterManager.getParameterValue,value = null
01-22 15:03:44.890 D/CWMP    ( 5421):  5 CWMPParameterManager.getParameterValue,value = null
01-22 15:03:44.890 D/CWMP    ( 5421): 222 getChangedParameterValues cpeParameterMapName Device.DeviceInfo.ConfigVersion
01-22 15:03:44.890 D/CWMP    ( 5421): 222 getChangedParameterValues oldParameterValue null
01-22 15:03:44.890 D/CWMP    ( 5421): 222 getChangedParameterValues newParameterValue null
01-22 15:03:44.890 D/CWMP    ( 5421):  CWMPParameterManager.getParameterValue,name = Device.X_CMCC_OTV.ServiceInfo.PPPoEID
01-22 15:03:44.891 D/CWMP    ( 5421):  CWMPParameterManager.getParameterValue,parameter = net.sunniwell.cwmp.protocol.database.bean.CPEParameter@4419c9e
01-22 15:03:44.891 D/CWMP    ( 5421): 1 APIParameterManager.getValue,value = Device.X_CMCC_OTV.ServiceInfo.PPPoEID
01-22 15:03:44.891 D/CWMP    ( 5421): 2 APIParameterManager.getValue,value = Device.X_CMCC_OTV.ServiceInfo.PPPoEID
01-22 15:03:44.891 D/CWMP    ( 5421): 1 NetworkParamsEngine.getValue,value = Device.X_CMCC_OTV.ServiceInfo.PPPoEID
01-22 15:03:44.891 D/CWMP    ( 5421): 2 NetworkParamsEngine.getValue,realName = PPPoEID
01-22 15:03:44.892 I/EthernetTrackerCMCC( 3073): NetworkConfig for eth0: {iface:eth0 ipoev6Password:eF1UXlVRAml. stack:3 linkv6Type:0 ipv6Assignment:IPOE ipoev6UserName:13763834083@tv linkType:0 ipoeUserName:13763834083@tv ipAssignment:IPOE ipoePassword:eF1UXlVRAml. }
01-22 15:03:44.892 I/EthernetServiceImplCMCC( 3073):  getIpv4Configuration ret:{IP assignment: IPOE, pppoeUserName: null, pppoePassword: null, ipoeUserName: 13763834083@tv, ipoePassword: eF1UXlVRAml., Static configuration: {{IP address: Gateway:  DNS servers: [ ] Domains }}, Proxy settings: {NONE}}
01-22 15:03:44.893 D/CWMP    ( 5421):  1 CWMPParameterManager.getParameterValue,name = Device.X_CMCC_OTV.ServiceInfo.PPPoEID,value = null
01-22 15:03:44.893 D/CWMP    ( 5421): CWMPParameterManager.getValue , name = pppoe_user_name
01-22 15:03:44.893 D/CWMP    ( 5421): mCwmpStbManager = net.sunniwell.cwmp.protocol.manager.CWMPStbManager@ea927b7
01-22 15:03:44.895 D/CWMP    ( 5421):  3 CWMPParameterManager.getParameterValue,value = 
01-22 15:03:44.895 D/CWMP    ( 5421):  4 CWMPParameterManager.getParameterValue,value = 
01-22 15:03:44.895 D/CWMP    ( 5421):  5 CWMPParameterManager.getParameterValue,value = 
01-22 15:03:44.895 D/CWMP    ( 5421): 222 getChangedParameterValues cpeParameterMapName Device.X_CMCC_OTV.ServiceInfo.PPPoEID
01-22 15:03:44.895 D/CWMP    ( 5421): 222 getChangedParameterValues oldParameterValue 
01-22 15:03:44.895 D/CWMP    ( 5421): 222 getChangedParameterValues newParameterValue 
01-22 15:03:45.008 I/system_server( 3073): Background concurrent copying GC freed 49005(1880KB) AllocSpace objects, 3(124KB) LOS objects, 23% free, 6MB/8MB, paused 186us total 125.086ms
01-22 15:03:45.125 D/rtk_heartbeat( 2892): heartbeat_timed_out: heartbeatCmdCount = 2047, expected nextSeqNum = 2047
01-22 15:03:45.126 D/rtk_heartbeat( 2892): rtkbt_heartbeat_cmpl_cback: Current SeqNum = 2047,should SeqNum=2047, status = 0
01-22 15:03:45.420 W/ServiceManagement( 2987): Waited one second for android.hardware.drm@1.0::IDrmFactory/default. Waiting another...
01-22 15:03:45.567 W/ServiceManagement( 2987): Waited one second for android.hardware.drm@1.0::IDrmFactory/default. Waiting another...
01-22 15:03:45.766 D/pcapcmcc4( 4299): dns log: DNS@1@192.168.1.15#37248#211.138.151.161#53#2061613#2061617#log.fja.bcs.ottcn.com#1#2409:8087:3408:20:6000::35,2409:8087:3408:20:6000::33,2409:8087:3408:20:6000::34#28#1#
01-22 15:03:45.766 D/pcapcmcc4( 4299): 
01-22 15:03:45.777 D/pcapcmcc4( 4299): dns log: DNS@1@192.168.1.15#47601#211.138.151.161#53#2061618#2061622#log.fja.bcs.ottcn.com#1#218.207.221.34,218.207.221.33,218.207.221.35#1#1#
01-22 15:03:45.777 D/pcapcmcc4( 4299): 
01-22 15:03:45.777 D/pcapcmcc4( 4299): add_tcp_node_to_list_new:47724 
01-22 15:03:45.777 D/pcapcmcc4( 4299): reset pkg_num!
01-22 15:03:45.787 D/pcapcmcc4( 4299): send_tcp_data_to_server_new: 1
01-22 15:03:45.788 D/pcapcmcc4( 4299): --- Send session --- Addr(1, 2409:8a34:163:fd80:4ae5:33ff:fe29:db10 ~ 2409:8087:3408:20:6000::35) 
01-22 15:03:45.788 D/pcapcmcc4( 4299):  	 HTTPDATA:2409:8a34:163:fd80:4ae5:33ff:fe29:db10#47724#2409:8087:3408:20:6000::35#8080#2061630#2061634#2061634#2061642#2061635#2061642#2061642#6547#9#0#167#624#6#0#log.fja.bcs.ottcn.com:8080#/logger//stb/logup.action#200#15#0#0#1#87488#84316#65472#0#0#0#1#(null)##1#0#
01-22 15:03:45.788 D/pcapcmcc4( 4299): 
01-22 15:03:46.125 D/rtk_heartbeat( 2892): heartbeat_timed_out: heartbeatCmdCount = 2048, expected nextSeqNum = 2048
01-22 15:03:46.127 D/rtk_heartbeat( 2892): rtkbt_heartbeat_cmpl_cback: Current SeqNum = 2048,should SeqNum=2048, status = 0
01-22 15:03:46.338 D/XIRI_driver( 4239): send to xiri: {"cmd":"key","event":1,"keycode":353,"pid":1538,"vid":1046,"devnum":0}
01-22 15:03:46.339 D/WindowManager( 3073): keyCode =23
01-22 15:03:46.339 D/WindowManager( 3073): standbyMode =1
01-22 15:03:46.341 D/WindowManager( 3073): isScreenOn =true,mAllowWakeUpFromStandby==:true, mFalse_standby_status=0
01-22 15:03:46.341 D/WindowManager( 3073): isLockedAllKeys =0
01-22 15:03:46.341 D/WindowManager( 3073): isHandleHomeKey = 1
01-22 15:03:46.341 D/WindowManager( 3073): isHandlePowerKey =1
01-22 15:03:46.341 D/WindowManager( 3073): isHandleSettingKey =1
01-22 15:03:46.341 D/WindowManager( 3073): handleSystemKey =1
01-22 15:03:46.341 D/WindowManager( 3073): interceptKeyTq keycode=23 interactive=true keyguardActive=false policyFlags=22000001
01-22 15:03:46.343 D/WindowManager( 3073): interceptKeyTi keyCode=23 down=true repeatCount=0 keyguardOn=false mHomePressed=false canceled=false
01-22 15:03:46.343 D/WindowManager( 3073): [mobile] send keyevent broadcast=23 repeatCount:0
01-22 15:03:46.343 D/WindowManager( 3073): net.sunniwell.action.IR_TEST  lirphycode = 0x00ceDD22
01-22 15:03:46.346 D/SWADBService( 4832): [20240122150346345][net.sunniwell.service.platform.service.SWADBService$1][onReceive][75]:========receive action:net.sunniwell.action.KEY_PRESS_DOWN 
01-22 15:03:46.347 D/SWADBService( 4832): [20240122150346346][net.sunniwell.service.platform.service.SWADBService][getKeyCommand][318]:================mKeyIndex:0=====:82 
01-22 15:03:46.347 D/KeyTimeoutService( 3536): [lambda$registerReceiver$0$AStandbyService][210]: onKeyDown keyCode:23 
01-22 15:03:46.348 D/KeyTimeoutService( 3536): [checkStandby][62]: KeyTimeoutService isSleep is -1 
01-22 15:03:46.348 D/CecService( 3536): [lambda$registerReceiver$0$AStandbyService][210]: onKeyDown keyCode:23 
01-22 15:03:46.349 D/PowerKeyShutdownService( 3536): [lambda$registerReceiver$0$AStandbyService][210]: onKeyDown keyCode:23 
01-22 15:03:46.387 D/RemoteIME( 3839): keycode: 23, realAction: false
01-22 15:03:46.388 D/WaterFallActivity( 3939): onUserInteraction: start!!
01-22 15:03:46.420 W/ServiceManagement( 2987): Waited one second for android.hardware.drm@1.0::IDrmFactory/default. Waiting another...
01-22 15:03:46.488 D/XIRI_driver( 4239): send to xiri: {"cmd":"key","event":0,"keycode":353,"pid":1538,"vid":1046,"devnum":0}
01-22 15:03:46.488 D/WindowManager( 3073): keyCode =23
01-22 15:03:46.489 D/WindowManager( 3073): standbyMode =1
01-22 15:03:46.493 D/WindowManager( 3073): isScreenOn =true,mAllowWakeUpFromStandby==:true, mFalse_standby_status=0
01-22 15:03:46.493 D/WindowManager( 3073): isLockedAllKeys =0
01-22 15:03:46.493 D/WindowManager( 3073): isHandleHomeKey = 1
01-22 15:03:46.493 D/WindowManager( 3073): isHandlePowerKey =1
01-22 15:03:46.493 D/WindowManager( 3073): isHandleSettingKey =1
01-22 15:03:46.493 D/WindowManager( 3073): handleSystemKey =1
01-22 15:03:46.494 D/WindowManager( 3073): interceptKeyTq keycode=23 interactive=true keyguardActive=false policyFlags=22000000
01-22 15:03:46.495 D/WindowManager( 3073): interceptKeyTi keyCode=23 down=false repeatCount=0 keyguardOn=false mHomePressed=false canceled=false
01-22 15:03:46.521 D/RemoteIME( 3839): keycode: 23, realAction: true
01-22 15:03:46.566 D/WaterFallActivity( 3939): onUserInteraction: start!!
01-22 15:03:46.568 W/ServiceManagement( 2987): Waited one second for android.hardware.drm@1.0::IDrmFactory/default. Waiting another...
01-22 15:03:46.572 D/AuthenticationProvider( 3601): [20240122150346572][net.sunniwell.app.provider.AuthenticationProvider][query][2884]:the code is...=11 
01-22 15:03:46.576 D/AuthenticationProvider( 3601): [20240122150346575][net.sunniwell.app.provider.AuthenticationProvider][query][2884]:the code is...=11 
01-22 15:03:46.578 D/YstenSDK( 3939): isServiceEnable:false && isForce:false
01-22 15:03:46.578 E/YstenSDK( 3939): sendRmlMsg disconnect bindService 
01-22 15:03:46.581 I/ActivityManager( 3073): START u0 {act=com.baymax.action.OPEN_BROWSER cmp=tv.icntv.ott/com.istv.ystframework.browser.ott.InnerGefoActivity (has extras)} from uid 10013 callingPackage=tv.icntv.ott
01-22 15:03:46.599 D/ActivityManager( 3073): startActivityLocked packageName : tv.icntv.ott,classnamecom.istv.ystframework.browser.ott.InnerGefoActivity
01-22 15:03:46.625 W/WindowManager( 3073): [addWindow] title:Splash Screen tv.icntv.ott
01-22 15:03:46.668 D/WaterFallActivity( 3939): onUserInteraction: start!!
01-22 15:03:46.669 D/BackgroundVideoPlayer( 3939): onPause: 
01-22 15:03:46.672 D/YstenSDK( 3939): isServiceEnable:false && isForce:false
01-22 15:03:46.672 E/YstenSDK( 3939): sendRmlMsg disconnect bindService 
01-22 15:03:46.676 D/AuthenticationProvider( 3601): [20240122150346676][net.sunniwell.app.provider.AuthenticationProvider][query][2884]:the code is...=11 
01-22 15:03:46.699 W/android.os.Debug( 3073): failed to get memory consumption info: -1
01-22 15:03:46.737 W/ActivityThread( 3939): handleWindowVisibility: no activity for token android.os.BinderProxy@2d947f2
01-22 15:03:46.755 D/AuthenticationProvider( 3601): [20240122150346755][net.sunniwell.app.provider.AuthenticationProvider][query][2884]:the code is...=11 
01-22 15:03:46.760 D/AuthenticationProvider( 3601): [20240122150346759][net.sunniwell.app.provider.AuthenticationProvider][query][2884]:the code is...=12 
01-22 15:03:46.764 I/gefo-browser( 3939): SendBrowserEvent action[launch]ua[gefo8(ysten) v05b]url[https://tvlookbackpanel.taipan.fja.bcs.ottcn.com/watchTV2.0/watchTV8.0/index.html?templateId=0590&userId=119208237&source=4&fromChannel=panel&panelId=1172198374393249792&UserID=cmdcotttest3&UserToken=HD8ATHD8AT0zOTwdTqD9dXZjJbvmte8C]
01-22 15:03:46.765 I/gefo-browser( 3939): WebViewPage::launchAppPage: cur:0,size:2, url:https://tvlookbackpanel.taipan.fja.bcs.ottcn.com/watchTV2.0/watchTV8.0/index.html?templateId=0590&userId=119208237&source=4&fromChannel=panel&panelId=1172198374393249792&UserID=cmdcotttest3&UserToken=HD8ATHD8AT0zOTwdTqD9dXZjJbvmte8C
01-22 15:03:46.765 I/gefo-browser( 3939): WebViewPrivate::sendExposeEvent rect:0,0,1280,720
01-22 15:03:46.766 I/gefo-browser( 3939): WebViewPrivate::onExpose m_context is null
01-22 15:03:46.766 I/gefo-browser( 3939): ***updateWindow bitmap:0x8818f000, 0x0, 0x0
01-22 15:03:46.770 I/gefo-curl( 3939): getaddrinfo tvlookbackpanel.taipan.fja.bcs.ottcn.com 443
01-22 15:03:46.778 D/Analytics.UTTracker.send( 3939): [] sw_plugin:0
01-22 15:03:46.778 D/pcapcmcc4( 4299): check_no_data_event end: 0!
01-22 15:03:46.778 D/Analytics.UTAppLaunch.af( 3939): [UTAppLaunch] sendHotLaunch _is_hl:1
01-22 15:03:46.782 W/System.err( 3939): android.provider.Settings$SettingNotFoundException: IS_RESPOND_HOME_KEY
01-22 15:03:46.782 W/System.err( 3939): 	at android.provider.Settings$System.getIntForUser(Settings.java:2502)
01-22 15:03:46.782 W/System.err( 3939): 	at android.provider.Settings$System.getInt(Settings.java:2492)
01-22 15:03:46.782 W/System.err( 3939): 	at aes.e(NetworkNotice.java:768)
01-22 15:03:46.782 W/System.err( 3939): 	at com.baymax.lib.base.BaseActivity.onResume(BaseActivity.java:306)
01-22 15:03:46.782 W/System.err( 3939): 	at com.baymax.module.browser.old.InnerGefoActivity.onResume(InnerGefoActivity.java:180)
01-22 15:03:46.782 W/System.err( 3939): 	at com.istv.ystframework.browser.ott.InnerGefoActivity.onResume(Unknown Source:11)
01-22 15:03:46.782 W/System.err( 3939): 	at android.app.Instrumentation.callActivityOnResume(Instrumentation.java:1412)
01-22 15:03:46.782 W/System.err( 3939): 	at android.app.Activity.performResume(Activity.java:7300)
01-22 15:03:46.783 W/System.err( 3939): 	at android.app.ActivityThread.performResumeActivity(ActivityThread.java:3780)
01-22 15:03:46.783 W/System.err( 3939): 	at android.app.ActivityThread.handleResumeActivity(ActivityThread.java:3820)
01-22 15:03:46.783 W/System.err( 3939): 	at android.app.servertransaction.ResumeActivityItem.execute(ResumeActivityItem.java:51)
01-22 15:03:46.783 W/System.err( 3939): 	at android.app.servertransaction.TransactionExecutor.executeLifecycleState(TransactionExecutor.java:145)
01-22 15:03:46.783 W/System.err( 3939): 	at android.app.servertransaction.TransactionExecutor.execute(TransactionExecutor.java:70)
01-22 15:03:46.783 W/System.err( 3939): 	at android.app.ActivityThread$H.handleMessage(ActivityThread.java:1808)
01-22 15:03:46.783 W/System.err( 3939): 	at android.os.Handler.dispatchMessage(Handler.java:106)
01-22 15:03:46.783 W/System.err( 3939): 	at android.os.Looper.loop(Looper.java:193)
01-22 15:03:46.783 W/System.err( 3939): 	at android.app.ActivityThread.main(ActivityThread.java:6673)
01-22 15:03:46.783 W/System.err( 3939): 	at java.lang.reflect.Method.invoke(Native Method)
01-22 15:03:46.783 W/System.err( 3939): 	at com.android.internal.os.RuntimeInit$MethodAndArgsCaller.run(RuntimeInit.java:493)
01-22 15:03:46.783 W/System.err( 3939): 	at com.android.internal.os.ZygoteInit.main(ZygoteInit.java:891)
01-22 15:03:46.784 D/YstenSDK( 3939): isServiceEnable:false && isForce:false
01-22 15:03:46.784 E/YstenSDK( 3939): sendRmlMsg disconnect bindService 
01-22 15:03:46.787 D/AuthenticationProvider( 3601): [20240122150346787][net.sunniwell.app.provider.AuthenticationProvider][query][2884]:the code is...=11 
01-22 15:03:46.789 D/pcapcmcc4( 4299): dns log: DNS@1@192.168.1.15#1309#211.138.151.161#53#2062636#2062640#tvlookbackpanel.taipan.fja.bcs.ottcn.com#1#2409:8087:3408:20:6040::f9b4#28#1#
01-22 15:03:46.789 D/pcapcmcc4( 4299): 
01-22 15:03:46.795 I/gefo-curl( 3939): fam 10, CNAME <none>, 2409:8087:3408:20:6040::f9b4
01-22 15:03:46.795 I/gefo-curl( 3939): fam  2, CNAME <none>, 112.50.249.180
01-22 15:03:46.795 I/gefo-curl( 3939): getaddrinfo tvlookbackpanel.taipan.fja.bcs.ottcn.com 443 2
01-22 15:03:46.795 D/AuthenticationProvider( 3601): [20240122150346794][net.sunniwell.app.provider.AuthenticationProvider][query][2884]:the code is...=11 
01-22 15:03:46.797 I/gefo-curl( 3939): tvlookbackpanel.taipan.fja.bcs.ottcn.com 2 4985 0 2409:8087:3408:20:6040::f9b4
01-22 15:03:46.799 D/pcapcmcc4( 4299): dns log: DNS@1@192.168.1.15#63221#211.138.151.161#53#2062643#2062647#tvlookbackpanel.taipan.fja.bcs.ottcn.com#1#112.50.249.180#1#1#
01-22 15:03:46.799 D/pcapcmcc4( 4299): 
01-22 15:03:46.800 D/pcapcmcc4( 4299): add_tcp_node_to_list_new:41770 
01-22 15:03:46.800 D/pcapcmcc4( 4299): reset pkg_num!
01-22 15:03:46.802 I/gefo-browser( 3939): executeJS:restoreScene()
01-22 15:03:46.803 E/gefo-browser( 3939): Err:Can't find variable: restoreScene[1]about:blank
01-22 15:03:46.803 E/gefo-browser( 3939): global code@about:blank:1
01-22 15:03:46.803 I/gefo-browser( 3939): [error][ReferenceError: Can't find variable: restoreScene]
01-22 15:03:46.803 I/gefo-browser( 3939): [about:blank][1]
01-22 15:03:46.810 W/WindowManager( 3073): [addWindow] title:tv.icntv.ott/com.istv.ystframework.browser.ott.InnerGefoActivity
01-22 15:03:46.840 I/gefo-browser( 3939): enter SurfaceCreated 3939
01-22 15:03:46.841 I/gefo-browser( 3939): NativeWindow=1920,1080
01-22 15:03:46.876 D/CecService( 3536): [checkHdmiStatus][157]: HdmiStatus:;oldHdmiState:;CecAction:;oldCecAction=:;==mIsTimeStart==false 
01-22 15:03:46.889 E/gefo-browser( 3939): indexOf@[native code]
01-22 15:03:46.889 E/gefo-browser( 3939): @https://tvlookbackpanel.taipan.fja.bcs.ottcn.com/watchTV2.0/watchTV8.0/js/vendors.b8d571fef7fa05d48802.js:1
01-22 15:03:46.889 E/gefo-browser( 3939): exports@https://tvlookbackpanel.taipan.fja.bcs.ottcn.com/watchTV2.0/watchTV8.0/js/vendors.b8d571fef7fa05d48802.js:1
01-22 15:03:46.889 E/gefo-browser( 3939): exports@https://tvlookbackpanel.taipan.fja.bcs.ottcn.com/watchTV2.0/watchTV8.0/js/vendors.b8d571fef7fa05d48802.js:1
01-22 15:03:46.889 E/gefo-browser( 3939): u+ON@https://tvlookbackpanel.taipan.fja.bcs.ottcn.com/watchTV2.0/watchTV8.0/js/vendors.b8d571fef7fa05d48802.js:1
01-22 15:03:46.889 E/gefo-browser( 3939): l@https://tvlookbackpanel.taipan.fja.bcs.ottcn.com/watchTV2.0/watchTV8.0/js/runtime.7bce8fd27b53b8e4251a.js:1
01-22 15:03:46.889 E/gefo-browser( 3939): O3vZ@https://tvlookbackpanel.taipan.fja.bcs.ottcn.com/watchTV2.0/watchTV8.0/js/vendors.b8d571fef7fa05d48802.js:1
01-22 15:03:46.889 E/gefo-browser( 3939): l@https://tvlookbackpanel.taipan.fja.bcs.ottcn.com/watchTV2.0/watchTV8.0/js/runtime.7bce8fd27b53b8e4251a.js:1
01-22 15:03:46.889 E/gefo-browser( 3939): 9Mno@https://tvlookbackpanel.taipan.fja.bcs.ottcn.com/watchTV2.0/watchTV8.0/js/vendors.b8d571fef7fa05d48802.js:1
01-22 15:03:46.889 E/gefo-browser( 3939): l@https://tvlookbackpanel.taipan.fja.bcs.ottcn.com/watchTV2.0/watchTV8.0/js/runtime.7bce8fd27b53b8e42
01-22 15:03:46.889 E/gefo-browser( 3939): Err:'null' is not an object[1]https://tvlookbackpanel.taipan.fja.bcs.ottcn.com/watchTV2.0/watchTV8.0/js/vendors.b8d571fef7fa05d48802.js
01-22 15:03:46.889 E/gefo-browser( 3939): @https://tvlookbackpanel.taipan.fja.bcs.ottcn.com/watchTV2.0/watchTV8.0/js/vendors.b8d571fef7fa05d48802.js:1
01-22 15:03:46.889 E/gefo-browser( 3939): exports@https://tvlookbackpanel.taipan.fja.bcs.ottcn.com/watchTV2.0/watchTV8.0/js/vendors.b8d571fef7fa05d48802.js:1
01-22 15:03:46.889 E/gefo-browser( 3939): exports@https://tvlookbackpanel.taipan.fja.bcs.ottcn.com/watchTV2.0/watchTV8.0/js/vendors.b8d571fef7fa05d48802.js:1
01-22 15:03:46.889 E/gefo-browser( 3939): u+ON@https://tvlookbackpanel.taipan.fja.bcs.ottcn.com/watchTV2.0/watchTV8.0/js/vendors.b8d571fef7fa05d48802.js:1
01-22 15:03:46.889 E/gefo-browser( 3939): l@https://tvlookbackpanel.taipan.fja.bcs.ottcn.com/watchTV2.0/watchTV8.0/js/runtime.7bce8fd27b53b8e4251a.js:1
01-22 15:03:46.889 E/gefo-browser( 3939): O3vZ@https://tvlookbackpanel.taipan.fja.bcs.ottcn.com/watchTV2.0/watchTV8.0/js/vendors.b8d571fef7fa05d48802.js:1
01-22 15:03:46.889 E/gefo-browser( 3939): l@https://tvlookbackpanel.taipan.fja.bcs.ottcn.com/watchTV2.0/watchTV8.0/js/runtime.7bce8fd27b53b8e4251a.js:1
01-22 15:03:46.889 E/gefo-browser( 3939): 9Mno@https://tvlookbackpanel.taipan.fja.bcs.ottcn.com/watchTV2.0/watchTV8.0/js/vendors.b8d571fef7fa05d48802.js:1
01-22 15:03:46.889 E/gefo-browser( 3939): l@https://tvlookbackpanel.taipan.fja.bcs.ottcn.com/watchTV2.0/watchTV8.0/js/runtime.7bce8fd27b53b8e4251a.js:1
01-22 15:03:46.889 E/gefo-browser( 3939): J6x8@https://
01-22 15:03:46.897 I/gefo-browser( 3939): initWindowSurface:0x8348d800,0xa7360880,0x915e1800
01-22 15:03:46.897 I/gefo-browser( 3939): setCairoSurface:0x8818f000
01-22 15:03:46.897 I/gefo-browser( 3939): out SurfaceCreated
01-22 15:03:46.897 I/gefo-browser( 3939): SendBrowserEvent action[refresh]ua[gefo8(ysten) v05b]url[(null)]
01-22 15:03:46.898 I/gefo-browser( 3939): SendBrowserEvent action[refresh]ua[gefo8(ysten) v05b]url[(null)]
01-22 15:03:46.902 I/gefo-browser( 3939): WebViewPrivate::repaint rect.isEmpty
01-22 15:03:46.902 I/gefo-browser( 3939): WebViewPrivate::sendExposeEvent rect:0,0,1280,720
01-22 15:03:46.902 I/gefo-browser( 3939): WebViewPrivate::updateView rect:0,0,1280,720
01-22 15:03:46.919 V/PackageManager( 3073): getPackageInfo tv.icntv.ott: Package{404a8d6 tv.icntv.ott}
01-22 15:03:46.921 I/gefo-browser( 3939): WebViewPrivate::updateView rect:0,0,1280,720
01-22 15:03:46.942 I/gefo-browser( 3939): WebViewPrivate::updateView rect:0,0,1280,720
01-22 15:03:46.983 D/YstenSDK( 3939): isServiceEnable:false && isForce:false
01-22 15:03:46.983 E/YstenSDK( 3939): sendRmlMsg disconnect bindService 
01-22 15:03:47.019 I/ActivityManager( 3073): Displayed tv.icntv.ott/com.istv.ystframework.browser.ott.InnerGefoActivity: +319ms
01-22 15:03:47.022 V/PackageManager( 3073): getApplicationInfo com.droidlogic.inputmethod.remote: Package{34f10b6 com.droidlogic.inputmethod.remote}
01-22 15:03:47.044 V/PackageManager( 3073): getActivityInfo ComponentInfo{tv.icntv.ott/com.istv.ystframework.browser.ott.InnerGefoActivity}: Activity{f61c147 tv.icntv.ott/com.istv.ystframework.browser.ott.InnerGefoActivity}
01-22 15:03:47.126 D/rtk_heartbeat( 2892): heartbeat_timed_out: heartbeatCmdCount = 2049, expected nextSeqNum = 2049
01-22 15:03:47.127 D/rtk_heartbeat( 2892): rtkbt_heartbeat_cmpl_cback: Current SeqNum = 2049,should SeqNum=2049, status = 0
01-22 15:03:47.156 W/ContextImpl( 5141): Calling a method in the system process without a qualified user: android.app.ContextImpl.startForegroundService:1538 android.content.ContextWrapper.startForegroundService:669 com.iflytek.xirihelpersupervisor.util.ComponentUtil.startBaseService:117 com.iflytek.xiri.system.GetTopActivityTask.notifyTopActivity:127 com.iflytek.xiri.system.GetTopActivityTask.doCheckTopActivity:110 
01-22 15:03:47.157 D/AppOps  ( 3073): checkOperation =:76,uid==:10017pkg==:com.iflytek.xiri
01-22 15:03:47.158 D/GetTopActivity( 5141): [GetTopActivity] {tv.icntv.ott/com.istv.ystframework.browser.ott.InnerGefoActivity}
01-22 15:03:47.159 D/ConfigY-ProvinceConfig( 4580): return config key = ThirdPageCensusSwitch, cfg = false
01-22 15:03:47.159 D/ConfigY-ProvinceConfig( 4580): return config key = ThirdPageCensus, cfg = []
01-22 15:03:47.191 W/SurfaceFlinger( 2914): Attempting to set client state on removed layer: Splash Screen tv.icntv.ott#0
01-22 15:03:47.191 W/SurfaceFlinger( 2914): Attempting to destroy on removed layer: Splash Screen tv.icntv.ott#0
01-22 15:03:47.215 E/gefo-browser( 3939): indexOf@[native code]
01-22 15:03:47.215 E/gefo-browser( 3939): @https://tvlookbackpanel.taipan.fja.bcs.ottcn.com/watchTV2.0/watchTV8.0/js/vendors.b8d571fef7fa05d48802.js:1
01-22 15:03:47.215 E/gefo-browser( 3939): exports@https://tvlookbackpanel.taipan.fja.bcs.ottcn.com/watchTV2.0/watchTV8.0/js/vendors.b8d571fef7fa05d48802.js:1
01-22 15:03:47.215 E/gefo-browser( 3939): exports@https://tvlookbackpanel.taipan.fja.bcs.ottcn.com/watchTV2.0/watchTV8.0/js/vendors.b8d571fef7fa05d48802.js:1
01-22 15:03:47.215 E/gefo-browser( 3939): u+ON@https://tvlookbackpanel.taipan.fja.bcs.ottcn.com/watchTV2.0/watchTV8.0/js/vendors.b8d571fef7fa05d48802.js:1
01-22 15:03:47.215 E/gefo-browser( 3939): l@https://tvlookbackpanel.taipan.fja.bcs.ottcn.com/watchTV2.0/watchTV8.0/js/runtime.7bce8fd27b53b8e4251a.js:1
01-22 15:03:47.215 E/gefo-browser( 3939): O3vZ@https://tvlookbackpanel.taipan.fja.bcs.ottcn.com/watchTV2.0/watchTV8.0/js/vendors.b8d571fef7fa05d48802.js:1
01-22 15:03:47.215 E/gefo-browser( 3939): l@https://tvlookbackpanel.taipan.fja.bcs.ottcn.com/watchTV2.0/watchTV8.0/js/runtime.7bce8fd27b53b8e4251a.js:1
01-22 15:03:47.215 E/gefo-browser( 3939): 9Mno@https://tvlookbackpanel.taipan.fja.bcs.ottcn.com/watchTV2.0/watchTV8.0/js/vendors.b8d571fef7fa05d48802.js:1
01-22 15:03:47.215 E/gefo-browser( 3939): l@https://tvlookbackpanel.taipan.fja.bcs.ottcn.com/watchTV2.0/watchTV8.0/js/runtime.7bce8fd27b53b8e42
01-22 15:03:47.216 E/gefo-browser( 3939): Err:'null' is not an object[1]https://tvlookbackpanel.taipan.fja.bcs.ottcn.com/watchTV2.0/watchTV8.0/js/vendors.b8d571fef7fa05d48802.js
01-22 15:03:47.216 E/gefo-browser( 3939): @https://tvlookbackpanel.taipan.fja.bcs.ottcn.com/watchTV2.0/watchTV8.0/js/vendors.b8d571fef7fa05d48802.js:1
01-22 15:03:47.216 E/gefo-browser( 3939): exports@https://tvlookbackpanel.taipan.fja.bcs.ottcn.com/watchTV2.0/watchTV8.0/js/vendors.b8d571fef7fa05d48802.js:1
01-22 15:03:47.216 E/gefo-browser( 3939): exports@https://tvlookbackpanel.taipan.fja.bcs.ottcn.com/watchTV2.0/watchTV8.0/js/vendors.b8d571fef7fa05d48802.js:1
01-22 15:03:47.216 E/gefo-browser( 3939): u+ON@https://tvlookbackpanel.taipan.fja.bcs.ottcn.com/watchTV2.0/watchTV8.0/js/vendors.b8d571fef7fa05d48802.js:1
01-22 15:03:47.216 E/gefo-browser( 3939): l@https://tvlookbackpanel.taipan.fja.bcs.ottcn.com/watchTV2.0/watchTV8.0/js/runtime.7bce8fd27b53b8e4251a.js:1
01-22 15:03:47.216 E/gefo-browser( 3939): O3vZ@https://tvlookbackpanel.taipan.fja.bcs.ottcn.com/watchTV2.0/watchTV8.0/js/vendors.b8d571fef7fa05d48802.js:1
01-22 15:03:47.216 E/gefo-browser( 3939): l@https://tvlookbackpanel.taipan.fja.bcs.ottcn.com/watchTV2.0/watchTV8.0/js/runtime.7bce8fd27b53b8e4251a.js:1
01-22 15:03:47.216 E/gefo-browser( 3939): 9Mno@https://tvlookbackpanel.taipan.fja.bcs.ottcn.com/watchTV2.0/watchTV8.0/js/vendors.b8d571fef7fa05d48802.js:1
01-22 15:03:47.216 E/gefo-browser( 3939): l@https://tvlookbackpanel.taipan.fja.bcs.ottcn.com/watchTV2.0/watchTV8.0/js/runtime.7bce8fd27b53b8e4251a.js:1
01-22 15:03:47.216 E/gefo-browser( 3939): J6x8@https://
01-22 15:03:47.223 I/gefo-plugin( 3939): NPP_New:0xb03ac7b8
01-22 15:03:47.223 I/gefo-plugin( 3939): NPP_GetValue ScriptableObject:0xb03ac7b8
01-22 15:03:47.234 E/gefo-browser( 3939): reduce@[native code]
01-22 15:03:47.234 E/gefo-browser( 3939): @https://tvlookbackpanel.taipan.fja.bcs.ottcn.com/watchTV2.0/watchTV8.0/js/vendors.b8d571fef7fa05d48802.js:1
01-22 15:03:47.234 E/gefo-browser( 3939): exports@https://tvlookbackpanel.taipan.fja.bcs.ottcn.com/watchTV2.0/watchTV8.0/js/vendors.b8d571fef7fa05d48802.js:1
01-22 15:03:47.234 E/gefo-browser( 3939): exports@https://tvlookbackpanel.taipan.fja.bcs.ottcn.com/watchTV2.0/watchTV8.0/js/vendors.b8d571fef7fa05d48802.js:1
01-22 15:03:47.234 E/gefo-browser( 3939): TAYc@https://tvlookbackpanel.taipan.fja.bcs.ottcn.com/watchTV2.0/watchTV8.0/js/vendors.b8d571fef7fa05d48802.js:1
01-22 15:03:47.234 E/gefo-browser( 3939): l@https://tvlookbackpanel.taipan.fja.bcs.ottcn.com/watchTV2.0/watchTV8.0/js/runtime.7bce8fd27b53b8e4251a.js:1
01-22 15:03:47.234 E/gefo-browser( 3939): RLMD@https://tvlookbackpanel.taipan.fja.bcs.ottcn.com/watchTV2.0/watchTV8.0/js/vendors.b8d571fef7fa05d48802.js:1
01-22 15:03:47.234 E/gefo-browser( 3939): l@https://tvlookbackpanel.taipan.fja.bcs.ottcn.com/watchTV2.0/watchTV8.0/js/runtime.7bce8fd27b53b8e4251a.js:1
01-22 15:03:47.234 E/gefo-browser( 3939): szfI@https://tvlookbackpanel.taipan.fja.bcs.ottcn.com/watchTV2.0/watchTV8.0/js/vendors.b8d571fef7fa05d48802.js:1
01-22 15:03:47.234 E/gefo-browser( 3939): l@https://tvlookbackpanel.taipan.fja.bcs.ottcn.com/watchTV2.0/watchTV8.0/js/runtime.7bce8fd27b53b8e425
01-22 15:03:47.234 E/gefo-browser( 3939): Err:'null' is not an object[1]https://tvlookbackpanel.taipan.fja.bcs.ottcn.com/watchTV2.0/watchTV8.0/js/vendors.b8d571fef7fa05d48802.js
01-22 15:03:47.235 E/gefo-browser( 3939): @https://tvlookbackpanel.taipan.fja.bcs.ottcn.com/watchTV2.0/watchTV8.0/js/vendors.b8d571fef7fa05d48802.js:1
01-22 15:03:47.235 E/gefo-browser( 3939): exports@https://tvlookbackpanel.taipan.fja.bcs.ottcn.com/watchTV2.0/watchTV8.0/js/vendors.b8d571fef7fa05d48802.js:1
01-22 15:03:47.235 E/gefo-browser( 3939): exports@https://tvlookbackpanel.taipan.fja.bcs.ottcn.com/watchTV2.0/watchTV8.0/js/vendors.b8d571fef7fa05d48802.js:1
01-22 15:03:47.235 E/gefo-browser( 3939): TAYc@https://tvlookbackpanel.taipan.fja.bcs.ottcn.com/watchTV2.0/watchTV8.0/js/vendors.b8d571fef7fa05d48802.js:1
01-22 15:03:47.235 E/gefo-browser( 3939): l@https://tvlookbackpanel.taipan.fja.bcs.ottcn.com/watchTV2.0/watchTV8.0/js/runtime.7bce8fd27b53b8e4251a.js:1
01-22 15:03:47.235 E/gefo-browser( 3939): RLMD@https://tvlookbackpanel.taipan.fja.bcs.ottcn.com/watchTV2.0/watchTV8.0/js/vendors.b8d571fef7fa05d48802.js:1
01-22 15:03:47.235 E/gefo-browser( 3939): l@https://tvlookbackpanel.taipan.fja.bcs.ottcn.com/watchTV2.0/watchTV8.0/js/runtime.7bce8fd27b53b8e4251a.js:1
01-22 15:03:47.235 E/gefo-browser( 3939): szfI@https://tvlookbackpanel.taipan.fja.bcs.ottcn.com/watchTV2.0/watchTV8.0/js/vendors.b8d571fef7fa05d48802.js:1
01-22 15:03:47.235 E/gefo-browser( 3939): l@https://tvlookbackpanel.taipan.fja.bcs.ottcn.com/watchTV2.0/watchTV8.0/js/runtime.7bce8fd27b53b8e4251a.js:1
01-22 15:03:47.235 E/gefo-browser( 3939): fHRf@https://
01-22 15:03:47.274 E/gefo-browser( 3939): keys@[native code]
01-22 15:03:47.274 E/gefo-browser( 3939): @https://tvlookbackpanel.taipan.fja.bcs.ottcn.com/watchTV2.0/watchTV8.0/js/vendors.b8d571fef7fa05d48802.js:1
01-22 15:03:47.274 E/gefo-browser( 3939): exports@https://tvlookbackpanel.taipan.fja.bcs.ottcn.com/watchTV2.0/watchTV8.0/js/vendors.b8d571fef7fa05d48802.js:1
01-22 15:03:47.274 E/gefo-browser( 3939): CqEA@https://tvlookbackpanel.taipan.fja.bcs.ottcn.com/watchTV2.0/watchTV8.0/js/vendors.b8d571fef7fa05d48802.js:1
01-22 15:03:47.274 E/gefo-browser( 3939): l@https://tvlookbackpanel.taipan.fja.bcs.ottcn.com/watchTV2.0/watchTV8.0/js/runtime.7bce8fd27b53b8e4251a.js:1
01-22 15:03:47.274 E/gefo-browser( 3939): oM22@https://tvlookbackpanel.taipan.fja.bcs.ottcn.com/watchTV2.0/watchTV8.0/js/vendors.b8d571fef7fa05d48802.js:1
01-22 15:03:47.274 E/gefo-browser( 3939): l@https://tvlookbackpanel.taipan.fja.bcs.ottcn.com/watchTV2.0/watchTV8.0/js/runtime.7bce8fd27b53b8e4251a.js:1
01-22 15:03:47.274 E/gefo-browser( 3939): XEyi@https://tvlookbackpanel.taipan.fja.bcs.ottcn.com/watchTV2.0/watchTV8.0/js/vendors.b8d571fef7fa05d48802.js:1
01-22 15:03:47.274 E/gefo-browser( 3939): l@https://tvlookbackpanel.taipan.fja.bcs.ottcn.com/watchTV2.0/watchTV8.0/js/runtime.7bce8fd27b53b8e4251a.js:1
01-22 15:03:47.274 E/gefo-browser( 3939): +oHS@https://tvlookbackpanel.taipan.fja.bcs.ottcn.com/watchTV2.0/watchTV8.0/js/vendors.b8d571fef7fa05d48802.js
01-22 15:03:47.274 E/gefo-browser( 3939): Err:Requested keys of a value that is not an object.[1]https://tvlookbackpanel.taipan.fja.bcs.ottcn.com/watchTV2.0/watchTV8.0/js/vendors.b8d571fef7fa05d48802.js
01-22 15:03:47.274 E/gefo-browser( 3939): @https://tvlookbackpanel.taipan.fja.bcs.ottcn.com/watchTV2.0/watchTV8.0/js/vendors.b8d571fef7fa05d48802.js:1
01-22 15:03:47.274 E/gefo-browser( 3939): exports@https://tvlookbackpanel.taipan.fja.bcs.ottcn.com/watchTV2.0/watchTV8.0/js/vendors.b8d571fef7fa05d48802.js:1
01-22 15:03:47.274 E/gefo-browser( 3939): CqEA@https://tvlookbackpanel.taipan.fja.bcs.ottcn.com/watchTV2.0/watchTV8.0/js/vendors.b8d571fef7fa05d48802.js:1
01-22 15:03:47.274 E/gefo-browser( 3939): l@https://tvlookbackpanel.taipan.fja.bcs.ottcn.com/watchTV2.0/watchTV8.0/js/runtime.7bce8fd27b53b8e4251a.js:1
01-22 15:03:47.274 E/gefo-browser( 3939): oM22@https://tvlookbackpanel.taipan.fja.bcs.ottcn.com/watchTV2.0/watchTV8.0/js/vendors.b8d571fef7fa05d48802.js:1
01-22 15:03:47.274 E/gefo-browser( 3939): l@https://tvlookbackpanel.taipan.fja.bcs.ottcn.com/watchTV2.0/watchTV8.0/js/runtime.7bce8fd27b53b8e4251a.js:1
01-22 15:03:47.274 E/gefo-browser( 3939): XEyi@https://tvlookbackpanel.taipan.fja.bcs.ottcn.com/watchTV2.0/watchTV8.0/js/vendors.b8d571fef7fa05d48802.js:1
01-22 15:03:47.274 E/gefo-browser( 3939): l@https://tvlookbackpanel.taipan.fja.bcs.ottcn.com/watchTV2.0/watchTV8.0/js/runtime.7bce8fd27b53b8e4251a.js:1
01-22 15:03:47.274 E/gefo-browser( 3939): +oHS@https://tvlookbackpanel.taipan.fja.bcs.ottcn.com/watchTV2.0/watchTV8.0/js/vendors.b8d571fef7fa05d48802.js:1
01-22 15:03:47.274 E/gefo-browser( 3939): l@https://tvlook
01-22 15:03:47.282 E/gefo-browser( 3939): forEach@[native code]
01-22 15:03:47.282 E/gefo-browser( 3939): @https://tvlookbackpanel.taipan.fja.bcs.ottcn.com/watchTV2.0/watchTV8.0/js/vendors.b8d571fef7fa05d48802.js:1
01-22 15:03:47.282 E/gefo-browser( 3939): exports@https://tvlookbackpanel.taipan.fja.bcs.ottcn.com/watchTV2.0/watchTV8.0/js/vendors.b8d571fef7fa05d48802.js:1
01-22 15:03:47.282 E/gefo-browser( 3939): exports@https://tvlookbackpanel.taipan.fja.bcs.ottcn.com/watchTV2.0/watchTV8.0/js/vendors.b8d571fef7fa05d48802.js:1
01-22 15:03:47.282 E/gefo-browser( 3939): maQk@https://tvlookbackpanel.taipan.fja.bcs.ottcn.com/watchTV2.0/watchTV8.0/js/vendors.b8d571fef7fa05d48802.js:1
01-22 15:03:47.282 E/gefo-browser( 3939): l@https://tvlookbackpanel.taipan.fja.bcs.ottcn.com/watchTV2.0/watchTV8.0/js/runtime.7bce8fd27b53b8e4251a.js:1
01-22 15:03:47.282 E/gefo-browser( 3939): qLPT@https://tvlookbackpanel.taipan.fja.bcs.ottcn.com/watchTV2.0/watchTV8.0/js/vendors.b8d571fef7fa05d48802.js:1
01-22 15:03:47.282 E/gefo-browser( 3939): l@https://tvlookbackpanel.taipan.fja.bcs.ottcn.com/watchTV2.0/watchTV8.0/js/runtime.7bce8fd27b53b8e4251a.js:1
01-22 15:03:47.282 E/gefo-browser( 3939): VsT0@https://tvlookbackpanel.taipan.fja.bcs.ottcn.com/watchTV2.0/watchTV8.0/js/vendors.b8d571fef7fa05d48802.js:1
01-22 15:03:47.282 E/gefo-browser( 3939): l@https://tvlookbackpanel.taipan.fja.bcs.ottcn.com/watchTV2.0/watchTV8.0/js/runtime.7bce8fd27b53b8e42
01-22 15:03:47.282 E/gefo-browser( 3939): Err:'null' is not an object[1]https://tvlookbackpanel.taipan.fja.bcs.ottcn.com/watchTV2.0/watchTV8.0/js/vendors.b8d571fef7fa05d48802.js
01-22 15:03:47.282 E/gefo-browser( 3939): @https://tvlookbackpanel.taipan.fja.bcs.ottcn.com/watchTV2.0/watchTV8.0/js/vendors.b8d571fef7fa05d48802.js:1
01-22 15:03:47.282 E/gefo-browser( 3939): exports@https://tvlookbackpanel.taipan.fja.bcs.ottcn.com/watchTV2.0/watchTV8.0/js/vendors.b8d571fef7fa05d48802.js:1
01-22 15:03:47.282 E/gefo-browser( 3939): exports@https://tvlookbackpanel.taipan.fja.bcs.ottcn.com/watchTV2.0/watchTV8.0/js/vendors.b8d571fef7fa05d48802.js:1
01-22 15:03:47.282 E/gefo-browser( 3939): maQk@https://tvlookbackpanel.taipan.fja.bcs.ottcn.com/watchTV2.0/watchTV8.0/js/vendors.b8d571fef7fa05d48802.js:1
01-22 15:03:47.282 E/gefo-browser( 3939): l@https://tvlookbackpanel.taipan.fja.bcs.ottcn.com/watchTV2.0/watchTV8.0/js/runtime.7bce8fd27b53b8e4251a.js:1
01-22 15:03:47.282 E/gefo-browser( 3939): qLPT@https://tvlookbackpanel.taipan.fja.bcs.ottcn.com/watchTV2.0/watchTV8.0/js/vendors.b8d571fef7fa05d48802.js:1
01-22 15:03:47.282 E/gefo-browser( 3939): l@https://tvlookbackpanel.taipan.fja.bcs.ottcn.com/watchTV2.0/watchTV8.0/js/runtime.7bce8fd27b53b8e4251a.js:1
01-22 15:03:47.282 E/gefo-browser( 3939): VsT0@https://tvlookbackpanel.taipan.fja.bcs.ottcn.com/watchTV2.0/watchTV8.0/js/vendors.b8d571fef7fa05d48802.js:1
01-22 15:03:47.282 E/gefo-browser( 3939): l@https://tvlookbackpanel.taipan.fja.bcs.ottcn.com/watchTV2.0/watchTV8.0/js/runtime.7bce8fd27b53b8e4251a.js:1
01-22 15:03:47.282 E/gefo-browser( 3939): vA1p@https://
01-22 15:03:47.316 E/gefo-browser( 3939): querySelectorAll@[native code]
01-22 15:03:47.316 E/gefo-browser( 3939): @https://tvlookbackpanel.taipan.fja.bcs.ottcn.com/watchTV2.0/watchTV8.0/js/vendors.b8d571fef7fa05d48802.js:1
01-22 15:03:47.316 E/gefo-browser( 3939): at@https://tvlookbackpanel.taipan.fja.bcs.ottcn.com/watchTV2.0/watchTV8.0/js/vendors.b8d571fef7fa05d48802.js:1
01-22 15:03:47.316 E/gefo-browser( 3939): setDocument@https://tvlookbackpanel.taipan.fja.bcs.ottcn.com/watchTV2.0/watchTV8.0/js/vendors.b8d571fef7fa05d48802.js:1
01-22 15:03:47.316 E/gefo-browser( 3939): @https://tvlookbackpanel.taipan.fja.bcs.ottcn.com/watchTV2.0/watchTV8.0/js/vendors.b8d571fef7fa05d48802.js:1
01-22 15:03:47.316 E/gefo-browser( 3939): @https://tvlookbackpanel.taipan.fja.bcs.ottcn.com/watchTV2.0/watchTV8.0/js/vendors.b8d571fef7fa05d48802.js:1
01-22 15:03:47.316 E/gefo-browser( 3939): @https://tvlookbackpanel.taipan.fja.bcs.ottcn.com/watchTV2.0/watchTV8.0/js/vendors.b8d571fef7fa05d48802.js:1
01-22 15:03:47.316 E/gefo-browser( 3939): xexB@https://tvlookbackpanel.taipan.fja.bcs.ottcn.com/watchTV2.0/watchTV8.0/js/vendors.b8d571fef7fa05d48802.js:1
01-22 15:03:47.316 E/gefo-browser( 3939): l@https://tvlookbackpanel.taipan.fja.bcs.ottcn.com/watchTV2.0/watchTV8.0/js/runtime.7bce8fd27b53b8e4251a.js:1
01-22 15:03:47.316 E/gefo-browser( 3939): 7Qib@https://tvlookbackpanel.taipan.fja.bcs.ottcn.com/watchTV2.0/watchTV8.0/js/index_entry.246e3f971b7
01-22 15:03:47.316 E/gefo-browser( 3939): webkitMatchesSelector@[native code]
01-22 15:03:47.316 E/gefo-browser( 3939): @https://tvlookbackpanel.taipan.fja.bcs.ottcn.com/watchTV2.0/watchTV8.0/js/vendors.b8d571fef7fa05d48802.js:1
01-22 15:03:47.316 E/gefo-browser( 3939): at@https://tvlookbackpanel.taipan.fja.bcs.ottcn.com/watchTV2.0/watchTV8.0/js/vendors.b8d571fef7fa05d48802.js:1
01-22 15:03:47.316 E/gefo-browser( 3939): setDocument@https://tvlookbackpanel.taipan.fja.bcs.ottcn.com/watchTV2.0/watchTV8.0/js/vendors.b8d571fef7fa05d48802.js:1
01-22 15:03:47.316 E/gefo-browser( 3939): @https://tvlookbackpanel.taipan.fja.bcs.ottcn.com/watchTV2.0/watchTV8.0/js/vendors.b8d571fef7fa05d48802.js:1
01-22 15:03:47.316 E/gefo-browser( 3939): @https://tvlookbackpanel.taipan.fja.bcs.ottcn.com/watchTV2.0/watchTV8.0/js/vendors.b8d571fef7fa05d48802.js:1
01-22 15:03:47.316 E/gefo-browser( 3939): @https://tvlookbackpanel.taipan.fja.bcs.ottcn.com/watchTV2.0/watchTV8.0/js/vendors.b8d571fef7fa05d48802.js:1
01-22 15:03:47.316 E/gefo-browser( 3939): xexB@https://tvlookbackpanel.taipan.fja.bcs.ottcn.com/watchTV2.0/watchTV8.0/js/vendors.b8d571fef7fa05d48802.js:1
01-22 15:03:47.316 E/gefo-browser( 3939): l@https://tvlookbackpanel.taipan.fja.bcs.ottcn.com/watchTV2.0/watchTV8.0/js/runtime.7bce8fd27b53b8e4251a.js:1
01-22 15:03:47.316 E/gefo-browser( 3939): 7Qib@https://tvlookbackpanel.taipan.fja.bcs.ottcn.com/watchTV2.0/watchTV8.0/js/index_entry.246e3f
01-22 15:03:47.348 E/gefo-browser( 3939): Err:'undefined' is not a function[1]https://tvlookbackpanel.taipan.fja.bcs.ottcn.com/watchTV2.0/watchTV8.0/js/vendors.b8d571fef7fa05d48802.js
01-22 15:03:47.348 E/gefo-browser( 3939): exports@https://tvlookbackpanel.taipan.fja.bcs.ottcn.com/watchTV2.0/watchTV8.0/js/vendors.b8d571fef7fa05d48802.js:1
01-22 15:03:47.348 E/gefo-browser( 3939): yB81@https://tvlookbackpanel.taipan.fja.bcs.ottcn.com/watchTV2.0/watchTV8.0/js/vendors.b8d571fef7fa05d48802.js:1
01-22 15:03:47.348 E/gefo-browser( 3939): l@https://tvlookbackpanel.taipan.fja.bcs.ottcn.com/watchTV2.0/watchTV8.0/js/runtime.7bce8fd27b53b8e4251a.js:1
01-22 15:03:47.348 E/gefo-browser( 3939): 2kMU@https://tvlookbackpanel.taipan.fja.bcs.ottcn.com/watchTV2.0/watchTV8.0/js/vendors.b8d571fef7fa05d48802.js:1
01-22 15:03:47.348 E/gefo-browser( 3939): l@https://tvlookbackpanel.taipan.fja.bcs.ottcn.com/watchTV2.0/watchTV8.0/js/runtime.7bce8fd27b53b8e4251a.js:1
01-22 15:03:47.348 E/gefo-browser( 3939): Gw1d@https://tvlookbackpanel.taipan.fja.bcs.ottcn.com/watchTV2.0/watchTV8.0/js/vendors.b8d571fef7fa05d48802.js:1
01-22 15:03:47.348 E/gefo-browser( 3939): l@https://tvlookbackpanel.taipan.fja.bcs.ottcn.com/watchTV2.0/watchTV8.0/js/runtime.7bce8fd27b53b8e4251a.js:1
01-22 15:03:47.348 E/gefo-browser( 3939): jgZk@https://tvlookbackpanel.taipan.fja.bcs.ottcn.com/watchTV2.0/watchTV8.0/js/vendors.b8d571fef7fa05d48802.js:1
01-22 15:03:47.348 E/gefo-browser( 3939): l@https://tvlookbackpanel.taipan.fja.bcs.ottcn.com/watchTV2.0/watchTV8.0/js/runtime.7bce8fd27b53b8e4251a.js:1
01-22 15:03:47.348 E/gefo-browser( 3939): mnMc@https://tv
01-22 15:03:47.348 E/gefo-browser( 3939): Err:'undefined' is not a function[1]https://tvlookbackpanel.taipan.fja.bcs.ottcn.com/watchTV2.0/watchTV8.0/js/vendors.b8d571fef7fa05d48802.js
01-22 15:03:47.349 E/gefo-browser( 3939): exports@https://tvlookbackpanel.taipan.fja.bcs.ottcn.com/watchTV2.0/watchTV8.0/js/vendors.b8d571fef7fa05d48802.js:1
01-22 15:03:47.349 E/gefo-browser( 3939): yB81@https://tvlookbackpanel.taipan.fja.bcs.ottcn.com/watchTV2.0/watchTV8.0/js/vendors.b8d571fef7fa05d48802.js:1
01-22 15:03:47.349 E/gefo-browser( 3939): l@https://tvlookbackpanel.taipan.fja.bcs.ottcn.com/watchTV2.0/watchTV8.0/js/runtime.7bce8fd27b53b8e4251a.js:1
01-22 15:03:47.349 E/gefo-browser( 3939): 2kMU@https://tvlookbackpanel.taipan.fja.bcs.ottcn.com/watchTV2.0/watchTV8.0/js/vendors.b8d571fef7fa05d48802.js:1
01-22 15:03:47.349 E/gefo-browser( 3939): l@https://tvlookbackpanel.taipan.fja.bcs.ottcn.com/watchTV2.0/watchTV8.0/js/runtime.7bce8fd27b53b8e4251a.js:1
01-22 15:03:47.349 E/gefo-browser( 3939): Gw1d@https://tvlookbackpanel.taipan.fja.bcs.ottcn.com/watchTV2.0/watchTV8.0/js/vendors.b8d571fef7fa05d48802.js:1
01-22 15:03:47.349 E/gefo-browser( 3939): l@https://tvlookbackpanel.taipan.fja.bcs.ottcn.com/watchTV2.0/watchTV8.0/js/runtime.7bce8fd27b53b8e4251a.js:1
01-22 15:03:47.349 E/gefo-browser( 3939): jgZk@https://tvlookbackpanel.taipan.fja.bcs.ottcn.com/watchTV2.0/watchTV8.0/js/vendors.b8d571fef7fa05d48802.js:1
01-22 15:03:47.349 E/gefo-browser( 3939): l@https://tvlookbackpanel.taipan.fja.bcs.ottcn.com/watchTV2.0/watchTV8.0/js/runtime.7bce8fd27b53b8e4251a.js:1
01-22 15:03:47.349 E/gefo-browser( 3939): mnMc@https://tv
01-22 15:03:47.354 E/gefo-browser( 3939): Err:'undefined' is not a function[1]https://tvlookbackpanel.taipan.fja.bcs.ottcn.com/watchTV2.0/watchTV8.0/js/vendors.b8d571fef7fa05d48802.js
01-22 15:03:47.355 E/gefo-browser( 3939): feed@https://tvlookbackpanel.taipan.fja.bcs.ottcn.com/watchTV2.0/watchTV8.0/js/vendors.b8d571fef7fa05d48802.js:1
01-22 15:03:47.355 E/gefo-browser( 3939): l@https://tvlookbackpanel.taipan.fja.bcs.ottcn.com/watchTV2.0/watchTV8.0/js/runtime.7bce8fd27b53b8e4251a.js:1
01-22 15:03:47.355 E/gefo-browser( 3939): SE4I@https://tvlookbackpanel.taipan.fja.bcs.ottcn.com/watchTV2.0/watchTV8.0/js/vendors.b8d571fef7fa05d48802.js:1
01-22 15:03:47.355 E/gefo-browser( 3939): l@https://tvlookbackpanel.taipan.fja.bcs.ottcn.com/watchTV2.0/watchTV8.0/js/runtime.7bce8fd27b53b8e4251a.js:1
01-22 15:03:47.355 E/gefo-browser( 3939): vFlH@https://tvlookbackpanel.taipan.fja.bcs.ottcn.com/watchTV2.0/watchTV8.0/js/vendors.b8d571fef7fa05d48802.js:1
01-22 15:03:47.355 E/gefo-browser( 3939): l@https://tvlookbackpanel.taipan.fja.bcs.ottcn.com/watchTV2.0/watchTV8.0/js/runtime.7bce8fd27b53b8e4251a.js:1
01-22 15:03:47.355 E/gefo-browser( 3939): J9Gg@https://tvlookbackpanel.taipan.fja.bcs.ottcn.com/watchTV2.0/watchTV8.0/js/vendors.b8d571fef7fa05d48802.js:1
01-22 15:03:47.355 E/gefo-browser( 3939): l@https://tvlookbackpanel.taipan.fja.bcs.ottcn.com/watchTV2.0/watchTV8.0/js/runtime.7bce8fd27b53b8e4251a.js:1
01-22 15:03:47.355 E/gefo-browser( 3939): 0lTi@https://tvlookbackpanel.taipan.fja.bcs.ottcn.com/watchTV2.0/watchTV8.0/js/vendors.b8d571fef7fa05d48802.js:1
01-22 15:03:47.355 E/gefo-browser( 3939): l@https://tvlookba
01-22 15:03:47.374 E/gefo-browser( 3939): toString@[native code]
01-22 15:03:47.374 E/gefo-browser( 3939): inspectSource@https://tvlookbackpanel.taipan.fja.bcs.ottcn.com/watchTV2.0/watchTV8.0/js/vendors.b8d571fef7fa05d48802.js:1
01-22 15:03:47.374 E/gefo-browser( 3939): @https://tvlookbackpanel.taipan.fja.bcs.ottcn.com/watchTV2.0/watchTV8.0/js/vendors.b8d571fef7fa05d48802.js:1
01-22 15:03:47.374 E/gefo-browser( 3939): exports@https://tvlookbackpanel.taipan.fja.bcs.ottcn.com/watchTV2.0/watchTV8.0/js/vendors.b8d571fef7fa05d48802.js:1
01-22 15:03:47.374 E/gefo-browser( 3939): i@https://tvlookbackpanel.taipan.fja.bcs.ottcn.com/watchTV2.0/watchTV8.0/js/vendors.b8d571fef7fa05d48802.js:1
01-22 15:03:47.374 E/gefo-browser( 3939): aBPM@https://tvlookbackpanel.taipan.fja.bcs.ottcn.com/watchTV2.0/watchTV8.0/js/vendors.b8d571fef7fa05d48802.js:1
01-22 15:03:47.374 E/gefo-browser( 3939): l@https://tvlookbackpanel.taipan.fja.bcs.ottcn.com/watchTV2.0/watchTV8.0/js/runtime.7bce8fd27b53b8e4251a.js:1
01-22 15:03:47.374 E/gefo-browser( 3939): cWqo@https://tvlookbackpanel.taipan.fja.bcs.ottcn.com/watchTV2.0/watchTV8.0/js/vendors.b8d571fef7fa05d48802.js:1
01-22 15:03:47.374 E/gefo-browser( 3939): l@https://tvlookbackpanel.taipan.fja.bcs.ottcn.com/watchTV2.0/watchTV8.0/js/runtime.7bce8fd27b53b8e4251a.js:1
01-22 15:03:47.374 E/gefo-browser( 3939): LseE@https://tvlookbackpanel.taipan.fja.bcs.ottcn.com/watchTV2.0/watchTV8.0/js/vendors.b8d571fef7
01-22 15:03:47.374 E/gefo-browser( 3939): Err:Type error[1]https://tvlookbackpanel.taipan.fja.bcs.ottcn.com/watchTV2.0/watchTV8.0/js/vendors.b8d571fef7fa05d48802.js
01-22 15:03:47.374 E/gefo-browser( 3939): inspectSource@https://tvlookbackpanel.taipan.fja.bcs.ottcn.com/watchTV2.0/watchTV8.0/js/vendors.b8d571fef7fa05d48802.js:1
01-22 15:03:47.374 E/gefo-browser( 3939): @https://tvlookbackpanel.taipan.fja.bcs.ottcn.com/watchTV2.0/watchTV8.0/js/vendors.b8d571fef7fa05d48802.js:1
01-22 15:03:47.374 E/gefo-browser( 3939): exports@https://tvlookbackpanel.taipan.fja.bcs.ottcn.com/watchTV2.0/watchTV8.0/js/vendors.b8d571fef7fa05d48802.js:1
01-22 15:03:47.374 E/gefo-browser( 3939): i@https://tvlookbackpanel.taipan.fja.bcs.ottcn.com/watchTV2.0/watchTV8.0/js/vendors.b8d571fef7fa05d48802.js:1
01-22 15:03:47.374 E/gefo-browser( 3939): aBPM@https://tvlookbackpanel.taipan.fja.bcs.ottcn.com/watchTV2.0/watchTV8.0/js/vendors.b8d571fef7fa05d48802.js:1
01-22 15:03:47.374 E/gefo-browser( 3939): l@https://tvlookbackpanel.taipan.fja.bcs.ottcn.com/watchTV2.0/watchTV8.0/js/runtime.7bce8fd27b53b8e4251a.js:1
01-22 15:03:47.374 E/gefo-browser( 3939): cWqo@https://tvlookbackpanel.taipan.fja.bcs.ottcn.com/watchTV2.0/watchTV8.0/js/vendors.b8d571fef7fa05d48802.js:1
01-22 15:03:47.374 E/gefo-browser( 3939): l@https://tvlookbackpanel.taipan.fja.bcs.ottcn.com/watchTV2.0/watchTV8.0/js/runtime.7bce8fd27b53b8e4251a.js:1
01-22 15:03:47.374 E/gefo-browser( 3939): LseE@https://tvlookbackpanel.taipan.fja.bcs.ottcn.com/watchTV2.0/watchTV8.0/js/vendors.b8d571fef7fa05d48802.js:1
01-22 15:03:47.374 E/gefo-browser( 3939): l@https
01-22 15:03:47.380 E/gefo-browser( 3939): getOwnPropertyNames@[native code]
01-22 15:03:47.380 E/gefo-browser( 3939): @https://tvlookbackpanel.taipan.fja.bcs.ottcn.com/watchTV2.0/watchTV8.0/js/vendors.b8d571fef7fa05d48802.js:1
01-22 15:03:47.380 E/gefo-browser( 3939): exports@https://tvlookbackpanel.taipan.fja.bcs.ottcn.com/watchTV2.0/watchTV8.0/js/vendors.b8d571fef7fa05d48802.js:1
01-22 15:03:47.380 E/gefo-browser( 3939): pVHv@https://tvlookbackpanel.taipan.fja.bcs.ottcn.com/watchTV2.0/watchTV8.0/js/vendors.b8d571fef7fa05d48802.js:1
01-22 15:03:47.380 E/gefo-browser( 3939): l@https://tvlookbackpanel.taipan.fja.bcs.ottcn.com/watchTV2.0/watchTV8.0/js/runtime.7bce8fd27b53b8e4251a.js:1
01-22 15:03:47.380 E/gefo-browser( 3939): J712@https://tvlookbackpanel.taipan.fja.bcs.ottcn.com/watchTV2.0/watchTV8.0/js/vendors.b8d571fef7fa05d48802.js:1
01-22 15:03:47.380 E/gefo-browser( 3939): l@https://tvlookbackpanel.taipan.fja.bcs.ottcn.com/watchTV2.0/watchTV8.0/js/runtime.7bce8fd27b53b8e4251a.js:1
01-22 15:03:47.380 E/gefo-browser( 3939): /Gw5@https://tvlookbackpanel.taipan.fja.bcs.ottcn.com/watchTV2.0/watchTV8.0/js/vendors.b8d571fef7fa05d48802.js:1
01-22 15:03:47.380 E/gefo-browser( 3939): l@https://tvlookbackpanel.taipan.fja.bcs.ottcn.com/watchTV2.0/watchTV8.0/js/runtime.7bce8fd27b53b8e4251a.js:1
01-22 15:03:47.380 E/gefo-browser( 3939): 7Gle@https://tvlookbackpanel.taipan.fja.bcs.ottcn.com/watchTV2.0/watchTV8.0/js/vendors.b8d571fe
01-22 15:03:47.380 E/gefo-browser( 3939): Err:Requested property names of a value that is not an object.[1]https://tvlookbackpanel.taipan.fja.bcs.ottcn.com/watchTV2.0/watchTV8.0/js/vendors.b8d571fef7fa05d48802.js
01-22 15:03:47.380 E/gefo-browser( 3939): @https://tvlookbackpanel.taipan.fja.bcs.ottcn.com/watchTV2.0/watchTV8.0/js/vendors.b8d571fef7fa05d48802.js:1
01-22 15:03:47.380 E/gefo-browser( 3939): exports@https://tvlookbackpanel.taipan.fja.bcs.ottcn.com/watchTV2.0/watchTV8.0/js/vendors.b8d571fef7fa05d48802.js:1
