01-22 15:03:50.323 I/amffmpeg( 2990): [tcp @ 0xa2aaedc0] dns_kick failed, getaddrinfo:0.
01-22 15:03:50.323 I/amffmpeg( 2990): [tcp @ 0xa2aaedc0] IP is string.
01-22 15:03:50.323 I/amffmpeg( 2990): ip_cache_select error dns_idx :-2.
01-22 15:03:50.323 I/amffmpeg( 2990): ip_cache_select error dns_idx :-2.
01-22 15:03:50.323 I/amffmpeg( 2990): [tcp @ 0xa2aaedc0] resolved 2409:8087:3408:20:1020::43:80's ipaddress, flags=0x4003, ai=0xa2af62c0,ip_priority:0,ip_index:-1,ipv6_num:0,ipv4_num:0.
01-22 15:03:50.323 I/amffmpeg( 2990): [tcp @ 0xa2aaedc0]  tcp open use ip:2409:8087:3408:20:1020::43:80, flags=0x4003, cur_dns_num=0, dns_num=0, cur_ai->ai_family = 10
01-22 15:03:50.328 I/amffmpeg( 2990): [tcp @ 0xa2aaedc0] tcp connect 2409:8087:3408:20:1020::43 ok!, ai=0xa2af62c0, cur_dns_num=0
01-22 15:03:50.328 I/amffmpeg( 2990): [tcp @ 0xa2aaedc0] tcp connect 2409:8087:3408:20:1020::43 used 5043 us, cur_dns_num=0
01-22 15:03:50.328 I/amffmpeg( 2990): headers: [MediaPlayerID: 21
01-22 15:03:50.328 I/amffmpeg( 2990): ] 
01-22 15:03:50.328 I/amffmpeg( 2990): debug s->off = 0
01-22 15:03:50.328 I/amffmpeg( 2990): Add Range Headers
01-22 15:03:50.328 I/amffmpeg( 2990): HTTP[GET /wh7f454c46tw1854856949_-634831863/ott.fj.chinamobile.com/PLTV/88888888/224/3221225923/1705906939-1-1679896397.hls.ts?tenantId=8601&servicetype=1 HTTP/1.1
01-22 15:03:50.328 I/amffmpeg( 2990): User-Agent: AppleCoreMedia/1.0.0.9A405 (iPad; U; CPU OS 5_0_1 like Mac OS X; zh_cn)
01-22 15:03:50.328 I/amffmpeg( 2990): MediaPlayerID: 21
01-22 15:03:50.328 I/amffmpeg( 2990): Accept: */*
01-22 15:03:50.328 I/amffmpeg( 2990): Range: bytes=0-
01-22 15:03:50.328 I/amffmpeg( 2990): Connection: keep-alive
01-22 15:03:50.328 I/amffmpeg( 2990): Host: [2409:8087:3408:20:1020::43]:80
01-22 15:03:50.328 I/amffmpeg( 2990): 
01-22 15:03:50.328 I/amffmpeg( 2990): ]
01-22 15:03:50.330 D/pcapcmcc4( 4299): send_tcp_data_to_server_new: 1
01-22 15:03:50.330 D/pcapcmcc4( 4299): get_different_ts_num start 39332
01-22 15:03:50.330 D/pcapcmcc4( 4299): get_different_ts_num end = 0, 6, 0
01-22 15:03:50.330 D/pcapcmcc4( 4299): --- Send session --- Addr(1, 2409:8a34:163:fd80:4ae5:33ff:fe29:db10 ~ 2409:8087:3408:20:1020::43) 
01-22 15:03:50.330 D/pcapcmcc4( 4299):  	 HTTPDATA:2409:8a34:163:fd80:4ae5:33ff:fe29:db10#39332#2409:8087:3408:20:1020::43#80#2066152#2066155#2066155#2066185#2066156#2066162#2066185#1911#6#0#1094#1447#4#0#[2409:8087:3408:20:1020::43]:80#/wh7f454c46tw1854856949_-634831863/ott.fj.chinamobile.com/PLTV/88888888/224/3221225923/index.m3u8?rrsip=zterr.hvs.fj.chinamobile.com:6060,rrsip=cmhiott.hvs.fj.chinamobile.com,rrsip=183.252.175.68,rrsip=112.50.213.133,rrsip=112.50.213.136,rrsip=11.11.11.0,rrsip=11.11.11.1,rrsip=11.11.11.2,rrsip=11.11.11.3,rrsip=11.11.11.4,rrsip=11.11.11.5,rrsip=11.11.11.6,rrsip=11.11.11.7,rrsip=11.11.11.8,rrsip=11.11.11.9,rrsip=11.11.11.10,rrsip=11.11.11.11,rrsip=11.11.11.12,rrsip=11.11.11.13,rrsip=11.11.11.14,rrsip=11.11.11.15,rrsip=11.11.11.16,rrsip=11.11.11.17,rrsip=11.11.11.18,rrsip=11.11.11.19,rrsip=11.11.11.20,rrsip=11.11.11.21,rrsip=11.11.11.22,rrsip=11.11.11.23,rrsip=11.11.11.24,rrsip=11.11.11.25,rrsip=11.11.11.26,rrsip=11.11.
01-22 15:03:50.330 D/pcapcmcc4( 4299): add_tcp_node_to_list_new:39334 
01-22 15:03:50.330 D/pcapcmcc4( 4299): reset pkg_num!
01-22 15:03:50.333 I/amffmpeg( 2990): [shttp @ 0xa2ae5140] process_line:HTTP/1.1 200 OK 
01-22 15:03:50.333 I/amplayer( 2990): player_close_pid_data:pid is not valid,pid=-1,priv_pid_pool=200000
01-22 15:03:50.334 I/amffmpeg( 2990): [shttp @ 0xa2ae5140] process_line:Date: Mon, 22 Jan 2024 07:03:50 GMT 
01-22 15:03:50.334 I/amffmpeg( 2990): [shttp @ 0xa2ae5140] process_line:Last-Modified: Mon, 22 Jan 2024 07:02:19 GMT 
01-22 15:03:50.334 I/amffmpeg( 2990): [shttp @ 0xa2ae5140] process_line:Server: HMS Download Service 
01-22 15:03:50.334 I/amffmpeg( 2990): [shttp @ 0xa2ae5140] Octoshape-Ondemand support seek!
01-22 15:03:50.334 I/amffmpeg( 2990): [shttp @ 0xa2ae5140] process_line:Accept-Ranges: bytes 
01-22 15:03:50.334 I/amffmpeg( 2990): [shttp @ 0xa2ae5140] process_line:Content-Length: 10187156 
01-22 15:03:50.334 I/amffmpeg( 2990): [shttp @ 0xa2ae5140] process_line:Content-Range: bytes 0-10187155/10187156 
01-22 15:03:50.334 I/amffmpeg( 2990): [shttp @ 0xa2ae5140] process_line:Content-Type: video/mpeg 
01-22 15:03:50.335 I/amffmpeg( 2990): [shttp @ 0xa2ae5140] process_line:Connection: Keep-Alive 
01-22 15:03:50.335 I/amffmpeg( 2990): [shttp @ 0xa2ae5140] process_line: 
01-22 15:03:50.335 I/amffmpeg( 2990): [shttp @ 0xa2ae5140] http_connect result 0
01-22 15:03:50.335 I/amffmpeg( 2990): [shttp @ 0xa2ae5140] http  connect used 12 ms
01-22 15:03:50.335 I/amplayer( 2990): player_close_pid_data:pid is not valid,pid=-1,priv_pid_pool=200000
01-22 15:03:50.335 I/M3uSession( 2990): Ts_segment_get_time_info, s->hlspara.ts_get_delay_max_time=12, s->hlspara.ts_get_delay_avg_time=12,hls_time=12
01-22 15:03:50.335 V/M3uSession( 2990): Get segment file size:10187156
01-22 15:03:50.335 V/M3uSession( 2990): Temp buffer size:8192
01-22 15:03:50.335 I/amplayer( 2990): [player_notify_callback]send_event,ext1:10187156, ext2:10000000
01-22 15:03:50.335 I/M3uSession( 2990): -_fetch_segment_file, s->hlspara.ts_get_suc_times=1---
01-22 15:03:50.344 I/gefo-browser( 3939): [log][ajax-end:http://watchtv.fja.bcs.ottcn.com:8080/cms-lvp-epg/lvps/getAllProgramlist]
01-22 15:03:50.346 I/gefo-plugin( 3939): hasProperty:getBufferingProgress
01-22 15:03:50.346 I/gefo-plugin( 3939): hasProperty:getBufferingProgress
01-22 15:03:50.346 I/gefo-plugin( 3939): hasMethod:getBufferingProgress
01-22 15:03:50.346 I/gefo-plugin( 3939): invoke:getBufferingProgress:0
01-22 15:03:50.346 I/gefo-plugin( 3939): 23 invokeJavaFunGetBufferingProgress result:0
01-22 15:03:50.347 I/gefo-browser( 3939): [log][playerCore onBufferingStart bufferNumber -> 0at time:Mon Jan 22 2024 15:03:50 GMT+0800 (CST)]
01-22 15:03:50.349 I/gefo-browser( 3939): [log][xxx===serviceApi getAllProgramsData startStamp1705161600 -- endStamp1705939200]
01-22 15:03:50.352 V/M3uSession( 2990): ts_simple_analyze isTs is [1]
01-22 15:03:50.352 I/amffmpeg( 2990): [av_probe_input_buffer]read 2048 bytes for probe format
01-22 15:03:50.353 I/amffmpeg( 2990): ---------------------mp2_read_probe
01-22 15:03:50.353 I/amffmpeg( 2990): ---------------------mp3_read_probe
01-22 15:03:50.353 I/amffmpeg( 2990): Format mpegts probed with size=2048 and score=100
01-22 15:03:50.353 I/amffmpeg( 2990): Set less buff data flag
01-22 15:03:50.353 I/amffmpeg( 2990): url_set_seek_flags 0->40000
01-22 15:03:50.354 I/amffmpeg( 2990): livingstream ts->pownon_recalcpts[1]
01-22 15:03:50.354 I/amffmpeg( 2990): mpegts report:1
01-22 15:03:50.354 I/amffmpeg( 2990): url_lpseek:offset=0 whence=0,buffer=99280000,rp=99282000,wp=99282c60,end=99c80000,pos=11360
01-22 15:03:50.354 I/amffmpeg( 2990): url_lpseek:pos_on_read=8192,can seek forwart=3168,can seek bacd=8192,offset1=-8192
01-22 15:03:50.354 I/amffmpeg( 2990): url_lpseek:buffer seek back offset=0 offset1=-8192 whence=0,(int)offset1=-8192
01-22 15:03:50.354 I/amffmpeg( 2990): url_lpseekend:offset=0 whence=0,buffer=99280000,rp=99280000,wp=99282c60,end=99c80000,pos=11360
01-22 15:03:50.354 I/amffmpeg( 2990): mpegts probesize too small use default probesize:2*1048576
01-22 15:03:50.354 I/amffmpeg( 2990): [mpegts_read_header],probe_size=2097152, s->probesize=102400, fastdetected=0, is_slowmedia=1, local_play=0
01-22 15:03:50.359 I/amffmpeg( 2990): function:pmt_cb,set streaminfo,pid:0x1011,index:0
01-22 15:03:50.359 I/amffmpeg( 2990): [mpegts @ 0x9a1b1400] stream=0 stream_type=1b pid=1011 prog_reg_desc=
01-22 15:03:50.359 I/gefo-browser( 3939): [log][LOG.setMenuData]
01-22 15:03:50.360 I/amffmpeg( 2990): function:pmt_cb,set streaminfo,pid:0x1100,index:1
01-22 15:03:50.360 I/amffmpeg( 2990): [mpegts @ 0x9a1b1400] stream=1 stream_type=f pid=1100 prog_reg_desc=
01-22 15:03:50.360 I/amplayer( 2990): [player_notify_callback] player_check_format msg:256
01-22 15:03:50.360 I/amffmpeg( 2990): url_lpseek:offset=0 whence=0,buffer=99280000,rp=99280178,wp=99282c60,end=99c80000,pos=11360
01-22 15:03:50.360 I/amffmpeg( 2990): url_lpseek:pos_on_read=376,can seek forwart=10984,can seek bacd=376,offset1=-376
01-22 15:03:50.360 I/amffmpeg( 2990): url_lpseek:buffer seek back offset=0 offset1=-376 whence=0,(int)offset1=-376
01-22 15:03:50.360 I/amffmpeg( 2990): url_lpseekend:offset=0 whence=0,buffer=99280000,rp=99280000,wp=99282c60,end=99c80000,pos=11360
01-22 15:03:50.360 I/amplayer( 2990): [ffmpeg_open_file] file=vhls:shttp://ott.fj.chinamobile.com/PLTV/88888888/224/3221225923/index.m3u8?rrsip=zterr.hvs.fj.chinamobile.com:6060,rrsip=cmhiott.hvs.fj.chinamobile.com,rrsip=183.252.175.68,rrsip=112.50.213.133,rrsip=112.50.213.136,rrsip=11.11.11.0,rrsip=11.11.11.1,rrsip=11.11.11.2,rrsip=11.11.11.3,rrsip=11.11.11.4,rrsip=11.11.11.5,rrsip=11.11.11.6,rrsip=11.11.11.7,rrsip=11.11.11.8,rrsip=11.11.11.9,rrsip=11.11.11.10,rrsip=11.11.11.11,rrsip=11.11.11.12,rrsip=11.11.11.13,rrsip=11.11.11.14,rrsip=11.11.11.15,rrsip=11.11.11.16,rrsip=11.11.11.17,rrsip=11.11.11.18,rrsip=11.11.11.19,rrsip=11.11.11.20,rrsip=11.11.11.21,rrsip=11.11.11.22,rrsip=11.11.11.23,rrsip=11.11.11.24,rrsip=11.11.11.25,rrsip=11.11.11.26,rrsip=11.11.11.27,rrsip=11.11.11.28&zoneoffset=0&servicetype=1&icpid=&accounttype=1&limitflux=-1&limitdur=-1&tenantId=8601&accountinfo=%2C107776620%2C112.49.177.102%2C20240122143013%2C10000100000000050000000001117125%2C10001018224885%2C-1%2C0%2C1%2C%2C%2C2%2C%2C%2C%2C2%2C%2CEND&GuardEncType=2&,header=Media
01-22 15:03:50.361 I/amffmpeg( 2990): url_set_seek_flags 40000->c0000
01-22 15:03:50.361 V/AmlogicPlayer( 2990): Type=mpegts,videos=1,audios=1
01-22 15:03:50.361 V/AmSuperPlayer( 2990): Notify 1 cookie=0xa2accbf0,msg=11000,ext1=0,ext2=0
01-22 15:03:50.361 V/AmSuperPlayer( 2990): [Notify:725]
01-22 15:03:50.361 I/amplayer( 2990): pid[21]::parse ok , prepare parameters
01-22 15:03:50.361 D/media_ctl( 2990): get path=media.tsync.startsync_mode val =2
01-22 15:03:50.361 I/amplayer( 2990): start sync mode desp: 0 -none 1-slowsync repeate 2-droppcm 
01-22 15:03:50.361 I/amplayer( 2990): start sync mode = 2 
01-22 15:03:50.361 D/media_ctl( 2990): set media.video.slowsync_repeat_enable =0
01-22 15:03:50.361 V/AmSuperPlayer( 2990): [CreatePlayer:1213]
01-22 15:03:50.361 V/AmSuperPlayer( 2990): mEXIT=0,mRequsetEXIT=0
01-22 15:03:50.361 V/AmlogicPlayer( 2990): GetFileType---Type=mpegts,videos=1,audios=1
01-22 15:03:50.361 V/AmSuperPlayer( 2990): [CreatePlayer:1227]
01-22 15:03:50.361 I/AmSuperPlayer( 2990): type=mpegts,videos=1,audios=1,FileTypeReady=1
01-22 15:03:50.361 V/AmSuperPlayer( 2990): SuperGetPlayerType:type=mpegts,videos=1,audios=1
01-22 15:03:50.361 I/AmSuperPlayer( 2990): media.amplayer.stagefright is disabled
01-22 15:03:50.361 V/AmSuperPlayer( 2990): [CreatePlayer:1233]
01-22 15:03:50.361 V/AmSuperPlayer( 2990): GET New type =110
01-22 15:03:50.361 V/AmSuperPlayer( 2990): [CreatePlayer:1263]
01-22 15:03:50.361 V/AmSuperPlayer( 2990): [CreatePlayer:1290]
01-22 15:03:50.361 V/AmSuperPlayer( 2990): Start new player now=110
01-22 15:03:50.361 V/AmlogicPlayer( 2990): setVideoSurfaceTexture 
01-22 15:03:50.361 I/gefo-browser( 3939): [log][video index.js getReserveList then]
01-22 15:03:50.362 I/amffmpeg( 2990): retry_number = 20
01-22 15:03:50.362 I/amffmpeg( 2990): [av_find_stream_info]iformat->name[mpegts]fast_switch=1 streamtype=-1
01-22 15:03:50.362 I/amffmpeg( 2990): [av_find_stream_info:4829]fast_switch=1, seekkeyframe=1,nb_stream:2
01-22 15:03:50.362 I/gefo-browser( 3939): [log][video index.js getReserveList finally]
01-22 15:03:50.363 I/gefo-browser( 3939): [log][video---createSortList-params:{"assortId":3,"uuid":"cctv-2","programId":"","startTime":0,"endTime":0,"noCache":false,"useCache":true,"firstInit":true}]
01-22 15:03:50.363 I/amffmpeg( 2990): get h264 header data , size 44 
01-22 15:03:50.363 V/AmSuperPlayer( 2990): [initThread:1338]
01-22 15:03:50.363 V/AmSuperPlayer( 2990): [initThread:1340]
01-22 15:03:50.363 V/AmSuperPlayer( 2990): [initThread:1362]
01-22 15:03:50.363 V/AmSuperPlayer( 2990): [initThread:1402]
01-22 15:03:50.363 V/AmSuperPlayer( 2990): [initThread:1407]
01-22 15:03:50.363 I/AmSuperPlayer( 2990): mSpecialState:0, mFirstPcr:0
01-22 15:03:50.363 V/AmSuperPlayer( 2990): [initThread:1429]
01-22 15:03:50.370 I/gefo-browser( 3939): [log][video]
01-22 15:03:50.371 I/gefo-browser( 3939): [log][video list=[{"catgId":3,"catgName":"","actionType":"OpenNew"},{"catgId":4,"catgName":"","actionType":"cctv"},{"catgId":5,"catgName":"","actionType":"HotSatelliteTV"},{"catgId":122,"catgName":"","actionType":"TYRB"},{"catgId":123,"catgName":"","actionType":"shuzipindao"},{"catgId":8,"catgName":"","actionType":"CarouselChannel"},{"catgId":7,"catgName":"5G++","actionType":"FKZQ"}]]
01-22 15:03:50.378 I/gefo-browser( 3939): [log][video---createChannelList-params:{"uuid":"cctv-2","programId":"","startTime":0,"endTime":0,"noCache":false,"useCache":true,"firstInit":true,"assortId":"3"}]
01-22 15:03:50.378 I/gefo-browser( 3939): [log][xxx===isEffectiveCache: curTime: 1705906939820, lastTime: 1705906937995, DEFAULT_INTERVAL: 629093.7847830355]
01-22 15:03:50.382 I/gefo-browser( 3939): [log][handleChannelList params:]
01-22 15:03:50.383 I/amffmpeg( 2990): [h264 @ 0xa2a84400] get size from SPS width=1920 height =1080
01-22 15:03:50.384 I/amffmpeg( 2990): [mpegts @ 0x9a1b1400] All info found at pos=138368
01-22 15:03:50.384 I/gefo-browser( 3939): [log][menu.js getUUid:]
01-22 15:03:50.384 I/amffmpeg( 2990): [av_find_stream_info:5265] st 0, para: 1, codec_info_nb_frames: 1,
01-22 15:03:50.384 I/amffmpeg( 2990): [av_find_stream_info:5265] st 1, para: 1, codec_info_nb_frames: 3,
01-22 15:03:50.384 I/amffmpeg( 2990): url_lpseek:offset=0 whence=65536,buffer=99280000,rp=992a1c80,wp=992a1c80,end=99c80000,pos=138368
01-22 15:03:50.384 I/amffmpeg-hls( 2990): ffmpeg_hls_seek:pos:0,whence:10000
01-22 15:03:50.384 I/amffmpeg( 2990): get file size=-1515406840
01-22 15:03:50.384 I/amffmpeg( 2990): [av_estimate_timings:4076]file_size=0 valid_offset=7fffffffffffffff
01-22 15:03:50.384 I/amffmpeg( 2990): [mpegts @ 0x9a1b1400] Estimating duration from bitrate, this may be inaccurate
01-22 15:03:50.384 I/amffmpeg( 2990): [mpegts @ 0x9a1b1400] FindStream info end at pos=138368
01-22 15:03:50.384 I/amffmpeg( 2990): [mpegts @ 0x9a1b1400] FindStream info cost_time = 22 ms
01-22 15:03:50.384 I/amffmpeg( 2990): Input #0, mpegts, from 'vhls:shttp://ott.fj.chinamobile.com/PLTV/88888888/224/3221225923/index.m3u8?rrsip=zterr.hvs.fj.chinamobile.com:6060,rrsip=cmhiott.hvs.fj.chinamobile.com,rrsip=183.252.175.68,rrsip=112.50.213.133,rrsip=112.50.213.136,rrsip=11.11.11.0,rrsip=11.11.11.1,rrsip=11.11.11.2,rrsip=11.11.11.3,rrsip=11.11.11.4,rrsip=11.11.11.5,rrsip=11.11.11.6,rrsip=11.11.11.7,rrsip=11.11.11.8,rrsip=11.11.11.9,rrsip=11.11.11.10,rrsip=11.11.11.11,rrsip=11.11.11.12,rrsip=11.11.11.13,rrsip=11.11.11.14,rrsip=11.11.11.15,rrsip=11.11.11.16,rrsip=11.11.11.17,rrsip=11.11.11.18,rrsip=11.11.11.19,rrsip=11.11.11.20,rrsip=11.11.11.21,rrsip=11.11.11.22,rrsip=11.11.11.23,rrsip=11.11.11.24,rrsip=11.11.11.25,rrsip=11.11.11.26,rrsip=11.11.11.27,rrsip=11.11.11.28&zoneoffset=0&servicetype=1&icpid=&accounttype=1&limitflux=-1&limitdur=-1&tenantId=8601&accountinfo=%2C107776620%2C112.49.177.102%2C20240122143013%2C10000100000000050000000001117125%2C10001018224885%2C-1%2C0%2C1%2C%2C%2C2%2C%2C%2C%2C2%2C%2CEND&GuardEncType=2&':
01-22 15:03:50.384 I/amffmpeg( 2990):   Duration: 
01-22 15:03:50.384 I/amffmpeg( 2990): N/A
01-22 15:03:50.384 I/amffmpeg( 2990): , start: 
01-22 15:03:50.384 I/amffmpeg( 2990): 57632.660956
01-22 15:03:50.384 I/amffmpeg( 2990): , bitrate: 
01-22 15:03:50.384 I/amffmpeg( 2990): N/A
01-22 15:03:50.384 I/amffmpeg( 2990): 
01-22 15:03:50.384 I/amffmpeg( 2990):   Program 1 
01-22 15:03:50.384 I/amffmpeg( 2990):     Stream #0.0
01-22 15:03:50.384 I/amffmpeg( 2990): [0x1011]
01-22 15:03:50.384 I/amffmpeg( 2990): : Video: h264 (High), 1920x1080
01-22 15:03:50.384 I/amffmpeg( 2990): , 90k tbr
01-22 15:03:50.384 I/amffmpeg( 2990): , 90k tbn
01-22 15:03:50.384 I/amffmpeg( 2990): , 180k tbc
01-22 15:03:50.384 I/amffmpeg( 2990): 
01-22 15:03:50.385 I/amffmpeg( 2990):     Stream #0.1
01-22 15:03:50.385 I/amffmpeg( 2990): [0x1100]
01-22 15:03:50.385 I/amffmpeg( 2990): : Audio: aac, 0 channels, 59 kb/s
01-22 15:03:50.385 I/amffmpeg( 2990): 
01-22 15:03:50.385 I/amplayer( 2990): [set_file_type]file_type=2 stream_type=1
01-22 15:03:50.385 I/amplayer( 2990): configned all ts streaming used soft demux,used soft demux now.
01-22 15:03:50.385 I/amplayer( 2990): The file width:1920, height:1080, bitrate:0 M/s.
01-22 15:03:50.385 I/amplayer( 2990): [player_dec_init:2501]fsize=0 full_time=-2077252342 bitrate=0
01-22 15:03:50.386 I/amplayer( 2990): [PlayerGetAFilterFormat:287]filter_afmt=0
01-22 15:03:50.386 I/amplayer( 2990): [audio_type_convert]audio codec_id=0x15002 format=2
01-22 15:03:50.386 I/amplayer( 2990): [get_stream_info]temp_aidx: -1, audio_format:2, truehd_enabled:0
01-22 15:03:50.386 I/amplayer( 2990): audio pid=4352 has not codec parameter,i=1
01-22 15:03:50.386 I/amplayer( 2990): [get_stream_info:1211]audio.track.default.language is 
01-22 15:03:50.386 I/amplayer( 2990): Video index 0 and Audio index 1 sub index -1 to be played (index -1 means no stream)
01-22 15:03:50.386 I/amplayer( 2990): [check_cavs_codec:918] iformat->name[mpegts]
01-22 15:03:50.386 I/amplayer( 2990): [get_av_codec_type:319]vidx=0 aidx=1 sidx=-1
01-22 15:03:50.386 I/amplayer( 2990): [video_type_convert]video codec_id=0x1c format=2
01-22 15:03:50.386 I/amplayer( 2990): [video_codec_type_convert]id=(0x1b) 
01-22 15:03:50.386 I/amplayer( 2990): [video_codec_type_convert]error:VIDEO_TYPE_UNKNOW  id = 0x1b
01-22 15:03:50.386 I/amplayer( 2990): [get_av_codec_type:424]vpid=0x1011,time_base=1/180000,r_frame_rate=2/180000 ratio=0/1 video_pts=1.000
01-22 15:03:50.386 I/amplayer( 2990): [get_av_codec_type:433]video_codec_rate=0,video_rate=1
01-22 15:03:50.386 I/amplayer( 2990): [get_audio_type:186]afmt=2 apid=4352 asr=0 ach=0 aidx=1
01-22 15:03:50.386 I/amplayer( 2990): [get_stream_info:1328]data start offset 0
01-22 15:03:50.386 I/amplayer( 2990): [set_decode_para:1460]has_video=1 vformat=2 has_audio=1 aformat=2
01-22 15:03:50.386 I/amplayer( 2990): [PlayerGetVFilterFormat:84]disable_vdec=real,divx,divx3,divx4, codec_id=1b --
01-22 15:03:50.386 I/amplayer( 2990): [PlayerGetVFilterFormat:162]filter_vfmt=10
01-22 15:03:50.386 I/amplayer( 2990): [PlayerGetAFilterFormat:287]filter_afmt=0
01-22 15:03:50.386 I/amplayer( 2990): [extract_adts_header_info:105]aidx=1 pCodecCtx=0xa2a84e00
01-22 15:03:50.386 I/amplayer( 2990): aac insert adts header:profile 3,sr_index 0,ch_config 0
01-22 15:03:50.386 D/media_ctl( 2990): set media.decoder.vdec.poweron_clock_level =1
01-22 15:03:50.386 I/amplayer( 2990): fun:player_dec_init,line:2569,async_download_m3u8=0
01-22 15:03:50.386 I/amplayer( 2990): [player_dec_init:2623]bit_rate=0 file_size=0 file_type=18 stream_type=3 full_time=-1
01-22 15:03:50.387 D/media_ctl( 2990): set media.tsync.startsync_mode =2
01-22 15:03:50.387 I/amplayer( 2990): bit_rate = 0
01-22 15:03:50.387 I/amplayer( 2990): set stream info,current audio id:1
01-22 15:03:50.387 I/amplayer( 2990): [set_vstream_info:166]p_para->width 1920 p_para->height 1080
01-22 15:03:50.387 I/amplayer( 2990): [audio_type_convert]audio codec_id=0x15002 format=2
01-22 15:03:50.387 I/amplayer( 2990): [set_astream_info 308]Stream 1 Audio_Language_INFO:unkbown
01-22 15:03:50.387 I/amplayer( 2990): total external sub:-1
01-22 15:03:50.387 I/amplayer( 2990): startplaybuf:0ms,read size:0,bitrate:0,bufsize:0Kb 
01-22 15:03:50.387 I/amplayer( 2990): cache_enable:1, raw_mode:0
01-22 15:03:50.387 I/amplayer( 2990): debug_cache:1
01-22 15:03:50.387 I/amplayer( 2990): amplayer cache_enable=1
01-22 15:03:50.387 I/amplayer( 2990): Init cost_time = 133 ms
01-22 15:03:50.387 I/amplayer( 2990): **[update_state]pid:21 status=INIT_OK(last:BEGIN_INIT) err=0x0 curtime=0 (ms:0) fulltime=-1 lsttime=0
01-22 15:03:50.387 I/amplayer( 2990): **[update_state]abuflevel=0.00000000 vbublevel=0.00000000 sbublevel=0.00000000 abufrp=0 vbufrp=0 read_end=0
01-22 15:03:50.387 I/amplayer( 2990): cache state:0
01-22 15:03:50.387 V/AmlogicPlayer( 2990): update_process pid=21, current=0,status=[INIT_OK],last status=[BEGIN_INIT]
01-22 15:03:50.387 V/M3uSession( 2990): Got current stream estimate bandwidth,8149724
01-22 15:03:50.387 I/amplayer( 2990): [player_get_bitrate: 1324] Bitrate vrate+arate=8149724 decoder_bitrate=0
01-22 15:03:50.387 I/amplayer( 2990): [player_get_media_info] bitrate_info = 8149724
01-22 15:03:50.387 I/amplayer( 2990): height_info = 0,width_info = 0
01-22 15:03:50.387 I/amplayer( 2990): [player_get_media_info]video_num=1 vidx=0
01-22 15:03:50.387 I/AmlogicPlayer( 2990): player current video info:w:1920,h:1080
01-22 15:03:50.387 I/AmlogicPlayer( 2990): player current video info:codec:H264
01-22 15:03:50.387 V/AmSuperPlayer( 2990): Notify 1 cookie=0xa2accbf0,msg=132,ext1=2c6,ext2=0
01-22 15:03:50.387 I/AmSuperPlayer( 2990): MEDIA_ERROR:msg=132,ext1=2c6,ext2=0
01-22 15:03:50.387 V/MediaPlayerService( 2990): [21] notify (306, 710, 0)
01-22 15:03:50.387 V/AmSuperPlayer( 2990): Notify 1 cookie=0xa2accbf0,msg=132,ext1=2c7,ext2=0
01-22 15:03:50.388 I/AmSuperPlayer( 2990): MEDIA_ERROR:msg=132,ext1=2c7,ext2=0
01-22 15:03:50.388 V/MediaPlayerService( 2990): [21] notify (306, 711, 0)
01-22 15:03:50.388 I/amffmpeg( 2990): [updateMediaInfo:3568]total_sub_num:0
01-22 15:03:50.388 V/AmSuperPlayer( 2990): Notify 1 cookie=0xa2accbf0,msg=5,ext1=780,ext2=438
01-22 15:03:50.388 V/MediaPlayerService( 2990): [21] notify (5, 1920, 1080)
01-22 15:03:50.388 D/MediaPlayerNative( 3939): message received msg=306, ext1=710, ext2=0
01-22 15:03:50.388 E/AmlogicPlayer( 2990): sendEvent:MEDIA_PREPARED line:2043
01-22 15:03:50.388 V/AmSuperPlayer( 2990): Notify 1 cookie=0xa2accbf0,msg=1,ext1=0,ext2=0
01-22 15:03:50.388 V/MediaPlayerService( 2990): [21] notify (1, 0, 0)
01-22 15:03:50.388 E/AmlogicPlayer( 2990): PRINT_LOG_PREPARED,time=141
01-22 15:03:50.388 V/AmSuperPlayer( 2990): Notify 1 cookie=0xa2accbf0,msg=134,ext1=8d,ext2=0
01-22 15:03:50.388 I/AmSuperPlayer( 2990): MEDIA_ERROR:msg=134,ext1=8d,ext2=0
01-22 15:03:50.388 V/MediaPlayerService( 2990): [21] notify (308, 141, 0)
01-22 15:03:50.388 V/AmSuperPlayer( 2990): Notify 1 cookie=0xa2accbf0,msg=3,ext1=0,ext2=0
01-22 15:03:50.388 V/MediaPlayerService( 2990): [21] notify (3, 0, 0)
01-22 15:03:50.388 I/amplayer( 2990): [audio_lr_mix_set 1683] p==NULL,set fail audio_lr_mix!!
01-22 15:03:50.388 I/amplayer( 2990): [audio_cur_pcmpara_Applied_get 1708] p==NULL,set fail audio_FsNch_get!!
01-22 15:03:50.388 I/amplayer( 2990): need_start=1, no_buffering_start=0
01-22 15:03:50.388 E/SoftProbeReoprt( 3939): msg.what:306
01-22 15:03:50.389 E/MediaPlayerSystem( 3939): Unknown message type 306
01-22 15:03:50.389 D/MediaPlayerNative( 3939): message received msg=306, ext1=711, ext2=0
01-22 15:03:50.389 I/gefo-browser( 3939): [log][video setChannelData CONFIG_ALL_SETTING:{"helpUrl":"http://223.110.245.148/wh7f454c46tw1220129574_2057503559/ott.js.chinamobile.com/3/16/20200106/278009241/278009241.ts?icpid=3&RTS=1602492172&from=40&popid=40&hms_devid=168&prioritypopid=40&vqe=3","lookback_delaytime":"30","CONFIG_CHANNEL_INTERFACETIME":"-1","m3u8_ts_domain":"","supportEvaluateWithProgramType":"","isShowTopic":"TRUE","show_open_new":"open","show_carousel_channel":"TRUE","DETAIL_SHOW_PREVIEW":"1","isShowSmallLogo":"TRUE","display_live":"1","is_show_programset_calendar":"false","is_enable_rtp_multicast":"false","is_show_screen_bg_picture":"false","is_output_unicast_addr":"FALSE","same_channel_num_flag":"0","is_enable_fcc_fec_multicast":"false","is_show_program_intro_block_recommendation":"true","is_show_count":"1","control_ranking_type_display":"1,2,3","CONFIG_CHANNEL_NUMSHOW":"-1","time_range_display_uuids":"","show_assort_new":"open","channel_extend_action":"","filter4kByAbility":"FALSE","CONFIG_CHANNEL_TOMORROWASSORT":"-1","output_back
01-22 15:03:50.389 I/gefo-browser( 3939): [log][video setChannelData CONFIG_ALL_SETTING:TRUE]
01-22 15:03:50.389 I/gefo-browser( 3939): [log][video setChannelData  window.SHOW_FULLSCREEN_CHANNEL_LIST_LOGO:true]
01-22 15:03:50.390 E/MediaPlayerSystem( 3939): Unknown message type 306
01-22 15:03:50.390 D/MediaPlayerNative( 3939): message received msg=5, ext1=1920, ext2=1080
01-22 15:03:50.390 E/SoftProbeReoprt( 3939): Unknown message type 306
01-22 15:03:50.390 E/SoftProbeReoprt( 3939): msg.what:306
01-22 15:03:50.390 E/SoftProbeReoprt( 3939): Unknown message type 306
01-22 15:03:50.390 E/SoftProbeReoprt( 3939): msg.what:5
01-22 15:03:50.390 E/SoftProbeReoprt( 3939): Unknown message type 5
01-22 15:03:50.393 D/MediaPlayerNative( 3939): message received msg=1, ext1=0, ext2=0
01-22 15:03:50.393 D/MediaPlayerNative( 3939): message received msg=308, ext1=141, ext2=0
01-22 15:03:50.394 D/MediaPlayerNative( 3939): message received msg=3, ext1=0, ext2=0
01-22 15:03:50.394 E/SoftProbeReoprt( 3939): msg.what:308
01-22 15:03:50.394 E/SoftProbeReoprt( 3939): Unknown message type 308
01-22 15:03:50.394 E/SoftProbeReoprt( 3939): msg.what:3
01-22 15:03:50.394 E/SoftProbeReoprt( 3939): Unknown message type 3
01-22 15:03:50.397 I/AmSuperPlayer( 2990): methodId:1, ret=0
01-22 15:03:50.397 V/AmlogicPlayer( 2990): Get track info
01-22 15:03:50.397 I/AmlogicPlayer( 2990): get player_get_streaming_track_info failed, ret=-1
01-22 15:03:50.397 I/AmlogicPlayer( 2990): track_count:2 nb_streams:2, vas:1,1,0
01-22 15:03:50.397 E/AmlogicPlayer( 2990): found video index:0  id:4113  i:0 
01-22 15:03:50.397 E/AmlogicPlayer( 2990): found audio index:1  id:4352  i:1 
01-22 15:03:50.399 E/SoftProbeReoprt( 3939): msg.what:1
01-22 15:03:50.399 W/SoftProbeReoprt( 3939): normalReportHandler media_evt:MEDIA_PREPARED
01-22 15:03:50.402 D/CWMP    ( 5421): type: PREPARE_COMPLETED
01-22 15:03:50.402 D/CWMP    ( 5421): mPlayState: 1
01-22 15:03:50.402 D/CWMP    ( 5421): action: MEDIA_PLAY_MONITOR_MESSAGE
01-22 15:03:50.402 D/CWMP    ( 5421): mCurrentPlayUrl: http://ott.fj.chinamobile.com/PLTV/88888888/224/3221225923/index.m3u8?rrsip=zterr.hvs.fj.chinamobile.com:6060,rrsip=cmhiott.hvs.fj.chinamobile.com,rrsip=183.252.175.68,rrsip=112.50.213.133,rrsip=112.50.213.136,rrsip=11.11.11.0,rrsip=11.11.11.1,rrsip=11.11.11.2,rrsip=11.11.11.3,rrsip=11.11.11.4,rrsip=11.11.11.5,rrsip=11.11.11.6,rrsip=11.11.11.7,rrsip=11.11.11.8,rrsip=11.11.11.9,rrsip=11.11.11.10,rrsip=11.11.11.11,rrsip=11.11.11.12,rrsip=11.11.11.13,rrsip=11.11.11.14,rrsip=11.11.11.15,rrsip=11.11.11.16,rrsip=11.11.11.17,rrsip=11.11.11.18,rrsip=11.11.11.19,rrsip=11.11.11.20,rrsip=11.11.11.21,rrsip=11.11.11.22,rrsip=11.11.11.23,rrsip=11.11.11.24,rrsip=11.11.11.25,rrsip=11.11.11.26,rrsip=11.11.11.27,rrsip=11.11.11.28&zoneoffset=0&servicetype=1&icpid=&accounttype=1&limitflux=-1&limitdur=-1&tenantId=8601&accountinfo=%2C107776620%2C112.49.177.102%2C20240122143013%2C10000100000000050000000001117125%2C10001018224885%2C-1%2C0%2C1%2C%2C%2C2%2C%2C%2C%2C2%2C%2CEND&GuardEncType=2&
01-22 15:03:50.403 E/SoftProbeReoprt( 3939): media TYPE: PREPARE_COMPLETED 
01-22 15:03:50.403 E/SoftProbeReoprt( 3939): media TIME: 1705907030399
01-22 15:03:50.403 E/SoftProbeReoprt( 3939): media ID: 21
01-22 15:03:50.404 E/MediaPlayerSystem( 3939): save_log_in_file:309 mesg:start
01-22 15:03:50.408 V/MediaPlayerService( 2990): [21] setLooping(0)
01-22 15:03:50.408 V/AmSuperPlayer( 2990): [setLooping:507]
01-22 15:03:50.408 V/AmSuperPlayer( 2990): [setLooping:509]
01-22 15:03:50.408 V/AmlogicPlayer( 2990): setLooping
01-22 15:03:50.408 V/AmlogicPlayer( 2990): drop same message,is loop:NO
01-22 15:03:50.409 V/MediaPlayerService( 2990): [21] setVolume(1.000000, 1.000000)
01-22 15:03:50.409 V/AmSuperPlayer( 2990): [hardwareOutput:517]
01-22 15:03:50.409 V/AmSuperPlayer( 2990): [hardwareOutput:519]
01-22 15:03:50.409 V/AudioSink( 2990): setVolume(1.000000, 1.000000)
01-22 15:03:50.412 I/recevier:PlayActionReceiver.onReceive(L:33)( 4842): --PlayActionReceiver--action----MEDIA_PLAY_MONITOR_MESSAGE
01-22 15:03:50.413 I/recevier:BootReceiver.onReceive(L:22)( 4842): ----action----MEDIA_PLAY_MONITOR_MESSAGE
01-22 15:03:50.413 V/MediaPlayerService( 2990): [21] setAuxEffectSendLevel(0.000000)
01-22 15:03:50.413 V/AudioSink( 2990): setAuxEffectSendLevel(0.000000)
01-22 15:03:50.415 V/MediaPlayerService( 2990): [21] start
01-22 15:03:50.419 V/AmSuperPlayer( 2990): [setLooping:507]
01-22 15:03:50.419 V/AmSuperPlayer( 2990): [setLooping:509]
01-22 15:03:50.419 V/AmlogicPlayer( 2990): setLooping
01-22 15:03:50.419 V/AmlogicPlayer( 2990): drop same message,is loop:NO
01-22 15:03:50.419 V/AmSuperPlayer( 2990): [start:322]
01-22 15:03:50.419 V/AmSuperPlayer( 2990): [start:324]
01-22 15:03:50.419 V/AmlogicPlayer( 2990): setLooping
01-22 15:03:50.419 V/AmlogicPlayer( 2990): drop same message,is loop:NO
01-22 15:03:50.419 V/AmlogicPlayer( 2990): start
01-22 15:03:50.419 I/AmlogicPlayer( 2990): GetCallingAPKName /proc/3939/comm,name=[tv.icntv.ott
01-22 15:03:50.419 I/AmlogicPlayer( 2990): ]
01-22 15:03:50.419 I/AmlogicPlayer( 2990): GetCallingAPKName calling apk name...[tv.icntv.ott
01-22 15:03:50.419 I/AmlogicPlayer( 2990): ]
01-22 15:03:50.419 I/AmlogicPlayer( 2990): calling name=[tv.icntv.ott
01-22 15:03:50.419 I/AmlogicPlayer( 2990): ]
01-22 15:03:50.419 I/recevier:PlayActionService$1.handleMessage(L:55)( 4842): --PlayActionService--action----MEDIA_PLAY_MONITOR_MESSAGE
01-22 15:03:50.419 I/recevier:PlayActionService$1.handleMessage(L:72)( 4842): ----------msgType:PREPARE_COMPLETED,intent:Intent { act=MEDIA_PLAY_MONITOR_MESSAGE flg=0x1000010 (has extras) }
01-22 15:03:50.420 I/recevier:CollectQoeData.doAction(L:226)( 4842): ---------id----21
01-22 15:03:50.420 W/recevier:CollectQoeData.doAction(L:384)( 4842): -333-PREPARE_COMPLETED--PREPARE_COMPLETED
01-22 15:03:50.421 W/ServiceManagement( 2987): Waited one second for android.hardware.drm@1.0::IDrmFactory/default. Waiting another...
01-22 15:03:50.422 I/AmlogicPlayer( 2990): AmlogicPlayerRender,usageBits:900,GRALLOC_USAGE_HW_COMPOSER=800
01-22 15:03:50.422 I/AmlogicPlayer( 2990): AmlogicPlayerRender,needosdvideo=0,isHTTPSource=0
01-22 15:03:50.422 I/AmlogicPlayerRender( 2990): AmlogicPlayerRender
01-22 15:03:50.422 I/AmlogicPlayerRender( 2990): AmlogicPlayerRender::onFirstRef
01-22 15:03:50.422 I/AmlogicPlayerRender( 2990): onFirstRef___________amstream_vbuf_______OK
01-22 15:03:50.423 I/AmlogicPlayerRender( 2990): [NativeWindowInit 375]create sideband:tunnel_sync!
01-22 15:03:50.424 I/AmlogicPlayerRender( 2990): [NativeWindowInit 389] set native_window_set_sideband_stream
01-22 15:03:50.424 V/AmSuperPlayer( 2990): Notify 1 cookie=0xa2accbf0,msg=5,ext1=780,ext2=438
01-22 15:03:50.424 V/MediaPlayerService( 2990): [21] notify (5, 1920, 1080)
01-22 15:03:50.424 V/AmSuperPlayer( 2990): Notify 1 cookie=0xa2accbf0,msg=c8,ext1=3,ext2=0
01-22 15:03:50.424 V/MediaPlayerService( 2990): [21] notify (200, 3, 0)
01-22 15:03:50.424 V/AmlogicPlayer( 2990): mPlayerRender->start
01-22 15:03:50.424 D/MediaPlayerNative( 3939): message received msg=5, ext1=1920, ext2=1080
01-22 15:03:50.424 W/recevier:CollectQoeData.doAction(L:388)( 4842): -333-PREPARE_COMPLETED---START_TIME=0---15:03:50.399
01-22 15:03:50.424 I/amplayer( 2990): [player_start_play:enter]pid=21
01-22 15:03:50.424 I/amplayer( 2990): [player_start_play:exit]pid = 21
01-22 15:03:50.424 V/AmSuperPlayer( 2990): Notify 1 cookie=0xa2accbf0,msg=6,ext1=0,ext2=0
01-22 15:03:50.424 I/AmSuperPlayer( 2990): MEDIA_ERROR:msg=6,ext1=0,ext2=0
01-22 15:03:50.424 D/UPLOADACTION( 4842): 21#PREPARE_COMPLETED#1705907030399
01-22 15:03:50.424 V/MediaPlayerService( 2990): [21] notify (6, 0, 0)
01-22 15:03:50.424 V/AmlogicPlayer( 2990): VideoViewOn=-33554433
01-22 15:03:50.424 I/AmlogicPlayer( 2990): media.amplayer.displast_frame is disabled
01-22 15:03:50.424 I/AmlogicPlayer( 2990): service.bootanim.exit is enabled
01-22 15:03:50.424 V/AmlogicPlayer( 2990): set_cpu_freq_scaling_based_auido failed
01-22 15:03:50.425 D/recevier:CollectQoeData.showInfo(L:832)( 4842): showInfo isShow = true
01-22 15:03:50.425 D/MediaPlayerNative( 3939): message received msg=200, ext1=3, ext2=0
01-22 15:03:50.425 W/MediaPlayerNative( 3939): info/warning (3, 0)
01-22 15:03:50.425 E/SoftProbeReoprt( 3939): msg.what:5
01-22 15:03:50.425 E/SoftProbeReoprt( 3939): Unknown message type 5
01-22 15:03:50.425 E/SoftProbeReoprt( 3939): msg.what:200
01-22 15:03:50.425 D/MediaPlayerNative( 3939): message received msg=6, ext1=0, ext2=0
01-22 15:03:50.425 I/amplayer( 2990): [get_message:147]num=0 in_idx=1 out_idx=1 cmd=10
01-22 15:03:50.425 I/amplayer( 2990): pid[21]::[check_start_cmd:1351]ctrl=10 mode=0 info=0 param=0
01-22 15:03:50.425 I/amplayer( 2990): wait START/SEEK cmd cost_time = 37 ms
01-22 15:03:50.425 I/amplayer( 2990): open avpacket cache worker
01-22 15:03:50.426 E/SoftProbeReoprt( 3939): msg.what:6
01-22 15:03:50.427 E/SoftProbeReoprt( 3939): MEDIA_STARTED seek_flag:0StartState:0MsgPlayStartupPending:0
01-22 15:03:50.427 W/SoftProbeReoprt( 3939): normalReportHandler media_evt:MEDIA_STARTED
01-22 15:03:50.430 I/amffmpeg( 2990): Get segment media flag,will use discontinue policy
01-22 15:03:50.430 I/amplayer( 2990): avpkt_cache_update_player_param, bitrate_change_flag=0,hls_media_quality=0,bitrate_change=1,is_segment_media=1
01-22 15:03:50.430 I/amplayer( 2990): sub_stream:0x0
01-22 15:03:50.430 I/amplayer( 2990): cache start time:1705907030425772
01-22 15:03:50.430 I/amplayer( 2990): multi audio track:1
01-22 15:03:50.430 I/amplayer( 2990): [avpkt_cache_update_player_param:1040]has_audio:1,aidx:1,has_video:1,vidx:0,has_sub:0,sidx:-1,bigpktnum:0,bigpktsize:0
01-22 15:03:50.430 I/amplayer( 2990): a_timebase:1.000000, v_timebase:1.000000
01-22 15:03:50.430 I/amplayer( 2990): [avpkt_cache_task_open:4586]creat cache thread success,tid=2562718064
01-22 15:03:50.431 I/amplayer( 2990): avpkt_cache_set_cmd cmd:1, state:2, vin:0, out:0, forward:0, backward:0, fbfr:61, tm:0
01-22 15:03:50.431 I/amplayer( 2990): set_subtitle_num:0
01-22 15:03:50.431 I/amplayer( 2990): [PlayerGetVFilterFormat:84]disable_vdec=real,divx,divx3,divx4, codec_id=1b --
01-22 15:03:50.431 I/amplayer( 2990): [PlayerGetVFilterFormat:162]filter_vfmt=10
01-22 15:03:50.431 I/amplayer( 2990): pid[21]::decoder prepare
01-22 15:03:50.431 I/amplayer( 2990): player_decoder_init, enter
01-22 15:03:50.431 E/Layer   ( 2914): layer [SurfaceView - tv.icntv.ott/com.istv.ystframework.browser.ott.InnerGefoActivity#1] computeScreenBounds - NO PARENT [0, 0, 1920, 1080]
01-22 15:03:50.432 D/MesonDisplay( 2898): setSidebandStream connect to videotunnel 0 successed
01-22 15:03:50.432 D/MesonDisplay( 2898): handleVtThread, set VideoTunnelThread Thread to Enabled
01-22 15:03:50.432 D/MesonHwc( 2898): [waitMixVsync] waitVBlank to get hw vsync timestamp, mPeriod:16666666
01-22 15:03:50.433 D/MesonDisplay( 2898):  fail to onVideoRectChange, mCallback not to register from client 
01-22 15:03:50.431 D/media_ctl( 2990): set media.tsync.av_threshold_min =360000
01-22 15:03:50.434 I/amplayer( 2990): [player_dec_init] set stb source, demux source, hiu
01-22 15:03:50.434 E/amavutils( 2990): unable to open file /sys/class/stb/source,err: No such file or directory
01-22 15:03:50.434 E/amavutils( 2990): unable to open file /sys/class/stb/demux1_source,err: No such file or directory
01-22 15:03:50.434 D/media_ctl( 2990): set media.tsync.enable =1
01-22 15:03:50.434 D/media_ctl( 2990): setstr media.tsync.pts_pcrscr =0x0
01-22 15:03:50.435 I/amplayer( 2990): player_decoder_init, enter--2, decoder->name=ES--
01-22 15:03:50.435 I/amplayer( 2990):  set_video_vide_path map_mode:1
01-22 15:03:50.435 I/amplayer( 2990): [vcodec_info_init:69]Slow/local media detected for ts,used USE_IDR_FRAMERATE
01-22 15:03:50.435 I/amplayer( 2990): [vcodec_info_init:96]video stream_type=1 rate=1
01-22 15:03:50.435 I/amplayer( 2990): [stream_es_init:187]codec_init before
01-22 15:03:50.435 I/amcodec ( 2990): CTC_KPI::Stage 2_1 codec init time,codec_init_begin_time
01-22 15:03:50.435 I/amcodec ( 2990): codec_init: stream_type:1, video_type=2, dec_mode=2
01-22 15:03:50.435 D/recevier:CollectQoeData.showInfo(L:833)( 4842): MainActivity.show = true
01-22 15:03:50.435 I/amcodec ( 2990): video_path:15, vfm_map:add default decoder ppmgr deinterlace tunnel_sync
01-22 15:03:50.435 D/media_ctl( 2990): setstr media.vfm.map =rm default
01-22 15:03:50.435 D/media_ctl( 2990): setstr media.vfm.map =add default decoder ppmgr deinterlace tunnel_sync
01-22 15:03:50.436 D/CWMP    ( 5421): type: PLAY_STARTUP
01-22 15:03:50.436 D/CWMP    ( 5421): mPlayState: 1
01-22 15:03:50.436 D/CWMP    ( 5421): action: MEDIA_PLAY_MONITOR_MESSAGE
01-22 15:03:50.436 D/CWMP    ( 5421): mCurrentPlayUrl: http://ott.fj.chinamobile.com/PLTV/88888888/224/3221225923/index.m3u8?rrsip=zterr.hvs.fj.chinamobile.com:6060,rrsip=cmhiott.hvs.fj.chinamobile.com,rrsip=183.252.175.68,rrsip=112.50.213.133,rrsip=112.50.213.136,rrsip=11.11.11.0,rrsip=11.11.11.1,rrsip=11.11.11.2,rrsip=11.11.11.3,rrsip=11.11.11.4,rrsip=11.11.11.5,rrsip=11.11.11.6,rrsip=11.11.11.7,rrsip=11.11.11.8,rrsip=11.11.11.9,rrsip=11.11.11.10,rrsip=11.11.11.11,rrsip=11.11.11.12,rrsip=11.11.11.13,rrsip=11.11.11.14,rrsip=11.11.11.15,rrsip=11.11.11.16,rrsip=11.11.11.17,rrsip=11.11.11.18,rrsip=11.11.11.19,rrsip=11.11.11.20,rrsip=11.11.11.21,rrsip=11.11.11.22,rrsip=11.11.11.23,rrsip=11.11.11.24,rrsip=11.11.11.25,rrsip=11.11.11.26,rrsip=11.11.11.27,rrsip=11.11.11.28&zoneoffset=0&servicetype=1&icpid=&accounttype=1&limitflux=-1&limitdur=-1&tenantId=8601&accountinfo=%2C107776620%2C112.49.177.102%2C20240122143013%2C10000100000000050000000001117125%2C10001018224885%2C-1%2C0%2C1%2C%2C%2C2%2C%2C%2C%2C2%2C%2CEND&GuardEncType=2&
01-22 15:03:50.437 D/MesonDisplay( 2898): startGameMode
01-22 15:03:50.437 D/MesonDisplay( 2898): handle Game mode ret:-22
01-22 15:03:50.437 W/MesonHwc( 2898): vframe get invalid buffer fd
01-22 15:03:50.438 E/SoftProbeReoprt( 3939): media TYPE: PLAY_STARTUP 
01-22 15:03:50.438 E/SoftProbeReoprt( 3939): media TIME: 1705907030427
01-22 15:03:50.438 E/SoftProbeReoprt( 3939): media ID: 21
01-22 15:03:50.440 I/amplayer( 2990): find first audio keyframe in 0 frames, key_pts:0x1352a6d91
01-22 15:03:50.440 I/amplayer( 2990): keytime = 1705907030440479
01-22 15:03:50.440 I/amplayer( 2990): find first video keyframe in 0 frames, key_pts:0x1352a6a5e, cost_time= 14 ms
01-22 15:03:50.442 D/AuthenticationProvider( 3601): [20240122150350441][net.sunniwell.app.provider.AuthenticationProvider][query][2884]:the code is...=11 
01-22 15:03:50.446 E/MediaPlayerSystem( 3939): Unknown message type 308
01-22 15:03:50.447 E/MediaPlayerSystem( 3939): Unknown message type 309
01-22 15:03:50.448 V/AmSuperPlayer( 2990): [getCurrentPosition:405]
01-22 15:03:50.448 V/AmSuperPlayer( 2990): [getCurrentPosition:407]
01-22 15:03:50.448 V/MediaPlayerService( 2990): [21] getCurrentPosition = 0
01-22 15:03:50.449 V/AmSuperPlayer( 2990): [isPlaying:396]
01-22 15:03:50.449 V/AmSuperPlayer( 2990): [isPlaying:398]
01-22 15:03:50.449 V/MediaPlayerService( 2990): [21] isPlaying: 1
01-22 15:03:50.453 E/Layer   ( 2914): layer [SurfaceView - tv.icntv.ott/com.istv.ystframework.browser.ott.InnerGefoActivity#1] computeScreenBounds - NO PARENT [0, 0, 1920, 1080]
01-22 15:03:50.454 D/MesonDisplay( 2898): startGameMode
01-22 15:03:50.454 D/MesonDisplay( 2898): handle Game mode ret:-22
01-22 15:03:50.454 W/MesonHwc( 2898): vframe get invalid buffer fd
01-22 15:03:50.455 D/MesonDisplay( 2898): recv videotunnel [0] cmd=2 cmdData=1
01-22 15:03:50.455 D/MesonDisplay( 2898): recv cmds mGameMode:1
01-22 15:03:50.455 D/MesonDisplay( 2898): startGameMode
01-22 15:03:50.456 D/pcapcmcc4( 4299): dns log: DNS@1@192.168.1.15#51593#211.138.151.161#53#2066304#2066308#tangula.ysten.com#3#NO_ANSWER#28#1#
01-22 15:03:50.456 D/pcapcmcc4( 4299): 
01-22 15:03:50.469 D/pcapcmcc4( 4299): dns log: DNS@1@192.168.1.15#60776#211.138.151.161#53#2066310#2066314#tangula.ysten.com#1#47.92.101.1,39.100.102.244,39.100.108.193,47.92.138.221#1#1#
01-22 15:03:50.469 D/pcapcmcc4( 4299): 
01-22 15:03:50.470 D/pcapcmcc4( 4299): add_tcp_node_to_list_new:51412 
01-22 15:03:50.470 D/pcapcmcc4( 4299): reset pkg_num!
01-22 15:03:50.475 I/amcodec ( 2990): CTC_KPI::Stage 2_1 codec init time,codec_init_end_time
01-22 15:03:50.475 I/amplayer( 2990): [stream_es_init:189]codec_init ret:0
01-22 15:03:50.475 I/amplayer( 2990): [acodec_info_init:124]audio stream_type=2 afmt=2 apid=4352 asample_rate=0 achannel=0
01-22 15:03:50.475 I/amcodec ( 2990): CTC_KPI::Stage 2_1 codec init time,codec_init_begin_time
01-22 15:03:50.475 I/amcodec ( 2990): codec_init: stream_type:2, video_type=0, dec_mode=2
01-22 15:03:50.477 I/amcodec ( 2990): CTC_KPI::Stage 2_1_2 audio codec init time,codec_init_begin_time
01-22 15:03:50.477 I/amadec  ( 2990): [audio_decode_init 86]
01-22 15:03:50.477 I/amadec  ( 2990): [audiodec_init 739]
01-22 15:03:50.477 I/android-out( 2990): [get_output_func 1574]
01-22 15:03:50.477 I/amadec  ( 2990): media.amplayer.audiocodec = ape,flac,dts,ac3,eac3,wma,wmapro,mp3,aac,vorbis,raac,cook,amr,pcm,adpcm,aac_latm,rm, t->type = aac
01-22 15:03:50.477 D/media_ctl( 2990): get path=/sys/class/audiodsp/digital_raw val =0
01-22 15:03:50.480 I/amadec  ( 2990): set_multichs_prop: aud_cap support channel number: 2 ch
01-22 15:03:50.480 I/amadec  ( 2990): [find_audio_lib 115]audec->format/2 audec->codec_id/0x0
01-22 15:03:50.486 I/recevier:PlayActionReceiver.onReceive(L:33)( 4842): --PlayActionReceiver--action----MEDIA_PLAY_MONITOR_MESSAGE
01-22 15:03:50.487 I/recevier:BootReceiver.onReceive(L:22)( 4842): ----action----MEDIA_PLAY_MONITOR_MESSAGE
01-22 15:03:50.488 I/recevier:PlayActionService$1.handleMessage(L:55)( 4842): --PlayActionService--action----MEDIA_PLAY_MONITOR_MESSAGE
01-22 15:03:50.489 I/recevier:PlayActionService$1.handleMessage(L:72)( 4842): ----------msgType:PLAY_STARTUP,intent:Intent { act=MEDIA_PLAY_MONITOR_MESSAGE flg=0x1000010 (has extras) }
01-22 15:03:50.491 I/recevier:CollectQoeData.doAction(L:226)( 4842): ---------id----21
01-22 15:03:50.493 W/recevier:CollectQoeData.doAction(L:401)( 4842): -444-PLAY_STARTUP--PLAY_STARTUP
01-22 15:03:50.497 W/recevier:CollectQoeData.doAction(L:405)( 4842): -444-PLAY_STARTUP-= startTimesMap.getfalse
01-22 15:03:50.497 I/amadec  ( 2990): Create adec main thread success! tid = -1733289616 
01-22 15:03:50.497 I/amcodec ( 2990): CTC_KPI::Stage 2_1_2 audio codec init time,codec_init_end_time
01-22 15:03:50.497 I/amcodec ( 2990): CTC_KPI::Stage 2_1 codec init time,codec_init_end_time
01-22 15:03:50.497 I/amplayer( 2990): [player_decoder_init:2761]para->codec pointer to acodec!
01-22 15:03:50.497 I/amplayer( 2990): [player_decoder_init] set buf_limited_time_ms to 0
01-22 15:03:50.497 I/amplayer( 2990): after player_decoder_init
01-22 15:03:50.497 I/amplayer( 2990): decoder init cost_time :66 ms
01-22 15:03:50.497 D/media_ctl( 2990): set media.tsync.vpause_flag =0
01-22 15:03:50.497 I/amplayer( 2990): codec_get_adec_state error: 1
01-22 15:03:50.498 I/amplayer( 2990): **[update_state]pid:21 status=START_PLAY(last:INIT_OK) err=0x0 curtime=0 (ms:0) fulltime=-1 lsttime=0
01-22 15:03:50.498 I/amplayer( 2990): **[update_state]abuflevel=0.00000000 vbublevel=0.00000000 sbublevel=0.00000000 abufrp=5a810000 vbufrp=59c00000 read_end=0
01-22 15:03:50.498 I/amplayer( 2990): 
01-22 15:03:50.498 I/amplayer( 2990): [v] idx:0,nb_packets:9, max_seekback:600000, frame_dur:3600, in:9, out:0, left:9, backnum:0, forwnum:9
01-22 15:03:50.498 I/amplayer( 2990): 
01-22 15:03:50.498 I/amplayer( 2990): [a] idx:1,nb_packets:13, max_seekback:1200000, in:13, out:0, backnum:0, forwnum:13
01-22 15:03:50.498 I/amplayer( 2990): [v]discard fid:0,first_fid:4,cur_fid:4,lst_fid:22
01-22 15:03:50.498 I/amplayer( 2990): [a]first_fid:1,cur_fid:1,last_fid:21
01-22 15:03:50.498 W/recevier:CollectQoeData.doAction(L:407)( 4842): -444-PLAY_STARTUP-= startup time1705907030427----15:03:50.427
01-22 15:03:50.498 I/amplayer( 2990): mem:372963,current_ms:0, starttime_ms:0, discont_ms:0, seek_discont_ms:-1
01-22 15:03:50.498 I/amplayer( 2990): duration:in:9, out:0, frame_dur_pts:3600, total_cache_ms:0, playtime_ms:0, cache_ms:0
01-22 15:03:50.498 I/amplayer( 2990): video cache_ms:0
01-22 15:03:50.498 V/AmlogicPlayer( 2990): update_process pid=21, current=0,status=[START_PLAY],last status=[INIT_OK]
01-22 15:03:50.498 I/AmlogicPlayer( 2990): media.amplayer.smooth_region is set to 7200000000.000000
01-22 15:03:50.498 V/AmlogicPlayer( 2990): ratio:10 time inside:0 mplaytime:0 [2066351440 2066277966] 
01-22 15:03:50.498 V/AmlogicPlayer( 2990): Playing percent =0,mPlayTime:0,mStreamTime:0
01-22 15:03:50.498 I/amadec  ( 2990): [audio_channel_lrmix_flag_set] set audec->mix_lr_channel_enable/0 
01-22 15:03:50.498 I/amplayer( 2990): codec_get_adec_state error: 1
01-22 15:03:50.498 I/amplayer( 2990): [check_use_double_write]
01-22 15:03:50.498 I/amplayer( 2990): [is_use_double_write] 
01-22 15:03:50.498 I/amplayer( 2990): [is_use_double_write] video_axis=54 0 1875 1079
01-22 15:03:50.498 I/amplayer( 2990): 
01-22 15:03:50.498 I/amplayer( 2990): [is_use_double_write] window_axis=54 0 1875 1079
01-22 15:03:50.498 I/amplayer( 2990): 
01-22 15:03:50.498 I/amplayer( 2990): [is_use_double_write] video: 1821x1079, window: 1821x1079
01-22 15:03:50.498 I/amplayer( 2990): pid[21]::playback loop... pb=a2ab6540
01-22 15:03:50.499 I/amadec  ( 2990): audio_codec_init
01-22 15:03:50.499 D/UPLOADACTION( 4842): 21#PLAY_STARTUP#1705907030427
01-22 15:03:50.500 D/media_ctl( 2990): set /sys/class/audiodsp/codec_fatal_err =0
01-22 15:03:50.500 I/amadec  ( 2990): [audio_codec_init 692]param:data_width:0 samplerate:0 channel:0 
01-22 15:03:50.501 I/amadec  ( 2990): [audio_codec_init 729]param_applied: bps:16 samplerate:0 channel:0 
01-22 15:03:50.501 I/android-out( 2990): is_passtrough_supported
01-22 15:03:50.501 I/amadec  ( 2990): audec->raw_enable 0 audec->format 2
01-22 15:03:50.501 I/amadec  ( 2990): [OutBufferInit 561] audec->g_bst/0xa2a8ed10
01-22 15:03:50.501 I/amadec  ( 2990): [OutBufferInit 575]pcm buffer init ok buf_size:65536
01-22 15:03:50.501 I/amadec  ( 2990): add=c1105000, size=00001000, phy_offset=00000000, addr_offset=0
01-22 15:03:50.501 D/recevier:CollectQoeData.showInfo(L:832)( 4842): showInfo isShow = true
01-22 15:03:50.502 D/recevier:CollectQoeData.showInfo(L:833)( 4842): MainActivity.show = true
01-22 15:03:50.504 I/amplayer( 2990): Live mode, set media.amplayer.livemode to 0. ret:0
01-22 15:03:50.504 I/amplayer( 2990): pre_running_cost:73
01-22 15:03:50.505 I/amplayer( 2990): [check_and_modify_livemode:1539]livemode 0 --> 1
01-22 15:03:50.505 I/amplayer( 2990): audio[1] used:1, in:15, out:1, forward:14, backward:1
01-22 15:03:50.506 I/amplayer( 2990): **[update_state]pid:21 status=PLAYING(last:START_PLAY) err=0x0 curtime=0 (ms:0) fulltime=-1 lsttime=0
01-22 15:03:50.506 I/amplayer( 2990): **[update_state]abuflevel=0.00000000 vbublevel=0.00000553 sbublevel=0.00000000 abufrp=5a810000 vbufrp=59c00000 read_end=0
01-22 15:03:50.506 I/amplayer( 2990): 
01-22 15:03:50.506 I/amplayer( 2990): [v] idx:0,nb_packets:11, max_seekback:600000, frame_dur:3600, in:11, out:0, left:11, backnum:0, forwnum:11
01-22 15:03:50.506 I/amplayer( 2990): 
01-22 15:03:50.506 I/amplayer( 2990): [a] idx:1,nb_packets:15, max_seekback:1200000, in:15, out:1, backnum:1, forwnum:14
01-22 15:03:50.506 I/amplayer( 2990): [v]discard fid:0,first_fid:4,cur_fid:4,lst_fid:26
01-22 15:03:50.506 I/amplayer( 2990): [a]first_fid:1,cur_fid:2,last_fid:25
01-22 15:03:50.506 I/amplayer( 2990): mem:444017,current_ms:0, starttime_ms:0, discont_ms:0, seek_discont_ms:-1
01-22 15:03:50.506 I/amplayer( 2990): duration:in:11, out:0, frame_dur_pts:3600, total_cache_ms:440, playtime_ms:0, cache_ms:440
01-22 15:03:50.506 I/amplayer( 2990): video cache_ms:440
01-22 15:03:50.506 V/AmlogicPlayer( 2990): update_process pid=21, current=0,status=[PLAYING],last status=[START_PLAY]
01-22 15:03:50.506 W/AmlogicPlayer( 2990): Reset buffering flags.
01-22 15:03:50.506 V/AmlogicPlayer( 2990): Playing percent =0,mPlayTime:0,mStreamTime:0
01-22 15:03:50.506 V/M3uSession( 2990): Got current stream estimate bandwidth,8149724
01-22 15:03:50.506 I/amplayer( 2990): [player_get_bitrate: 1324] Bitrate vrate+arate=8149724 decoder_bitrate=0
01-22 15:03:50.506 E/AmlogicPlayer( 2990): UpdateProcess rate 8149724, download_speed 0 info->status 0
01-22 15:03:50.506 V/AmSuperPlayer( 2990): Notify 1 cookie=0xa2accbf0,msg=c8,ext1=2c1,ext2=7c5adc
01-22 15:03:50.506 D/MediaPlayerNative( 3939): message received msg=200, ext1=705, ext2=8149724
01-22 15:03:50.507 E/SoftProbeReoprt( 3939): msg.what:200
01-22 15:03:50.507 V/AmSuperPlayer( 2990): Notify 1 cookie=0xa2accbf0,msg=c8,ext1=2bf,ext2=0
01-22 15:03:50.507 D/MediaPlayerNative( 3939): message received msg=200, ext1=703, ext2=0
01-22 15:03:50.507 E/SoftProbeReoprt( 3939): msg.what:200
01-22 15:03:50.507 V/AmlogicPlayer( 2990): [UpdateProcess:2484]send PRINT_LOG_START_DECODER
01-22 15:03:50.507 V/AmSuperPlayer( 2990): Notify 1 cookie=0xa2accbf0,msg=133,ext1=0,ext2=0
01-22 15:03:50.507 I/AmSuperPlayer( 2990): MEDIA_ERROR:msg=133,ext1=0,ext2=0
01-22 15:03:50.507 V/MediaPlayerService( 2990): [21] notify (307, 0, 0)
01-22 15:03:50.507 D/MediaPlayerNative( 3939): message received msg=307, ext1=0, ext2=0
01-22 15:03:50.508 E/SoftProbeReoprt( 3939): msg.what:307
01-22 15:03:50.508 V/AmlogicPlayer( 2990): [UpdateProcess:2494]send event:PRINT_LOG_PLAYMODE ms:0,mode=1
01-22 15:03:50.508 E/SoftProbeReoprt( 3939): Unknown message type 307
01-22 15:03:50.508 V/AmSuperPlayer( 2990): Notify 1 cookie=0xa2accbf0,msg=130,ext1=1,ext2=0
01-22 15:03:50.508 I/AmSuperPlayer( 2990): MEDIA_ERROR:msg=130,ext1=1,ext2=0
01-22 15:03:50.508 V/MediaPlayerService( 2990): [21] notify (304, 1, 0)
01-22 15:03:50.508 D/MediaPlayerNative( 3939): message received msg=304, ext1=1, ext2=0
01-22 15:03:50.508 E/MediaPlayerSystem( 3939): Unknown message type 307
01-22 15:03:50.508 E/MediaPlayerSystem( 3939): Unknown message type 304
